Component: ARM Compiler 5.06 update 5 (build 528) Tool: armlink [4d35e2]

==============================================================================

Section Cross References

    startup_stm32f407xx.o(RESET) refers to startup_stm32f407xx.o(STACK) for __initial_sp
    startup_stm32f407xx.o(RESET) refers to startup_stm32f407xx.o(.text) for Reset_Handler
    startup_stm32f407xx.o(RESET) refers to stm32f4xx_it.o(i.NMI_Handler) for NMI_Handler
    startup_stm32f407xx.o(RESET) refers to stm32f4xx_it.o(i.HardFault_Handler) for HardFault_Handler
    startup_stm32f407xx.o(RESET) refers to stm32f4xx_it.o(i.MemManage_Handler) for MemManage_Handler
    startup_stm32f407xx.o(RESET) refers to stm32f4xx_it.o(i.BusFault_Handler) for BusFault_Handler
    startup_stm32f407xx.o(RESET) refers to stm32f4xx_it.o(i.UsageFault_Handler) for UsageFault_Handler
    startup_stm32f407xx.o(RESET) refers to port.o(.emb_text) for SVC_Handler
    startup_stm32f407xx.o(RESET) refers to stm32f4xx_it.o(i.DebugMon_Handler) for DebugMon_Handler
    startup_stm32f407xx.o(RESET) refers to port.o(i.SysTick_Handler) for SysTick_Handler
    startup_stm32f407xx.o(RESET) refers to stm32f4xx_it.o(i.EXTI3_IRQHandler) for EXTI3_IRQHandler
    startup_stm32f407xx.o(RESET) refers to stm32f4xx_it.o(i.EXTI4_IRQHandler) for EXTI4_IRQHandler
    startup_stm32f407xx.o(RESET) refers to stm32f4xx_it.o(i.DMA1_Stream1_IRQHandler) for DMA1_Stream1_IRQHandler
    startup_stm32f407xx.o(RESET) refers to stm32f4xx_it.o(i.CAN1_RX0_IRQHandler) for CAN1_RX0_IRQHandler
    startup_stm32f407xx.o(RESET) refers to stm32f4xx_it.o(i.EXTI9_5_IRQHandler) for EXTI9_5_IRQHandler
    startup_stm32f407xx.o(RESET) refers to stm32f4xx_it.o(i.TIM3_IRQHandler) for TIM3_IRQHandler
    startup_stm32f407xx.o(RESET) refers to stm32f4xx_it.o(i.USART1_IRQHandler) for USART1_IRQHandler
    startup_stm32f407xx.o(RESET) refers to stm32f4xx_it.o(i.USART3_IRQHandler) for USART3_IRQHandler
    startup_stm32f407xx.o(RESET) refers to stm32f4xx_it.o(i.TIM6_DAC_IRQHandler) for TIM6_DAC_IRQHandler
    startup_stm32f407xx.o(RESET) refers to stm32f4xx_it.o(i.DMA2_Stream1_IRQHandler) for DMA2_Stream1_IRQHandler
    startup_stm32f407xx.o(RESET) refers to stm32f4xx_it.o(i.CAN2_RX0_IRQHandler) for CAN2_RX0_IRQHandler
    startup_stm32f407xx.o(RESET) refers to stm32f4xx_it.o(i.DMA2_Stream5_IRQHandler) for DMA2_Stream5_IRQHandler
    startup_stm32f407xx.o(RESET) refers to stm32f4xx_it.o(i.DMA2_Stream6_IRQHandler) for DMA2_Stream6_IRQHandler
    startup_stm32f407xx.o(RESET) refers to stm32f4xx_it.o(i.DMA2_Stream7_IRQHandler) for DMA2_Stream7_IRQHandler
    startup_stm32f407xx.o(RESET) refers to stm32f4xx_it.o(i.USART6_IRQHandler) for USART6_IRQHandler
    startup_stm32f407xx.o(.text) refers to system_stm32f4xx.o(i.SystemInit) for SystemInit
    startup_stm32f407xx.o(.text) refers to entry.o(.ARM.Collect$$$$00000000) for __main
    main.o(i.HAL_TIM_PeriodElapsedCallback) refers to stm32f4xx_hal.o(i.HAL_IncTick) for HAL_IncTick
    main.o(i.HAL_TIM_PeriodElapsedCallback) refers to util_debug.o(.data) for g_uart6_print_flag
    main.o(i.SystemClock_Config) refers to memseta.o(.text) for __aeabi_memclr4
    main.o(i.SystemClock_Config) refers to stm32f4xx_hal_rcc.o(i.HAL_RCC_OscConfig) for HAL_RCC_OscConfig
    main.o(i.SystemClock_Config) refers to main.o(i.Error_Handler) for Error_Handler
    main.o(i.SystemClock_Config) refers to stm32f4xx_hal_rcc.o(i.HAL_RCC_ClockConfig) for HAL_RCC_ClockConfig
    main.o(i.main) refers to stm32f4xx_hal.o(i.HAL_Init) for HAL_Init
    main.o(i.main) refers to main.o(i.SystemClock_Config) for SystemClock_Config
    main.o(i.main) refers to gpio.o(i.MX_GPIO_Init) for MX_GPIO_Init
    main.o(i.main) refers to dma.o(i.MX_DMA_Init) for MX_DMA_Init
    main.o(i.main) refers to can.o(i.MX_CAN1_Init) for MX_CAN1_Init
    main.o(i.main) refers to can.o(i.MX_CAN2_Init) for MX_CAN2_Init
    main.o(i.main) refers to spi.o(i.MX_SPI1_Init) for MX_SPI1_Init
    main.o(i.main) refers to tim.o(i.MX_TIM1_Init) for MX_TIM1_Init
    main.o(i.main) refers to usart.o(i.MX_USART3_UART_Init) for MX_USART3_UART_Init
    main.o(i.main) refers to tim.o(i.MX_TIM8_Init) for MX_TIM8_Init
    main.o(i.main) refers to tim.o(i.MX_TIM12_Init) for MX_TIM12_Init
    main.o(i.main) refers to usart.o(i.MX_USART6_UART_Init) for MX_USART6_UART_Init
    main.o(i.main) refers to usart.o(i.MX_USART1_UART_Init) for MX_USART1_UART_Init
    main.o(i.main) refers to tim.o(i.MX_TIM3_Init) for MX_TIM3_Init
    main.o(i.main) refers to app_init.o(i.Init_InitAll) for Init_InitAll
    main.o(i.main) refers to periph_autoaim.o(i.usart1_tx_dma_init) for usart1_tx_dma_init
    main.o(i.main) refers to periph_autoaim.o(i.usart1_rx_dma_init) for usart1_rx_dma_init
    main.o(i.main) refers to stm32f4xx_hal_tim.o(i.HAL_TIM_Base_Start_IT) for HAL_TIM_Base_Start_IT
    main.o(i.main) refers to freertos.o(i.MX_FREERTOS_Init) for MX_FREERTOS_Init
    main.o(i.main) refers to cmsis_os.o(i.osKernelStart) for osKernelStart
[...]
    GM_Rotete_flag_Behind                    0x20000208   Data           4  app_autoaim.o(.data)
    Time_count                               0x2000020c   Data           4  app_autoaim.o(.data)
    CR_yaw_Angle_Index                       0x20000210   Data           1  app_autoaim.o(.data)
    CR_yaw_Angle_CNT                         0x20000211   Data           1  app_autoaim.o(.data)
    loop_j                                   0x20000212   Data           1  app_autoaim.o(.data)
    friction_wheel_count                     0x20000214   Data           4  app_autoaim.o(.data)
    kalman_yaw                               0x20000218   Data           4  app_autoaim.o(.data)
    kalman_pitch                             0x2000021c   Data           4  app_autoaim.o(.data)
    kalman_yaw_feedforward                   0x20000220   Data           4  app_autoaim.o(.data)
    update_flag                              0x20000224   Data           1  app_autoaim.o(.data)
    Last_CameraDetectTarget_Flag             0x20000228   Data           4  app_autoaim.o(.data)
    E_TEST                                   0x2000022c   Data           4  app_autoaim.o(.data)
    E_TEST1                                  0x20000230   Data           4  app_autoaim.o(.data)
    E_TEST2                                  0x20000234   Data           4  app_autoaim.o(.data)
    E_TEST3                                  0x20000238   Data           4  app_autoaim.o(.data)
    camera_send_flag                         0x2000023c   Data           4  app_autoaim.o(.data)
    autoaim_mode_flag                        0x20000240   Data           4  app_autoaim.o(.data)
    state_distacne                           0x20000244   Data           1  app_autoaim.o(.data)
    count_Sendtosight                        0x20000248   Data           4  app_autoaim.o(.data)
    yaw_add_little                           0x2000024c   Data           4  app_autoaim.o(.data)
    pitch_add_little                         0x20000250   Data           4  app_autoaim.o(.data)
    shoot_num                                0x20000254   Data           4  app_autoaim.o(.data)
    real_shoot_speed_save                    0x20000258   Data          20  app_autoaim.o(.data)
    remaining_shoot_num                      0x2000026c   Data           4  app_autoaim.o(.data)
    last_remaining_shoot_num                 0x20000270   Data           4  app_autoaim.o(.data)
    average_shoot_speed                      0x20000274   Data           4  app_autoaim.o(.data)
    last_shoot_speed                         0x20000278   Data           4  app_autoaim.o(.data)
    TestM                                    0x20000284   Data           4  module_gimbal.o(.data)
    out_put_data                             0x20000288   Data           4  module_gimbal.o(.data)
    imu_error                                0x2000028c   Data           4  module_gimbal.o(.data)
    IMUfdb                                   0x20000290   Data           4  module_gimbal.o(.data)
    gimbalyaw_fdb                            0x20000294   Data           4  module_gimbal.o(.data)
    test_referee                             0x20000298   Data           4  module_shoot.o(.data)
    BMI088_ACCEL_SEN                         0x200002cc   Data           4  periph_bmi088.o(.data)
    BMI088_GYRO_SEN                          0x200002d0   Data           4  periph_bmi088.o(.data)
    Const_BMI088_SPI_HANDLER                 0x200002d4   Data           4  periph_bmi088.o(.data)
    gyro_scale_factor                        0x200002d8   Data          36  periph_bmi088.o(.data)
    accel_scale_factor                       0x200002fc   Data          36  periph_bmi088.o(.data)
    error                                    0x20000320   Data           1  periph_bmi088.o(.data)
    Const_Referee_UART_HANDLER               0x20000324   Data           4  periph_referee.o(.data)
    testm                                    0x20000328   Data           1  periph_referee.o(.data)
    Const_Remote_UART_HANDLER                0x2000032c   Data           4  periph_remote.o(.data)
    errcode_1                                0x20000330   Data           1  periph_remote.o(.data)
    AIM_TEXT                                 0x20000334   Data           4  periph_draw.o(.data)
    STR_TEXT_Shoot1                          0x20000338   Data           4  periph_draw.o(.data)
    STR_TEXT_Shoot2                          0x2000033c   Data           4  periph_draw.o(.data)
    STR_TEXT_Shoot3                          0x20000340   Data           4  periph_draw.o(.data)
    LASER_START                              0x20000348   Data          20  util_gpio.o(.data)
    CS_ACCEL_START                           0x2000035c   Data          20  util_gpio.o(.data)
    CS_GYRO_START                            0x20000370   Data          20  util_gpio.o(.data)
    BMI_INT1_START                           0x20000384   Data          20  util_gpio.o(.data)
    BMI_INT2_START                           0x20000398   Data          20  util_gpio.o(.data)
    CS_ACCEL                                 0x200003ac   Data           4  util_gpio.o(.data)
    CS_GYRO                                  0x200003b0   Data           4  util_gpio.o(.data)
    BMI_INT1                                 0x200003b4   Data           4  util_gpio.o(.data)
    BMI_INT2                                 0x200003b8   Data           4  util_gpio.o(.data)
    LASER                                    0x200003bc   Data           4  util_gpio.o(.data)
    Const_Debug_UART_HANDLER                 0x200003c0   Data           4  util_debug.o(.data)
    g_uart6_print_flag                       0x200003c5   Data           1  util_debug.o(.data)
    test_lens                                0x200003c8   Data           4  util_debug.o(.data)
    SysTime                                  0x200003d0   Data           8  sys_dwt.o(.data)
    CYCCNT64                                 0x200003f0   Data           8  sys_dwt.o(.data)
    Const_SERVO_INIT_OFFSET                  0x20000410   Data           4  sys_const.o(.data)
    MOUSE_YAW_ANGLE_TO_FACT                  0x20000414   Data           4  sys_const.o(.data)
    MOUSE_CHASSIS_MAX_SPEED                  0x20000418   Data           4  sys_const.o(.data)
    Const_PITCH_UMAXANGLE                    0x2000041c   Data           4  sys_const.o(.data)
    Const_PITCH_UMAXANGLE_GRYO               0x20000420   Data           4  sys_const.o(.data)
    Const_PITCH_DMAXANGLE                    0x20000424   Data           4  sys_const.o(.data)
    Const_YAW_MAXANGLE                       0x20000428   Data           4  sys_const.o(.data)
    KP_MIN                                   0x2000042c   Data           4  sys_const.o(.data)
    KP_MAX                                   0x20000430   Data           4  sys_const.o(.data)
    KD_MIN                                   0x20000434   Data           4  sys_const.o(.data)
    KD_MAX                                   0x20000438   Data           4  sys_const.o(.data)
    Const_DMPITCH_UMAXANGLE                  0x2000043c   Data           4  sys_const.o(.data)
    Const_DMPITCH_DMAXANGLE                  0x20000440   Data           4  sys_const.o(.data)
    Const_PITCH_MOTOR_INIT_OFFSETf           0x20000444   Data           4  sys_const.o(.data)
    DM_KP                                    0x20000448   Data           4  sys_const.o(.data)
    DM_KD                                    0x2000044c   Data           4  sys_const.o(.data)
    DMpitchrefMax                            0x20000450   Data           4  sys_const.o(.data)
    DMpitchrefMin                            0x20000454   Data           4  sys_const.o(.data)
    VisionPitch                              0x20000458   Data           4  sys_const.o(.data)
    QuaternionEKF_P                          0x2000045c   Data         144  sys_const.o(.data)
    CRC8                                     0x200004ec   Data           1  alg_crc.o(.data)
    CRC8_INIT                                0x200004ed   Data           1  alg_crc.o(.data)
    CRC16                                    0x200004ee   Data           2  alg_crc.o(.data)
    CRC16_INIT                               0x200004f0   Data           2  alg_crc.o(.data)
    block                                    0x20000540   Data           4  protocol_common.o(.data)
    ProtocolCmd_Send                         0x2000054c   Data          32  protocol_transmit.o(.data)
    dt_tick3                                 0x2000056c   Data           4  protocol_transmit.o(.data)
    dt_3                                     0x20000570   Data           4  protocol_transmit.o(.data)
    dt_tick4                                 0x20000574   Data           4  protocol_transmit.o(.data)
    dt_4                                     0x20000578   Data           4  protocol_transmit.o(.data)
    dt_tick5                                 0x2000057c   Data           4  protocol_transmit.o(.data)
    dt_5                                     0x20000580   Data           4  protocol_transmit.o(.data)
    dt_tick6                                 0x20000584   Data           4  protocol_transmit.o(.data)
    dt_6                                     0x20000588   Data           4  protocol_transmit.o(.data)
    __microlib_freelist                      0x2000058c   Data           4  mvars.o(.data)
    __microlib_freelist_initialised          0x20000590   Data           4  mvars.o(.data)
    hcan1                                    0x20000c40   Data          40  can.o(.bss)
    hcan2                                    0x20000c68   Data          40  can.o(.bss)
    hspi1                                    0x20000c90   Data          88  spi.o(.bss)
    hdma_spi1_rx                             0x20000ce8   Data          96  spi.o(.bss)
    hdma_spi1_tx                             0x20000d48   Data          96  spi.o(.bss)
    htim1                                    0x20000da8   Data          72  tim.o(.bss)
    htim3                                    0x20000df0   Data          72  tim.o(.bss)
    htim8                                    0x20000e38   Data          72  tim.o(.bss)
    htim12                                   0x20000e80   Data          72  tim.o(.bss)
    huart1                                   0x20000ec8   Data          72  usart.o(.bss)
    huart3                                   0x20000f10   Data          72  usart.o(.bss)
    huart6                                   0x20000f58   Data          72  usart.o(.bss)
    hdma_usart1_rx                           0x20000fa0   Data          96  usart.o(.bss)
    hdma_usart1_tx                           0x20001000   Data          96  usart.o(.bss)
    hdma_usart3_rx                           0x20001060   Data          96  usart.o(.bss)
    hdma_usart6_rx                           0x200010c0   Data          96  usart.o(.bss)
    hdma_usart6_tx                           0x20001120   Data          96  usart.o(.bss)
    htim6                                    0x20001180   Data          72  stm32f4xx_hal_timebase_tim.o(.bss)
    xQueueRegistry                           0x200011c8   Data          64  queue.o(.bss)
    INS                                      0x20007408   Data         136  app_ins.o(.bss)
    Param                                    0x20007490   Data          28  app_ins.o(.bss)
    Gimbal_YawVisionPID                      0x200074ac   Data          44  app_remote.o(.bss)
    USART1_TX_BUF                            0x200074d8   Data         400  app_autoaim.o(.bss)
    USART1_RX_BUF                            0x20007668   Data         400  app_autoaim.o(.bss)
    ChariqotRecognition_data                 0x200077f8   Data          60  app_autoaim.o(.bss)
    Distance_buf                             0x20007834   Data          20  app_autoaim.o(.bss)
    CR_ringBuffer                            0x20007848   Data          64  app_autoaim.o(.bss)
    CR_yaw_Angle                             0x20007888   Data          80  app_autoaim.o(.bss)
    Sendtosight                              0x200078d8   Data          14  app_autoaim.o(.bss)
    visionDataSend                           0x200078e6   Data          16  app_autoaim.o(.bss)
    visionDataGet                            0x200078f6   Data          16  app_autoaim.o(.bss)
    RXdata                                   0x20007906   Data          15  app_autoaim.o(.bss)
    GimbalPitch_gimbalPitchControlData       0x20007918   Data         284  module_gimbal.o(.bss)
    GimbalYaw_gimbalYawControlData           0x20007a34   Data         284  module_gimbal.o(.bss)
    Shooter_ShooterControl                   0x20007b50   Data         588  module_shoot.o(.bss)
    Chassis_ControlData                      0x20007d9c   Data        1664  module_chassis.o(.bss)
    Chassis_StatusData                       0x2000841c   Data          40  module_chassis.o(.bss)
    CapHeader                                0x20008444   Data          24  module_power.o(.bss)
    SuperCap                                 0x2000845c   Data          16  module_power.o(.bss)
    Motor_groupHandle                        0x2000846c   Data          16  periph_motor.o(.bss)
    Motor_ChassisMotors                      0x2000847c   Data          52  periph_motor.o(.bss)
    Motor_PitchMotors                        0x200084b0   Data          52  periph_motor.o(.bss)
    Motor_ShootMotors                        0x200084e4   Data          52  periph_motor.o(.bss)
    Motor_ShootMotors1                       0x20008518   Data          52  periph_motor.o(.bss)
    Motor_ChassisFontRightMotor              0x2000854c   Data          84  periph_motor.o(.bss)
    Motor_ChassisFontLeftMotor               0x200085a0   Data          84  periph_motor.o(.bss)
    Motor_ChassisBackLeftMotor               0x200085f4   Data          84  periph_motor.o(.bss)
    Motor_ChassisBackRightMotor              0x20008648   Data          84  periph_motor.o(.bss)
    Motor_PitchMotor                         0x2000869c   Data          84  periph_motor.o(.bss)
    Motor_YawMotor                           0x200086f0   Data          84  periph_motor.o(.bss)
    Motor_ShootLeftMotor                     0x20008744   Data          84  periph_motor.o(.bss)
    Motor_ShootRightMotor                    0x20008798   Data          84  periph_motor.o(.bss)
    Motor_FeedMotor                          0x200087ec   Data          84  periph_motor.o(.bss)
    BMI088_BMI088Data                        0x20008840   Data         100  periph_bmi088.o(.bss)
    Referee_TxData                           0x200088a8   Data         300  periph_referee.o(.bss)
    Referee_RxData                           0x200089d4   Data         300  periph_referee.o(.bss)
    Referee_RefereeData                      0x20008b00   Data          72  periph_referee.o(.bss)
    Remote_RxData                            0x20008b48   Data          54  periph_remote.o(.bss)
    Remote_RemoteData                        0x20008b80   Data          44  periph_remote.o(.bss)
    motor                                    0x20008bac   Data         272  periph_dmmotor.o(.bss)
    Referee_DrawData                         0x20008cbc   Data          16  periph_draw.o(.bss)
    Referee_dummyGraphicCmd                  0x20008ccc   Data          15  periph_draw.o(.bss)
    graphicData                              0x20008cdb   Data         451  periph_draw.o(.bss)
    Can_RxHeader                             0x20008ea0   Data          28  util_can.o(.bss)
    Can_RxData                               0x20008ebc   Data         200  util_can.o(.bss)
    QuaternionEKF_K                          0x20008f88   Data          72  alg_quaternionekf.o(.bss)
    QuaternionEKF_H                          0x20008fd0   Data          72  alg_quaternionekf.o(.bss)
    QEKF_INS                                 0x20009018   Data         480  alg_quaternionekf.o(.bss)
    BusComm_TxData                           0x200091f8   Data         100  protocol_common.o(.bss)
    BusComm_RxData                           0x2000925c   Data         100  protocol_common.o(.bss)
    Protocol_Data                            0x200092c0   Data          28  protocol_common.o(.bss)
    Protocol_CAN_TxhEADER                    0x200092dc   Data          24  protocol_transmit.o(.bss)
    __heap_base                              0x200092f8   Data           0  startup_stm32f407xx.o(HEAP)
    __heap_limit                             0x2000b2f8   Data           0  startup_stm32f407xx.o(HEAP)
    __initial_sp                             0x2000f2f8   Data           0  startup_stm32f407xx.o(STACK)



==============================================================================

Memory Map of the image

  Image Entry point : 0x08000189

  Load Region LR_IROM1 (Base: 0x08000000, Size: 0x00012abc, Max: 0x00100000, ABSOLUTE, COMPRESSED[0x00012674])

    Execution Region ER_IROM1 (Exec base: 0x08000000, Load base: 0x08000000, Size: 0x00012524, Max: 0x00100000, ABSOLUTE)

    Exec Addr    Load Addr    Size         Type   Attr      Idx    E Section Name        Object

    0x08000000   0x08000000   0x00000188   Data   RO            3    RESET               startup_stm32f407xx.o
    0x08000188   0x08000188   0x00000000   Code   RO         9386  * .ARM.Collect$$$$00000000  mc_w.l(entry.o)
    0x08000188   0x08000188   0x00000004   Code   RO         9491    .ARM.Collect$$$$00000001  mc_w.l(entry2.o)
    0x0800018c   0x0800018c   0x00000004   Code   RO         9494    .ARM.Collect$$$$00000004  mc_w.l(entry5.o)
    0x08000190   0x08000190   0x00000000   Code   RO         9496    .ARM.Collect$$$$00000008  mc_w.l(entry7b.o)
    0x08000190   0x08000190   0x00000000   Code   RO         9498    .ARM.Collect$$$$0000000A  mc_w.l(entry8b.o)
    0x08000190   0x08000190   0x00000008   Code   RO         9499    .ARM.Collect$$$$0000000B  mc_w.l(entry9a.o)
    0x08000198   0x08000198   0x00000000   Code   RO         9501    .ARM.Collect$$$$0000000D  mc_w.l(entry10a.o)
    0x08000198   0x08000198   0x00000000   Code   RO         9503    .ARM.Collect$$$$0000000F  mc_w.l(entry11a.o)
    0x08000198   0x08000198   0x00000004   Code   RO         9492    .ARM.Collect$$$$00002712  mc_w.l(entry2.o)
    0x0800019c   0x0800019c   0x000000be   Code   RO         5487    .emb_text           port.o
    0x0800025a   0x0800025a   0x00000002   PAD
    0x0800025c   0x0800025c   0x00000024   Code   RO            4    .text               startup_stm32f407xx.o
    0x08000280   0x08000280   0x00000062   Code   RO         9389    .text               mc_w.l(uldiv.o)
    0x080002e2   0x080002e2   0x00000024   Code   RO         9391    .text               mc_w.l(memcpya.o)
    0x08000306   0x08000306   0x00000024   Code   RO         9395    .text               mc_w.l(memseta.o)
    0x0800032a   0x0800032a   0x0000000e   Code   RO         9397    .text               mc_w.l(strlen.o)
    0x08000338   0x08000338   0x0000014e   Code   RO         9457    .text               mf_w.l(dadd.o)
    0x08000486   0x08000486   0x000000e4   Code   RO         9459    .text               mf_w.l(dmul.o)
    0x0800056a   0x0800056a   0x00000032   Code   RO         9465    .text               mf_w.l(dfixui.o)
    0x0800059c   0x0800059c   0x00000026   Code   RO         9467    .text               mf_w.l(f2d.o)
    0x080005c2   0x080005c2   0x00000002   PAD
    0x080005c4   0x080005c4   0x00000030   Code   RO         9469    .text               mf_w.l(cdcmple.o)
    0x080005f4   0x080005f4   0x00000030   Code   RO         9471    .text               mf_w.l(cdrcmple.o)
    0x08000624   0x08000624   0x00000038   Code   RO         9473    .text               mf_w.l(d2f.o)
    0x0800065c   0x0800065c   0x0000001e   Code   RO         9510    .text               mc_w.l(llshl.o)
    0x0800067a   0x0800067a   0x00000020   Code   RO         9512    .text               mc_w.l(llushr.o)
    0x0800069a   0x0800069a   0x00000024   Code   RO         9514    .text               mc_w.l(llsshr.o)
    0x080006be   0x080006be   0x00000000   Code   RO         9527    .text               mc_w.l(iusefp.o)
    0x080006be   0x080006be   0x0000006e   Code   RO         9528    .text               mf_w.l(fepilogue.o)
    0x0800072c   0x0800072c   0x000000ba   Code   RO         9530    .text               mf_w.l(depilogue.o)
    0x080007e6   0x080007e6   0x00000002   PAD
    0x080007e8   0x080007e8   0x00000024   Code   RO         9538    .text               mc_w.l(init.o)
    0x0800080c   0x0800080c   0x00000056   Code   RO         9563    .text               mc_w.l(__dczerorl2.o)
    0x08000862   0x08000862   0x00000002   PAD
    0x08000864   0x08000864   0x000000a0   Code   RO         9161    .text.arm_cos_f32   arm_cortexM4lf_math.lib(arm_cos_f32.o)
    0x08000904   0x08000904   0x000000be   Code   RO         9181    .text.arm_mat_add_f32  arm_cortexM4lf_math.lib(arm_mat_add_f32.o)
    0x080009c2   0x080009c2   0x00000008   Code   RO         9191    .text.arm_mat_init_f32  arm_cortexM4lf_math.lib(arm_mat_init_f32.o)
    0x080009ca   0x080009ca   0x00000002   PAD
    0x080009cc   0x080009cc   0x000002d0   Code   RO         9200    .text.arm_mat_inverse_f32  arm_cortexM4lf_math.lib(arm_mat_inverse_f32.o)
    0x08000c9c   0x08000c9c   0x0000013c   Code   RO         9210    .text.arm_mat_mult_f32  arm_cortexM4lf_math.lib(arm_mat_mult_f32.o)
    0x08000dd8   0x08000dd8   0x000000be   Code   RO         9220    .text.arm_mat_sub_f32  arm_cortexM4lf_math.lib(arm_mat_sub_f32.o)
    0x08000e96   0x08000e96   0x00000002   PAD
    0x08000e98   0x08000e98   0x000000b2   Code   RO         9230    .text.arm_mat_trans_f32  arm_cortexM4lf_math.lib(arm_mat_trans_f32.o)
    0x08000f4a   0x08000f4a   0x00000002   PAD
    0x08000f4c   0x08000f4c   0x00000098   Code   RO         9171    .text.arm_sin_f32   arm_cortexM4lf_math.lib(arm_sin_f32.o)
    0x08000fe4   0x08000fe4   0x000001c8   Code   RO         7091    i.BMI088_BMI088AccelInit  periph_bmi088.o
    0x080011ac   0x080011ac   0x0000042c   Code   RO         7093    i.BMI088_BMI088AccelTest  periph_bmi088.o
    0x080015d8   0x080015d8   0x00000264   Code   RO         7094    i.BMI088_BMI088DecodeData  periph_bmi088.o
    0x0800183c   0x0800183c   0x0000018c   Code   RO         7095    i.BMI088_BMI088GyroInit  periph_bmi088.o
    0x080019c8   0x080019c8   0x00000164   Code   RO         7097    i.BMI088_BMI088GyroTest  periph_bmi088.o
    0x08001b2c   0x08001b2c   0x00000008   Code   RO         7099    i.BMI088_GetBMI088DataPtr  periph_bmi088.o
    0x08001b34   0x08001b34   0x0000010c   Code   RO         7100    i.BMI088_GetOffset  periph_bmi088.o
    0x08001c40   0x08001c40   0x00000054   Code   RO         7101    i.BMI088_Init       periph_bmi088.o
    0x08001c94   0x08001c94   0x00000026   Code   RO         7102    i.BMI088_IsBMI088Offline  periph_bmi088.o
    0x08001cba   0x08001cba   0x00000002   PAD
    0x08001cbc   0x08001cbc   0x00000054   Code   RO         7103    i.BMI088_ResetBMI088Data  periph_bmi088.o
    0x08001d10   0x08001d10   0x00000504   Code   RO         7104    i.BMI088_SetOffset  periph_bmi088.o
    0x08002214   0x08002214   0x0000015a   Code   RO         5849    i.BodyFrameToEarthFrame  app_ins.o
    0x0800236e   0x0800236e   0x00000004   Code   RO          658    i.BusFault_Handler  stm32f4xx_it.o
    0x08002372   0x08002372   0x00000002   PAD
    0x08002374   0x08002374   0x00000010   Code   RO          659    i.CAN1_RX0_IRQHandler  stm32f4xx_it.o
    0x08002384   0x08002384   0x00000010   Code   RO          660    i.CAN2_RX0_IRQHandler  stm32f4xx_it.o
    0x08002394   0x08002394   0x00000034   Code   RO         8549    i.CRC_GetCRC16CheckSum  alg_crc.o
    0x080023c8   0x080023c8   0x00000024   Code   RO         8550    i.CRC_GetCRC8CheckSum  alg_crc.o
    0x080023ec   0x080023ec   0x00000040   Code   RO         8551    i.CRC_VerifyCRC16CheckSum  alg_crc.o
    0x0800242c   0x0800242c   0x00000034   Code   RO         8552    i.CRC_VerifyCRC8CheckSum  alg_crc.o
    0x08002460   0x08002460   0x00000006   Code   RO         7798    i.Can_ErrorHandler  util_can.o
    0x08002466   0x08002466   0x00000002   PAD
    0x08002468   0x08002468   0x00000070   Code   RO         7799    i.Can_InitFilterAndStart  util_can.o
    0x080024d8   0x080024d8   0x00000012   Code   RO         7800    i.Can_InitTxHeader  util_can.o
    0x080024ea   0x080024ea   0x00000002   PAD
    0x080024ec   0x080024ec   0x00000050   Code   RO         7801    i.Can_RxMessageCallback  util_can.o
    0x0800253c   0x0800253c   0x00000020   Code   RO         7802    i.Can_SendMessage   util_can.o
    0x0800255c   0x0800255c   0x00000008   Code   RO         6645    i.Chassis_ChassisPtr  module_chassis.o
    0x08002564   0x08002564   0x00000148   Code   RO         6646    i.Chassis_Control   module_chassis.o
    0x080026ac   0x080026ac   0x00000778   Code   RO         6647    i.Chassis_InitChassis  module_chassis.o
    0x08002e24   0x08002e24   0x00000034   Code   RO         6648    i.Chassis_Output    module_chassis.o
    0x08002e58   0x08002e58   0x0000000e   Code   RO         6650    i.Chassis_SetChassisMode  module_chassis.o
    0x08002e66   0x08002e66   0x00000002   PAD
    0x08002e68   0x08002e68   0x000004b8   Code   RO         6652    i.Chassis_SetChassisRef  module_chassis.o
    0x08003320   0x08003320   0x000000ac   Code   RO         6653    i.Chassis_SetChassisYawAngle  module_chassis.o
    0x080033cc   0x080033cc   0x00000008   Code   RO         6654    i.Chassis_StatusPtr  module_chassis.o
    0x080033d4   0x080033d4   0x0000001c   Code   RO         6247    i.Chassis_Task      app_chassis.o
    0x080033f0   0x080033f0   0x0000000e   Code   RO         5567    i.Comm_Task         app_communicate.o
    0x080033fe   0x080033fe   0x00000002   PAD
    0x08003400   0x08003400   0x00000010   Code   RO          661    i.DMA1_Stream1_IRQHandler  stm32f4xx_it.o
    0x08003410   0x08003410   0x00000010   Code   RO          662    i.DMA2_Stream1_IRQHandler  stm32f4xx_it.o
    0x08003420   0x08003420   0x00000010   Code   RO          663    i.DMA2_Stream5_IRQHandler  stm32f4xx_it.o
    0x08003430   0x08003430   0x00000010   Code   RO          664    i.DMA2_Stream6_IRQHandler  stm32f4xx_it.o
    0x08003440   0x08003440   0x00000010   Code   RO          665    i.DMA2_Stream7_IRQHandler  stm32f4xx_it.o
    0x08003450   0x08003450   0x00000034   Code   RO         2599    i.DMA_CalcBaseAndBitshift  stm32f4xx_hal_dma.o
    0x08003484   0x08003484   0x000000aa   Code   RO         2600    i.DMA_CheckFifoParam  stm32f4xx_hal_dma.o
    0x0800352e   0x0800352e   0x0000002c   Code   RO         2601    i.DMA_SetConfig     stm32f4xx_hal_dma.o
    0x0800355a   0x0800355a   0x00000002   PAD
    0x0800355c   0x0800355c   0x00000030   Code   RO         8291    i.DWT_CNT_Update    sys_dwt.o
    0x0800358c   0x0800358c   0x0000003c   Code   RO         8292    i.DWT_Delay         sys_dwt.o
    0x080035c8   0x080035c8   0x0000004c   Code   RO         8293    i.DWT_GetDeltaT     sys_dwt.o
    0x08003614   0x08003614   0x00000054   Code   RO         8296    i.DWT_GetTimeline_s  sys_dwt.o
    0x08003668   0x08003668   0x00000068   Code   RO         8298    i.DWT_Init          sys_dwt.o
    0x080036d0   0x080036d0   0x000000d0   Code   RO         8299    i.DWT_SysTimeUpdate  sys_dwt.o
    0x080037a0   0x080037a0   0x00000002   Code   RO          666    i.DebugMon_Handler  stm32f4xx_it.o
    0x080037a2   0x080037a2   0x00000002   PAD
    0x080037a4   0x080037a4   0x00000054   Code   RO         7640    i.Draw_AddLine      periph_draw.o
    0x080037f8   0x080037f8   0x00000038   Code   RO         7641    i.Draw_ClearAll     periph_draw.o
    0x08003830   0x08003830   0x0000002c   Code   RO         7642    i.Draw_ClearLayer   periph_draw.o
    0x0800385c   0x0800385c   0x00000070   Code   RO         7643    i.Draw_String       periph_draw.o
    0x080038cc   0x080038cc   0x0000000a   Code   RO          667    i.EXTI3_IRQHandler  stm32f4xx_it.o
    0x080038d6   0x080038d6   0x0000000a   Code   RO          668    i.EXTI4_IRQHandler  stm32f4xx_it.o
    0x080038e0   0x080038e0   0x0000000a   Code   RO          669    i.EXTI9_5_IRQHandler  stm32f4xx_it.o
    0x080038ea   0x080038ea   0x0000015a   Code   RO         5850    i.EarthFrameToBodyFrame  app_ins.o
    0x08003a44   0x08003a44   0x00000006   Code   RO           13    i.Error_Handler     main.o
    0x08003a4a   0x08003a4a   0x00000058   Code   RO         8426    i.Filter_LowPass    alg_filter.o
    0x08003aa2   0x08003aa2   0x00000006   Code   RO         8427    i.Filter_LowPassInit  alg_filter.o
    0x08003aa8   0x08003aa8   0x00000012   Code   RO         7932    i.GPIO_ReadPin      util_gpio.o
    0x08003aba   0x08003aba   0x0000001e   Code   RO         7933    i.GPIO_Reset        util_gpio.o
    0x08003ad8   0x08003ad8   0x0000001e   Code   RO         7934    i.GPIO_Set          util_gpio.o
    0x08003af6   0x08003af6   0x000000b6   Code   RO         6172    i.GetVisionData     app_autoaim.o
    0x08003bac   0x08003bac   0x000000b0   Code   RO         6314    i.GimbalPitch_Control  module_gimbal.o
    0x08003c5c   0x08003c5c   0x00000008   Code   RO         6315    i.GimbalPitch_GetGimbalPitchPtr  module_gimbal.o
    0x08003c64   0x08003c64   0x000000fc   Code   RO         6316    i.GimbalPitch_InitGimbalPitch  module_gimbal.o
    0x08003d60   0x08003d60   0x0000002c   Code   RO         6317    i.GimbalPitch_Output  module_gimbal.o
    0x08003d8c   0x08003d8c   0x00000058   Code   RO         6320    i.GimbalPitch_SetPitchRef  module_gimbal.o
    0x08003de4   0x08003de4   0x000000a4   Code   RO         6321    i.GimbalYaw_Control  module_gimbal.o
    0x08003e88   0x08003e88   0x00000008   Code   RO         6322    i.GimbalYaw_GetGimbalYawPtr  module_gimbal.o
    0x08003e90   0x08003e90   0x000000f0   Code   RO         6323    i.GimbalYaw_InitGimbalYaw  module_gimbal.o
    0x08003f80   0x08003f80   0x0000000e   Code   RO         6328    i.GimbalYaw_SetYawRef  module_gimbal.o
    0x08003f8e   0x08003f8e   0x00000002   PAD
    0x08003f90   0x08003f90   0x0000005c   Code   RO         6329    i.Gimbal_DMLimitPitch  module_gimbal.o
    0x08003fec   0x08003fec   0x0000008c   Code   RO         6330    i.Gimbal_LimitYaw   module_gimbal.o
    0x08004078   0x08004078   0x00000040   Code   RO         5797    i.Gimbal_Task       app_gimbal.o
    0x080040b8   0x080040b8   0x0000002a   Code   RO         1862    i.HAL_CAN_ActivateNotification  stm32f4xx_hal_can.o
    0x080040e2   0x080040e2   0x0000014a   Code   RO         1863    i.HAL_CAN_AddTxMessage  stm32f4xx_hal_can.o
    0x0800422c   0x0800422c   0x00000120   Code   RO         1864    i.HAL_CAN_ConfigFilter  stm32f4xx_hal_can.o
    0x0800434c   0x0800434c   0x00000002   Code   RO         1867    i.HAL_CAN_ErrorCallback  stm32f4xx_hal_can.o
    0x0800434e   0x0800434e   0x00000194   Code   RO         1870    i.HAL_CAN_GetRxMessage  stm32f4xx_hal_can.o
    0x080044e2   0x080044e2   0x00000036   Code   RO         1872    i.HAL_CAN_GetTxMailboxesFreeLevel  stm32f4xx_hal_can.o
    0x08004518   0x08004518   0x0000024e   Code   RO         1874    i.HAL_CAN_IRQHandler  stm32f4xx_hal_can.o
    0x08004766   0x08004766   0x00000174   Code   RO         1875    i.HAL_CAN_Init      stm32f4xx_hal_can.o
    0x080048da   0x080048da   0x00000002   PAD
    0x080048dc   0x080048dc   0x00000160   Code   RO          412    i.HAL_CAN_MspInit   can.o
    0x08004a3c   0x08004a3c   0x00000002   Code   RO         1882    i.HAL_CAN_RxFifo0FullCallback  stm32f4xx_hal_can.o
    0x08004a3e   0x08004a3e   0x00000002   PAD
    0x08004a40   0x08004a40   0x00000030   Code   RO         7803    i.HAL_CAN_RxFifo0MsgPendingCallback  util_can.o
    0x08004a70   0x08004a70   0x00000002   Code   RO         1884    i.HAL_CAN_RxFifo1FullCallback  stm32f4xx_hal_can.o
    0x08004a72   0x08004a72   0x00000002   PAD
    0x08004a74   0x08004a74   0x00000030   Code   RO         7804    i.HAL_CAN_RxFifo1MsgPendingCallback  util_can.o
    0x08004aa4   0x08004aa4   0x00000002   Code   RO         1886    i.HAL_CAN_SleepCallback  stm32f4xx_hal_can.o
    0x08004aa6   0x08004aa6   0x0000005e   Code   RO         1887    i.HAL_CAN_Start     stm32f4xx_hal_can.o
    0x08004b04   0x08004b04   0x00000002   Code   RO         1889    i.HAL_CAN_TxMailbox0AbortCallback  stm32f4xx_hal_can.o
    0x08004b06   0x08004b06   0x00000002   Code   RO         1890    i.HAL_CAN_TxMailbox0CompleteCallback  stm32f4xx_hal_can.o
    0x08004b08   0x08004b08   0x00000002   Code   RO         1891    i.HAL_CAN_TxMailbox1AbortCallback  stm32f4xx_hal_can.o
    0x08004b0a   0x08004b0a   0x00000002   Code   RO         1892    i.HAL_CAN_TxMailbox1CompleteCallback  stm32f4xx_hal_can.o
    0x08004b0c   0x08004b0c   0x00000002   Code   RO         1893    i.HAL_CAN_TxMailbox2AbortCallback  stm32f4xx_hal_can.o
    0x08004b0e   0x08004b0e   0x00000002   Code   RO         1894    i.HAL_CAN_TxMailbox2CompleteCallback  stm32f4xx_hal_can.o
    0x08004b10   0x08004b10   0x00000002   Code   RO         1896    i.HAL_CAN_WakeUpFromRxMsgCallback  stm32f4xx_hal_can.o
    0x08004b12   0x08004b12   0x000000ac   Code   RO         2602    i.HAL_DMA_Abort     stm32f4xx_hal_dma.o
    0x08004bbe   0x08004bbe   0x00000028   Code   RO         2603    i.HAL_DMA_Abort_IT  stm32f4xx_hal_dma.o
    0x08004be6   0x08004be6   0x00000002   PAD
    0x08004be8   0x08004be8   0x00000240   Code   RO         2607    i.HAL_DMA_IRQHandler  stm32f4xx_hal_dma.o
    0x08004e28   0x08004e28   0x000000ec   Code   RO         2608    i.HAL_DMA_Init      stm32f4xx_hal_dma.o
    0x08004f14   0x08004f14   0x00000066   Code   RO         2611    i.HAL_DMA_Start     stm32f4xx_hal_dma.o
    0x08004f7a   0x08004f7a   0x00000002   PAD
    0x08004f7c   0x08004f7c   0x00000028   Code   RO         3044    i.HAL_Delay         stm32f4xx_hal.o
    0x08004fa4   0x08004fa4   0x00000002   Code   RO         2493    i.HAL_GPIO_EXTI_Callback  stm32f4xx_hal_gpio.o
    0x08004fa6   0x08004fa6   0x00000002   PAD
    0x08004fa8   0x08004fa8   0x0000001c   Code   RO         2494    i.HAL_GPIO_EXTI_IRQHandler  stm32f4xx_hal_gpio.o
    0x08004fc4   0x08004fc4   0x000001f4   Code   RO         2495    i.HAL_GPIO_Init     stm32f4xx_hal_gpio.o
    0x080051b8   0x080051b8   0x00000010   Code   RO         2497    i.HAL_GPIO_ReadPin  stm32f4xx_hal_gpio.o
    0x080051c8   0x080051c8   0x0000000c   Code   RO         2499    i.HAL_GPIO_WritePin  stm32f4xx_hal_gpio.o
    0x080051d4   0x080051d4   0x0000000c   Code   RO         3050    i.HAL_GetTick       stm32f4xx_hal.o
    0x080051e0   0x080051e0   0x00000018   Code   RO         3056    i.HAL_IncTick       stm32f4xx_hal.o
    0x080051f8   0x080051f8   0x0000003c   Code   RO         3057    i.HAL_Init          stm32f4xx_hal.o
    0x08005234   0x08005234   0x000000b4   Code   RO          838    i.HAL_InitTick      stm32f4xx_hal_timebase_tim.o
    0x080052e8   0x080052e8   0x00000054   Code   RO          814    i.HAL_MspInit       stm32f4xx_hal_msp.o
    0x0800533c   0x0800533c   0x00000028   Code   RO         2887    i.HAL_NVIC_EnableIRQ  stm32f4xx_hal_cortex.o
    0x08005364   0x08005364   0x0000007c   Code   RO         2893    i.HAL_NVIC_SetPriority  stm32f4xx_hal_cortex.o
    0x080053e0   0x080053e0   0x00000028   Code   RO         2894    i.HAL_NVIC_SetPriorityGrouping  stm32f4xx_hal_cortex.o
    0x08005408   0x08005408   0x00000184   Code   RO         2096    i.HAL_RCC_ClockConfig  stm32f4xx_hal_rcc.o
    0x0800558c   0x0800558c   0x00000044   Code   RO         2100    i.HAL_RCC_GetClockConfig  stm32f4xx_hal_rcc.o
    0x080055d0   0x080055d0   0x0000000c   Code   RO         2101    i.HAL_RCC_GetHCLKFreq  stm32f4xx_hal_rcc.o
    0x080055dc   0x080055dc   0x00000020   Code   RO         2103    i.HAL_RCC_GetPCLK1Freq  stm32f4xx_hal_rcc.o
    0x080055fc   0x080055fc   0x00000020   Code   RO         2104    i.HAL_RCC_GetPCLK2Freq  stm32f4xx_hal_rcc.o
    0x0800561c   0x0800561c   0x000000b0   Code   RO         2105    i.HAL_RCC_GetSysClockFreq  stm32f4xx_hal_rcc.o
    0x080056cc   0x080056cc   0x0000049c   Code   RO         2108    i.HAL_RCC_OscConfig  stm32f4xx_hal_rcc.o
    0x08005b68   0x08005b68   0x000000c8   Code   RO         3306    i.HAL_SPI_Init      stm32f4xx_hal_spi.o
    0x08005c30   0x08005c30   0x00000158   Code   RO          485    i.HAL_SPI_MspInit   spi.o
    0x08005d88   0x08005d88   0x00000248   Code   RO         3315    i.HAL_SPI_TransmitReceive  stm32f4xx_hal_spi.o
    0x08005fd0   0x08005fd0   0x00000002   Code   RO         1594    i.HAL_TIMEx_BreakCallback  stm32f4xx_hal_tim_ex.o
    0x08005fd2   0x08005fd2   0x00000002   Code   RO         1595    i.HAL_TIMEx_CommutCallback  stm32f4xx_hal_tim_ex.o
    0x08005fd4   0x08005fd4   0x00000074   Code   RO         1597    i.HAL_TIMEx_ConfigBreakDeadTime  stm32f4xx_hal_tim_ex.o
    0x08006048   0x08006048   0x000000b4   Code   RO         1613    i.HAL_TIMEx_MasterConfigSynchronization  stm32f4xx_hal_tim_ex.o
    0x080060fc   0x080060fc   0x00000066   Code   RO          879    i.HAL_TIM_Base_Init  stm32f4xx_hal_tim.o
    0x08006162   0x08006162   0x00000002   PAD
    0x08006164   0x08006164   0x000000a4   Code   RO          527    i.HAL_TIM_Base_MspInit  tim.o
    0x08006208   0x08006208   0x000000a8   Code   RO          884    i.HAL_TIM_Base_Start_IT  stm32f4xx_hal_tim.o
    0x080062b0   0x080062b0   0x0000010c   Code   RO          888    i.HAL_TIM_ConfigClockSource  stm32f4xx_hal_tim.o
    0x080063bc   0x080063bc   0x00000002   Code   RO          913    i.HAL_TIM_IC_CaptureCallback  stm32f4xx_hal_tim.o
    0x080063be   0x080063be   0x0000016c   Code   RO          927    i.HAL_TIM_IRQHandler  stm32f4xx_hal_tim.o
    0x0800652a   0x0800652a   0x00000002   PAD
    0x0800652c   0x0800652c   0x00000060   Code   RO          528    i.HAL_TIM_MspPostInit  tim.o
    0x0800658c   0x0800658c   0x00000002   Code   RO          930    i.HAL_TIM_OC_DelayElapsedCallback  stm32f4xx_hal_tim.o
    0x0800658e   0x0800658e   0x00000104   Code   RO          951    i.HAL_TIM_PWM_ConfigChannel  stm32f4xx_hal_tim.o
    0x08006692   0x08006692   0x00000066   Code   RO          954    i.HAL_TIM_PWM_Init  stm32f4xx_hal_tim.o
    0x080066f8   0x080066f8   0x00000034   Code   RO          530    i.HAL_TIM_PWM_MspInit  tim.o
    0x0800672c   0x0800672c   0x00000002   Code   RO          957    i.HAL_TIM_PWM_PulseFinishedCallback  stm32f4xx_hal_tim.o
    0x0800672e   0x0800672e   0x00000002   PAD
    0x08006730   0x08006730   0x0000002c   Code   RO           14    i.HAL_TIM_PeriodElapsedCallback  main.o
    0x0800675c   0x0800675c   0x00000002   Code   RO          970    i.HAL_TIM_TriggerCallback  stm32f4xx_hal_tim.o
    0x0800675e   0x0800675e   0x00000002   Code   RO         3629    i.HAL_UARTEx_RxEventCallback  stm32f4xx_hal_uart.o
    0x08006760   0x08006760   0x00000002   Code   RO         3643    i.HAL_UART_ErrorCallback  stm32f4xx_hal_uart.o
    0x08006762   0x08006762   0x00000002   PAD
    0x08006764   0x08006764   0x00000308   Code   RO         3646    i.HAL_UART_IRQHandler  stm32f4xx_hal_uart.o
    0x08006a6c   0x08006a6c   0x00000076   Code   RO         3647    i.HAL_UART_Init     stm32f4xx_hal_uart.o
    0x08006ae2   0x08006ae2   0x00000002   PAD
    0x08006ae4   0x08006ae4   0x0000034c   Code   RO          605    i.HAL_UART_MspInit  usart.o
    0x08006e30   0x08006e30   0x00000002   Code   RO         3653    i.HAL_UART_RxCpltCallback  stm32f4xx_hal_uart.o
    0x08006e32   0x08006e32   0x000000be   Code   RO         3655    i.HAL_UART_Transmit  stm32f4xx_hal_uart.o
    0x08006ef0   0x08006ef0   0x0000001c   Code   RO         8200    i.HAL_UART_TxCpltCallback  util_debug.o
    0x08006f0c   0x08006f0c   0x00000004   Code   RO          670    i.HardFault_Handler  stm32f4xx_it.o
    0x08006f10   0x08006f10   0x00000008   Code   RO         5852    i.INS_GetINSPtr     app_ins.o
    0x08006f18   0x08006f18   0x00000078   Code   RO         5853    i.INS_Init          app_ins.o
    0x08006f90   0x08006f90   0x0000007c   Code   RO         5605    i.Init_InitAll      app_init.o
    0x0800700c   0x0800700c   0x0000001c   Code   RO         5606    i.Init_Task         app_init.o
    0x08007028   0x08007028   0x000002e0   Code   RO         5854    i.Ins_Task          app_ins.o
    0x08007308   0x08007308   0x00000036   Code   RO         6007    i.Is_Key_Triggered  app_remote.o
    0x0800733e   0x0800733e   0x00000118   Code   RO         8472    i.Kalman_Adjustment_H_K_R  alg_kalman.o
    0x08007456   0x08007456   0x00000662   Code   RO         8473    i.Kalman_FilterInit  alg_kalman.o
    0x08007ab8   0x08007ab8   0x00000038   Code   RO         8474    i.Kalman_FilterMeasure  alg_kalman.o
    0x08007af0   0x08007af0   0x00000068   Code   RO         8475    i.Kalman_FilterPUpdate  alg_kalman.o
    0x08007b58   0x08007b58   0x00000068   Code   RO         8476    i.Kalman_FilterPminusUpdate  alg_kalman.o
    0x08007bc0   0x08007bc0   0x000000d2   Code   RO         8477    i.Kalman_FilterSetK  alg_kalman.o
    0x08007c92   0x08007c92   0x00000114   Code   RO         8478    i.Kalman_FilterUpdate  alg_kalman.o
    0x08007da6   0x08007da6   0x0000007c   Code   RO         8479    i.Kalman_FilterxhatMinusUpdate  alg_kalman.o
    0x08007e22   0x08007e22   0x00000086   Code   RO         8480    i.Kalman_FilterxhatUpdate  alg_kalman.o
    0x08007ea8   0x08007ea8   0x00000044   Code   RO          413    i.MX_CAN1_Init      can.o
    0x08007eec   0x08007eec   0x00000044   Code   RO          414    i.MX_CAN2_Init      can.o
    0x08007f30   0x08007f30   0x000000b8   Code   RO          460    i.MX_DMA_Init       dma.o
    0x08007fe8   0x08007fe8   0x00000124   Code   RO          300    i.MX_FREERTOS_Init  freertos.o
    0x0800810c   0x0800810c   0x000001d4   Code   RO          264    i.MX_GPIO_Init      gpio.o
    0x080082e0   0x080082e0   0x00000048   Code   RO          486    i.MX_SPI1_Init      spi.o
    0x08008328   0x08008328   0x00000050   Code   RO          531    i.MX_TIM12_Init     tim.o
    0x08008378   0x08008378   0x000000b0   Code   RO          532    i.MX_TIM1_Init      tim.o
    0x08008428   0x08008428   0x00000070   Code   RO          533    i.MX_TIM3_Init      tim.o
    0x08008498   0x08008498   0x00000070   Code   RO          534    i.MX_TIM8_Init      tim.o
    0x08008508   0x08008508   0x00000038   Code   RO          606    i.MX_USART1_UART_Init  usart.o
    0x08008540   0x08008540   0x0000003c   Code   RO          607    i.MX_USART3_UART_Init  usart.o
    0x0800857c   0x0800857c   0x00000038   Code   RO          608    i.MX_USART6_UART_Init  usart.o
    0x080085b4   0x080085b4   0x00000020   Code   RO         8620    i.Math_Angle2Rad    alg_math.o
    0x080085d4   0x080085d4   0x0000005a   Code   RO         8623    i.Math_Differential  alg_math.o
    0x0800862e   0x0800862e   0x0000000a   Code   RO         8626    i.Math_InitSlopeParam  alg_math.o
    0x08008638   0x08008638   0x0000003c   Code   RO         8627    i.Math_InvSqrt      alg_math.o
    0x08008674   0x08008674   0x00000004   Code   RO          671    i.MemManage_Handler  stm32f4xx_it.o
    0x08008678   0x08008678   0x00000084   Code   RO         6784    i.Motor_EncoderDecodeCallback  periph_motor.o
    0x080086fc   0x080086fc   0x00000050   Code   RO         6785    i.Motor_GetMotorOutput  periph_motor.o
    0x0800874c   0x0800874c   0x0000014c   Code   RO         6786    i.Motor_InitAllMotors  periph_motor.o
    0x08008898   0x08008898   0x0000004c   Code   RO         6787    i.Motor_InitMotor   periph_motor.o
    0x080088e4   0x080088e4   0x00000044   Code   RO         6788    i.Motor_InitMotorGroup  periph_motor.o
    0x08008928   0x08008928   0x00000034   Code   RO         6789    i.Motor_IsAnyMotorOffline  periph_motor.o
    0x0800895c   0x0800895c   0x0000002a   Code   RO         6790    i.Motor_IsMotorOffline  periph_motor.o
    0x08008986   0x08008986   0x00000084   Code   RO         6791    i.Motor_SendMotorGroupOutput  periph_motor.o
    0x08008a0a   0x08008a0a   0x00000006   Code   RO         6793    i.Motor_SetMotorOutput  periph_motor.o
    0x08008a10   0x08008a10   0x00000006   Code   RO         6794    i.Motor_SetMotorOutputChassic  periph_motor.o
    0x08008a16   0x08008a16   0x00000008   Code   RO         6174    i.MyUART_Init       app_autoaim.o
    0x08008a1e   0x08008a1e   0x00000004   Code   RO          672    i.NMI_Handler       stm32f4xx_it.o
    0x08008a22   0x08008a22   0x0000000e   Code   RO         8698    i.PID_AddPIDRef     alg_pid.o
    0x08008a30   0x08008a30   0x0000035c   Code   RO         8699    i.PID_CalcPID       alg_pid.o
    0x08008d8c   0x08008d8c   0x00000070   Code   RO         8700    i.PID_ClearPID      alg_pid.o
    0x08008dfc   0x08008dfc   0x00000006   Code   RO         8701    i.PID_GetPIDFdb     alg_pid.o
    0x08008e02   0x08008e02   0x00000006   Code   RO         8702    i.PID_GetPIDOutput  alg_pid.o
    0x08008e08   0x08008e08   0x00000006   Code   RO         8703    i.PID_GetPIDRef     alg_pid.o
    0x08008e0e   0x08008e0e   0x00000002   PAD
    0x08008e10   0x08008e10   0x000001e8   Code   RO         8704    i.PID_GimbalYawVisionPID_Calc  alg_pid.o
    0x08008ff8   0x08008ff8   0x00000050   Code   RO         8705    i.PID_GimbalYawVisionPID_Init  alg_pid.o
    0x08009048   0x08009048   0x0000008a   Code   RO         8706    i.PID_InitPIDParam  alg_pid.o
    0x080090d2   0x080090d2   0x00000006   Code   RO         8707    i.PID_SetPIDFdb     alg_pid.o
    0x080090d8   0x080090d8   0x00000006   Code   RO         8708    i.PID_SetPIDRef     alg_pid.o
    0x080090de   0x080090de   0x0000000c   Code   RO         7217    i.P_ext_game_result  periph_referee.o
    0x080090ea   0x080090ea   0x00000012   Code   RO         7218    i.P_ext_game_robot_HP  periph_referee.o
    0x080090fc   0x080090fc   0x00000014   Code   RO         7219    i.P_ext_game_robot_pos  periph_referee.o
    0x08009110   0x08009110   0x00000068   Code   RO         7220    i.P_ext_game_robot_status  periph_referee.o
    0x08009178   0x08009178   0x0000002a   Code   RO         7221    i.P_ext_game_status  periph_referee.o
    0x080091a2   0x080091a2   0x00000012   Code   RO         7222    i.P_ext_power_heat_data  periph_referee.o
    0x080091b4   0x080091b4   0x00000018   Code   RO         7223    i.P_ext_referee_warning  periph_referee.o
    0x080091cc   0x080091cc   0x00000024   Code   RO         7224    i.P_ext_robot_hurt  periph_referee.o
    0x080091f0   0x080091f0   0x00000032   Code   RO         7225    i.P_ext_shoot_data  periph_referee.o
    0x08009222   0x08009222   0x00000002   PAD
    0x08009224   0x08009224   0x00000374   Code   RO         5855    i.Param_Correction  app_ins.o
    0x08009598   0x08009598   0x00000068   Code   RO         6735    i.Parse_SuperCap_Feedback  module_power.o
    0x08009600   0x08009600   0x00000008   Code   RO         8941    i.Protocol_GetBusDataPtr  protocol_common.o
    0x08009608   0x08009608   0x00000008   Code   RO         8942    i.Protocol_InitProtocol  protocol_common.o
    0x08009610   0x08009610   0x00000020   Code   RO         8943    i.Protocol_IsProtocolOffline  protocol_common.o
    0x08009630   0x08009630   0x00000010   Code   RO         8944    i.Protocol_ResetProtocolData  protocol_common.o
    0x08009640   0x08009640   0x00000010   Code   RO         8945    i.Protocol_SendBlockError  protocol_common.o
    0x08009650   0x08009650   0x000000b0   Code   RO         8946    i.Protocol_SendProtocolData  protocol_common.o
    0x08009700   0x08009700   0x00000238   Code   RO         8784    i.QuaternionEKF_F_Linearization_P_Fading  alg_quaternionekf.o
    0x08009938   0x08009938   0x00000130   Code   RO         8785    i.QuaternionEKF_Init  alg_quaternionekf.o
    0x08009a68   0x08009a68   0x00000034   Code   RO         8786    i.QuaternionEKF_Observe  alg_quaternionekf.o
    0x08009a9c   0x08009a9c   0x00000124   Code   RO         8787    i.QuaternionEKF_SetH  alg_quaternionekf.o
    0x08009bc0   0x08009bc0   0x0000063c   Code   RO         8788    i.QuaternionEKF_Update  alg_quaternionekf.o
    0x0800a1fc   0x0800a1fc   0x000004fc   Code   RO         8789    i.QuaternionEKF_xhatUpdate  alg_quaternionekf.o
    0x0800a6f8   0x0800a6f8   0x00000080   Code   RO         7226    i.Referee_DecodeRefereeData  periph_referee.o
    0x0800a778   0x0800a778   0x000000a8   Code   RO         7644    i.Referee_DrawingBufferFlush  periph_draw.o
    0x0800a820   0x0800a820   0x00000034   Code   RO         7645    i.Referee_DrawingBufferPush  periph_draw.o
    0x0800a854   0x0800a854   0x0000002c   Code   RO         7646    i.Referee_DrawingBufferPushDummy  periph_draw.o
    0x0800a880   0x0800a880   0x00000028   Code   RO         7227    i.Referee_GetClientIDByRobotID  periph_referee.o
    0x0800a8a8   0x0800a8a8   0x00000008   Code   RO         7228    i.Referee_GetRefereeDataPtr  periph_referee.o
    0x0800a8b0   0x0800a8b0   0x00000034   Code   RO         7229    i.Referee_InitReferee  periph_referee.o
    0x0800a8e4   0x0800a8e4   0x00000014   Code   RO         7647    i.Referee_IsDrawingBufferEmpty  periph_draw.o
    0x0800a8f8   0x0800a8f8   0x000000d8   Code   RO         7648    i.Referee_MaintainDisplay  periph_draw.o
    0x0800a9d0   0x0800a9d0   0x000000fc   Code   RO         7649    i.Referee_PackGraphicData  periph_draw.o
    0x0800aacc   0x0800aacc   0x0000005c   Code   RO         7650    i.Referee_PackStringGraphicData  periph_draw.o
    0x0800ab28   0x0800ab28   0x00000064   Code   RO         7231    i.Referee_ParseRefereeCmd  periph_referee.o
    0x0800ab8c   0x0800ab8c   0x00000034   Code   RO         7232    i.Referee_ParseRobotCustomData  periph_referee.o
    0x0800abc0   0x0800abc0   0x00000088   Code   RO         7233    i.Referee_RXCallback  periph_referee.o
    0x0800ac48   0x0800ac48   0x0000001c   Code   RO         7234    i.Referee_ResetRefereeData  periph_referee.o
    0x0800ac64   0x0800ac64   0x000000b8   Code   RO         7651    i.Referee_SendDrawingCmd  periph_draw.o
    0x0800ad1c   0x0800ad1c   0x00000044   Code   RO         7652    i.Referee_SendDrawingStringCmd  periph_draw.o
    0x0800ad60   0x0800ad60   0x000000d0   Code   RO         7235    i.Referee_SendInteractiveData  periph_referee.o
    0x0800ae30   0x0800ae30   0x00000014   Code   RO         7653    i.Referee_SetAimMode  periph_draw.o
    0x0800ae44   0x0800ae44   0x00000010   Code   RO         7654    i.Referee_SetMode   periph_draw.o
    0x0800ae54   0x0800ae54   0x00000022   Code   RO         7655    i.Referee_Setup     periph_draw.o
    0x0800ae76   0x0800ae76   0x00000002   PAD
    0x0800ae78   0x0800ae78   0x00000074   Code   RO         7656    i.Referee_SetupAimLine  periph_draw.o
    0x0800aeec   0x0800aeec   0x00000048   Code   RO         7657    i.Referee_SetupModeDisplay  periph_draw.o
    0x0800af34   0x0800af34   0x0000000e   Code   RO         6146    i.Referee_Task      app_referee.o
    0x0800af42   0x0800af42   0x00000014   Code   RO         7658    i.Referee_Update    periph_draw.o
    0x0800af56   0x0800af56   0x00000002   PAD
    0x0800af58   0x0800af58   0x00000080   Code   RO         7659    i.Referee_UpdateAimLine  periph_draw.o
    0x0800afd8   0x0800afd8   0x00000064   Code   RO         7660    i.Referee_UpdateModeDisplay  periph_draw.o
    0x0800b03c   0x0800b03c   0x0000000a   Code   RO         7429    i.Remote_CancelChannelOffset  periph_remote.o
    0x0800b046   0x0800b046   0x00000002   PAD
    0x0800b048   0x0800b048   0x00000050   Code   RO         6008    i.Remote_ControlCom  app_remote.o
    0x0800b098   0x0800b098   0x000001d2   Code   RO         7430    i.Remote_DecodeKeyboardData  periph_remote.o
    0x0800b26a   0x0800b26a   0x00000100   Code   RO         7431    i.Remote_DecodeRemoteData  periph_remote.o
    0x0800b36a   0x0800b36a   0x00000002   PAD
    0x0800b36c   0x0800b36c   0x00000008   Code   RO         6009    i.Remote_GetControlDataPtr  app_remote.o
    0x0800b374   0x0800b374   0x00000008   Code   RO         7432    i.Remote_GetRemoteDataPtr  periph_remote.o
    0x0800b37c   0x0800b37c   0x00000030   Code   RO         7433    i.Remote_InitRemote  periph_remote.o
    0x0800b3ac   0x0800b3ac   0x00000048   Code   RO         7434    i.Remote_IsRemoteError  periph_remote.o
    0x0800b3f4   0x0800b3f4   0x0000002c   Code   RO         7435    i.Remote_IsRemoteOffline  periph_remote.o
    0x0800b420   0x0800b420   0x000003c8   Code   RO         6010    i.Remote_KeyMouseProcess  app_remote.o
    0x0800b7e8   0x0800b7e8   0x000000ac   Code   RO         6011    i.Remote_MouseShooterModeSet  app_remote.o
    0x0800b894   0x0800b894   0x00000048   Code   RO         7436    i.Remote_RXCallback  periph_remote.o
    0x0800b8dc   0x0800b8dc   0x000002f8   Code   RO         6012    i.Remote_RemoteProcess  app_remote.o
    0x0800bbd4   0x0800bbd4   0x000001ac   Code   RO         6013    i.Remote_RemoteShooterModeSet  app_remote.o
    0x0800bd80   0x0800bd80   0x00000024   Code   RO         6014    i.Remote_RemotrControlInit  app_remote.o
    0x0800bda4   0x0800bda4   0x00000046   Code   RO         7437    i.Remote_ResetRemoteData  periph_remote.o
    0x0800bdea   0x0800bdea   0x0000000e   Code   RO         6015    i.Remote_Task       app_remote.o
    0x0800bdf8   0x0800bdf8   0x00000002   Code   RO         7438    i.Remote_ToSwitchState  periph_remote.o
    0x0800bdfa   0x0800bdfa   0x00000002   PAD
    0x0800bdfc   0x0800bdfc   0x00000088   Code   RO         3344    i.SPI_EndRxTxTransaction  stm32f4xx_hal_spi.o
    0x0800be84   0x0800be84   0x000000d8   Code   RO         3349    i.SPI_WaitFlagStateUntilTimeout  stm32f4xx_hal_spi.o
    0x0800bf5c   0x0800bf5c   0x00000088   Code   RO         6175    i.SendVisionData    app_autoaim.o
    0x0800bfe4   0x0800bfe4   0x00000034   Code   RO         6176    i.SendVisionData_Init  app_autoaim.o
    0x0800c018   0x0800c018   0x00000012   Code   RO         6119    i.Shoot_Task        app_shoot.o
    0x0800c02a   0x0800c02a   0x00000026   Code   RO         6454    i.Shooter_AngleCorrect  module_shoot.o
    0x0800c050   0x0800c050   0x0000003e   Code   RO         6455    i.Shooter_ChangeFeederMode  module_shoot.o
    0x0800c08e   0x0800c08e   0x0000000e   Code   RO         6456    i.Shooter_ChangeShooterMode  module_shoot.o
    0x0800c09c   0x0800c09c   0x00000010   Code   RO         6457    i.Shooter_Control   module_shoot.o
    0x0800c0ac   0x0800c0ac   0x00000138   Code   RO         6458    i.Shooter_FeederControl  module_shoot.o
    0x0800c1e4   0x0800c1e4   0x000000e4   Code   RO         6459    i.Shooter_FeederMotorLockedJudge  module_shoot.o
    0x0800c2c8   0x0800c2c8   0x0000000e   Code   RO         6460    i.Shooter_ForceChangeFeederMode  module_shoot.o
    0x0800c2d6   0x0800c2d6   0x00000030   Code   RO         6461    i.Shooter_GetRefereeSpeed  module_shoot.o
    0x0800c306   0x0800c306   0x00000050   Code   RO         6462    i.Shooter_GetShootSpeedOffset  module_shoot.o
    0x0800c356   0x0800c356   0x00000002   PAD
    0x0800c358   0x0800c358   0x00000008   Code   RO         6463    i.Shooter_GetShooterControlPtr  module_shoot.o
    0x0800c360   0x0800c360   0x00000110   Code   RO         6464    i.Shooter_HeatCtrl  module_shoot.o
    0x0800c470   0x0800c470   0x000001f0   Code   RO         6465    i.Shooter_InitShooter  module_shoot.o
    0x0800c660   0x0800c660   0x00000048   Code   RO         6466    i.Shooter_MotorLockedHandle  module_shoot.o
    0x0800c6a8   0x0800c6a8   0x0000000e   Code   RO         6468    i.Shooter_SetFeederSpeed  module_shoot.o
    0x0800c6b6   0x0800c6b6   0x00000016   Code   RO         6469    i.Shooter_SetShooterSpeed  module_shoot.o
    0x0800c6cc   0x0800c6cc   0x000000fc   Code   RO         6470    i.Shooter_ShootControl  module_shoot.o
    0x0800c7c8   0x0800c7c8   0x0000001c   Code   RO         6471    i.Shooter_ShooterMotorOutput  module_shoot.o
    0x0800c7e4   0x0800c7e4   0x00000094   Code   RO         6472    i.Shooter_SingleShootCtrl  module_shoot.o
    0x0800c878   0x0800c878   0x0000000e   Code   RO         6473    i.Shooter_SingleShootReset  module_shoot.o
    0x0800c886   0x0800c886   0x00000030   Code   RO         6474    i.Shooter_UpdataControlData  module_shoot.o
    0x0800c8b6   0x0800c8b6   0x00000002   Code   RO         8394    i.SoftTimerCallback  sys_softtimer.o
    0x0800c8b8   0x0800c8b8   0x00000014   Code   RO         8395    i.SoftTimer_StartAll  sys_softtimer.o
    0x0800c8cc   0x0800c8cc   0x00000006   Code   RO         8030    i.Spi_ErrorHandler  util_spi.o
    0x0800c8d2   0x0800c8d2   0x00000020   Code   RO         8032    i.Spi_ReadMuliReg   util_spi.o
    0x0800c8f2   0x0800c8f2   0x00000028   Code   RO         8035    i.Spi_SwapAbyteData  util_spi.o
    0x0800c91a   0x0800c91a   0x00000002   PAD
    0x0800c91c   0x0800c91c   0x000000a4   Code   RO         6736    i.SuperCap_CheckPower  module_power.o
    0x0800c9c0   0x0800c9c0   0x0000001a   Code   RO         6737    i.SuperCap_InitHeader  module_power.o
    0x0800c9da   0x0800c9da   0x00000002   PAD
    0x0800c9dc   0x0800c9dc   0x0000007c   Code   RO         6738    i.SuperCap_SetPower  module_power.o
    0x0800ca58   0x0800ca58   0x00000034   Code   RO         5488    i.SysTick_Handler   port.o
    0x0800ca8c   0x0800ca8c   0x000000b4   Code   RO           15    i.SystemClock_Config  main.o
    0x0800cb40   0x0800cb40   0x00000014   Code   RO         4039    i.SystemInit        system_stm32f4xx.o
    0x0800cb54   0x0800cb54   0x00000010   Code   RO          673    i.TIM3_IRQHandler   stm32f4xx_it.o
    0x0800cb64   0x0800cb64   0x00000010   Code   RO          674    i.TIM6_DAC_IRQHandler  stm32f4xx_it.o
    0x0800cb74   0x0800cb74   0x000000e0   Code   RO          972    i.TIM_Base_SetConfig  stm32f4xx_hal_tim.o
    0x0800cc54   0x0800cc54   0x00000016   Code   RO          983    i.TIM_ETR_SetConfig  stm32f4xx_hal_tim.o
    0x0800cc6a   0x0800cc6a   0x00000012   Code   RO          984    i.TIM_ITRx_SetConfig  stm32f4xx_hal_tim.o
    0x0800cc7c   0x0800cc7c   0x00000070   Code   RO          985    i.TIM_OC1_SetConfig  stm32f4xx_hal_tim.o
    0x0800ccec   0x0800ccec   0x0000007c   Code   RO          986    i.TIM_OC2_SetConfig  stm32f4xx_hal_tim.o
    0x0800cd68   0x0800cd68   0x00000078   Code   RO          987    i.TIM_OC3_SetConfig  stm32f4xx_hal_tim.o
    0x0800cde0   0x0800cde0   0x00000054   Code   RO          988    i.TIM_OC4_SetConfig  stm32f4xx_hal_tim.o
    0x0800ce34   0x0800ce34   0x00000026   Code   RO          990    i.TIM_TI1_ConfigInputStage  stm32f4xx_hal_tim.o
    0x0800ce5a   0x0800ce5a   0x00000028   Code   RO          992    i.TIM_TI2_ConfigInputStage  stm32f4xx_hal_tim.o
    0x0800ce82   0x0800ce82   0x00000002   PAD
    0x0800ce84   0x0800ce84   0x0000011c   Code   RO         6177    i.Tidy_send_vision  app_autoaim.o
    0x0800cfa0   0x0800cfa0   0x00000012   Code   RO         3660    i.UART_DMAAbortOnError  stm32f4xx_hal_uart.o
    0x0800cfb2   0x0800cfb2   0x0000006c   Code   RO         3670    i.UART_EndRxTransfer  stm32f4xx_hal_uart.o
    0x0800d01e   0x0800d01e   0x00000020   Code   RO         3671    i.UART_EndTransmit_IT  stm32f4xx_hal_uart.o
    0x0800d03e   0x0800d03e   0x000000fc   Code   RO         3673    i.UART_Receive_IT   stm32f4xx_hal_uart.o
    0x0800d13a   0x0800d13a   0x00000002   PAD
    0x0800d13c   0x0800d13c   0x0000022c   Code   RO         3674    i.UART_SetConfig    stm32f4xx_hal_uart.o
    0x0800d368   0x0800d368   0x00000060   Code   RO         3677    i.UART_Transmit_IT  stm32f4xx_hal_uart.o
    0x0800d3c8   0x0800d3c8   0x0000008c   Code   RO         3678    i.UART_WaitOnFlagUntilTimeout  stm32f4xx_hal_uart.o
    0x0800d454   0x0800d454   0x00000128   Code   RO          675    i.USART1_IRQHandler  stm32f4xx_it.o
    0x0800d57c   0x0800d57c   0x00000014   Code   RO          676    i.USART3_IRQHandler  stm32f4xx_it.o
    0x0800d590   0x0800d590   0x00000014   Code   RO          677    i.USART6_IRQHandler  stm32f4xx_it.o
    0x0800d5a4   0x0800d5a4   0x00000008   Code   RO         8119    i.Uart_DMACurrentDataCounter  util_uart.o
    0x0800d5ac   0x0800d5ac   0x00000006   Code   RO         8120    i.Uart_ErrorHandler  util_uart.o
    0x0800d5b2   0x0800d5b2   0x00000032   Code   RO         8121    i.Uart_InitUartDMA  util_uart.o
    0x0800d5e4   0x0800d5e4   0x00000042   Code   RO         8122    i.Uart_ReceiveDMA   util_uart.o
    0x0800d626   0x0800d626   0x00000038   Code   RO         8123    i.Uart_ReceiveHandler  util_uart.o
    0x0800d65e   0x0800d65e   0x00000002   PAD
    0x0800d660   0x0800d660   0x0000002c   Code   RO         8124    i.Uart_RxIdleCallback  util_uart.o
    0x0800d68c   0x0800d68c   0x00000026   Code   RO         8125    i.Uart_SendMessage  util_uart.o
    0x0800d6b2   0x0800d6b2   0x00000004   Code   RO          678    i.UsageFault_Handler  stm32f4xx_it.o
    0x0800d6b6   0x0800d6b6   0x00000002   PAD
    0x0800d6b8   0x0800d6b8   0x00000058   Code   RO         5960    i.WatchDog_Feed     app_watchdog.o
    0x0800d710   0x0800d710   0x00000018   Code   RO         5961    i.WatchDog_Task     app_watchdog.o
    0x0800d728   0x0800d728   0x00000026   Code   RO         9475    i.__ARM_fpclassifyf  m_wm.l(fpclassifyf.o)
    0x0800d74e   0x0800d74e   0x00000002   PAD
    0x0800d750   0x0800d750   0x00000010   Code   RO         2900    i.__NVIC_GetPriorityGrouping  stm32f4xx_hal_cortex.o
    0x0800d760   0x0800d760   0x00000028   Code   RO         2901    i.__NVIC_SetPriority  stm32f4xx_hal_cortex.o
    0x0800d788   0x0800d788   0x00000118   Code   RO         9304    i.__hardfp_acosf    m_wm.l(acosf.o)
    0x0800d8a0   0x0800d8a0   0x0000012c   Code   RO         9316    i.__hardfp_asinf    m_wm.l(asinf.o)
    0x0800d9cc   0x0800d9cc   0x00000250   Code   RO         9328    i.__hardfp_atan2f   m_wm.l(atan2f.o)
    0x0800dc1c   0x0800dc1c   0x00000014   Code   RO         9346    i.__hardfp_fabs     m_wm.l(fabs.o)
    0x0800dc30   0x0800dc30   0x0000003a   Code   RO         9366    i.__hardfp_sqrtf    m_wm.l(sqrtf.o)
    0x0800dc6a   0x0800dc6a   0x00000006   Code   RO         9478    i.__mathlib_flt_infnan  m_wm.l(funder.o)
    0x0800dc70   0x0800dc70   0x00000006   Code   RO         9479    i.__mathlib_flt_infnan2  m_wm.l(funder.o)
    0x0800dc76   0x0800dc76   0x00000002   PAD
    0x0800dc78   0x0800dc78   0x00000010   Code   RO         9480    i.__mathlib_flt_invalid  m_wm.l(funder.o)
    0x0800dc88   0x0800dc88   0x00000010   Code   RO         9483    i.__mathlib_flt_underflow  m_wm.l(funder.o)
    0x0800dc98   0x0800dc98   0x0000000e   Code   RO         9557    i.__scatterload_copy  mc_w.l(handlers.o)
    0x0800dca6   0x0800dca6   0x00000002   Code   RO         9558    i.__scatterload_null  mc_w.l(handlers.o)
    0x0800dca8   0x0800dca8   0x0000000e   Code   RO         9559    i.__scatterload_zeroinit  mc_w.l(handlers.o)
    0x0800dcb6   0x0800dcb6   0x00000002   PAD
    0x0800dcb8   0x0800dcb8   0x0000000c   Code   RO         9520    i.__set_errno       mc_w.l(errno.o)
    0x0800dcc4   0x0800dcc4   0x0000005c   Code   RO         9080    i._send_chassis_ref  protocol_transmit.o
    0x0800dd20   0x0800dd20   0x0000005c   Code   RO         9081    i._send_imu_data    protocol_transmit.o
    0x0800dd7c   0x0800dd7c   0x00000050   Code   RO         9082    i._send_leg_ref     protocol_transmit.o
    0x0800ddcc   0x0800ddcc   0x0000005c   Code   RO         9083    i._send_mode        protocol_transmit.o
    0x0800de28   0x0800de28   0x0000000c   Code   RO         8880    i.buff2float        lib_buff.o
    0x0800de34   0x0800de34   0x00000046   Code   RO         7806    i.canx_send_data    util_can.o
    0x0800de7a   0x0800de7a   0x0000005a   Code   RO         7519    i.dm_motor_ctrl_send  periph_dmmotor.o
    0x0800ded4   0x0800ded4   0x0000001c   Code   RO         7520    i.dm_motor_detect   periph_dmmotor.o
    0x0800def0   0x0800def0   0x00000056   Code   RO         7522    i.dm_motor_enable   periph_dmmotor.o
    0x0800df46   0x0800df46   0x000000b6   Code   RO         7523    i.dm_motor_fbdata   periph_dmmotor.o
    0x0800dffc   0x0800dffc   0x00000080   Code   RO         7524    i.dm_motor_init     periph_dmmotor.o
    0x0800e07c   0x0800e07c   0x00000028   Code   RO         7525    i.dm_motor_init_test  periph_dmmotor.o
    0x0800e0a4   0x0800e0a4   0x00000042   Code   RO         7526    i.enable_motor_mode  periph_dmmotor.o
    0x0800e0e6   0x0800e0e6   0x0000000c   Code   RO         8884    i.float2buff        lib_buff.o
    0x0800e0f2   0x0800e0f2   0x00000032   Code   RO         7527    i.float_to_uint     periph_dmmotor.o
    0x0800e124   0x0800e124   0x000000f8   Code   RO         6799    i.gm6020_encoder_callback  periph_motor.o
    0x0800e21c   0x0800e21c   0x00000010   Code   RO         5051    i.inHandlerMode     cmsis_os.o
    0x0800e22c   0x0800e22c   0x0000005c   Code   RO           16    i.main              main.o
    0x0800e288   0x0800e288   0x0000000e   Code   RO         5053    i.makeFreeRtosPriority  cmsis_os.o
    0x0800e296   0x0800e296   0x00000002   PAD
    0x0800e298   0x0800e298   0x0000006c   Code   RO         9430    i.malloc            mc_w.l(malloc.o)
    0x0800e304   0x0800e304   0x0000012c   Code   RO         7528    i.mit_ctrl          periph_dmmotor.o
    0x0800e430   0x0800e430   0x00000018   Code   RO         5055    i.osDelay           cmsis_os.o
    0x0800e448   0x0800e448   0x0000000a   Code   RO         5058    i.osKernelStart     cmsis_os.o
    0x0800e452   0x0800e452   0x0000005e   Code   RO         5092    i.osThreadCreate    cmsis_os.o
    0x0800e4b0   0x0800e4b0   0x0000004c   Code   RO         5105    i.osTimerCreate     cmsis_os.o
    0x0800e4fc   0x0800e4fc   0x00000068   Code   RO         5107    i.osTimerStart      cmsis_os.o
    0x0800e564   0x0800e564   0x000000a4   Code   RO         4521    i.prvAddCurrentTaskToDelayedList  tasks.o
    0x0800e608   0x0800e608   0x000000b4   Code   RO         4522    i.prvAddNewTaskToReadyList  tasks.o
    0x0800e6bc   0x0800e6bc   0x00000074   Code   RO         4885    i.prvCheckForValidListAndQueue  timers.o
    0x0800e730   0x0800e730   0x00000048   Code   RO         4523    i.prvCheckTasksWaitingTermination  tasks.o
    0x0800e778   0x0800e778   0x0000002a   Code   RO         4168    i.prvCopyDataFromQueue  queue.o
    0x0800e7a2   0x0800e7a2   0x0000007e   Code   RO         4169    i.prvCopyDataToQueue  queue.o
    0x0800e820   0x0800e820   0x00000050   Code   RO         4524    i.prvDeleteTCB      tasks.o
    0x0800e870   0x0800e870   0x00000028   Code   RO         4886    i.prvGetNextExpireTime  timers.o
    0x0800e898   0x0800e898   0x0000007c   Code   RO         5432    i.prvHeapInit       heap_4.o
    0x0800e914   0x0800e914   0x00000028   Code   RO         4525    i.prvIdleTask       tasks.o
    0x0800e93c   0x0800e93c   0x00000026   Code   RO         4172    i.prvInitialiseNewQueue  queue.o
    0x0800e962   0x0800e962   0x000000c2   Code   RO         4526    i.prvInitialiseNewTask  tasks.o
    0x0800ea24   0x0800ea24   0x0000005a   Code   RO         4887    i.prvInitialiseNewTimer  timers.o
    0x0800ea7e   0x0800ea7e   0x00000002   PAD
    0x0800ea80   0x0800ea80   0x00000068   Code   RO         4527    i.prvInitialiseTaskLists  tasks.o
    0x0800eae8   0x0800eae8   0x00000068   Code   RO         5433    i.prvInsertBlockIntoFreeList  heap_4.o
    0x0800eb50   0x0800eb50   0x00000058   Code   RO         4888    i.prvInsertTimerInActiveList  timers.o
    0x0800eba8   0x0800eba8   0x0000001a   Code   RO         4173    i.prvIsQueueEmpty   queue.o
    0x0800ebc2   0x0800ebc2   0x0000001e   Code   RO         4174    i.prvIsQueueFull    queue.o
    0x0800ebe0   0x0800ebe0   0x00000074   Code   RO         4889    i.prvProcessExpiredTimer  timers.o
    0x0800ec54   0x0800ec54   0x00000164   Code   RO         4890    i.prvProcessReceivedCommands  timers.o
    0x0800edb8   0x0800edb8   0x00000074   Code   RO         4891    i.prvProcessTimerOrBlockTask  timers.o
    0x0800ee2c   0x0800ee2c   0x00000034   Code   RO         4528    i.prvResetNextTaskUnblockTime  tasks.o
    0x0800ee60   0x0800ee60   0x0000002c   Code   RO         4892    i.prvSampleTimeNow  timers.o
    0x0800ee8c   0x0800ee8c   0x000000a4   Code   RO         4893    i.prvSwitchTimerLists  timers.o
    0x0800ef30   0x0800ef30   0x00000040   Code   RO         5489    i.prvTaskExitError  port.o
    0x0800ef70   0x0800ef70   0x0000001a   Code   RO         4894    i.prvTimerTask      timers.o
    0x0800ef8a   0x0800ef8a   0x0000007e   Code   RO         4175    i.prvUnlockQueue    queue.o
    0x0800f008   0x0800f008   0x0000014c   Code   RO         5434    i.pvPortMalloc      heap_4.o
    0x0800f154   0x0800f154   0x0000002c   Code   RO         5490    i.pxPortInitialiseStack  port.o
    0x0800f180   0x0800f180   0x0000036e   Code   RO         6611    i.receive_motor_data  module_dm4310.o
    0x0800f4ee   0x0800f4ee   0x00000002   PAD
    0x0800f4f0   0x0800f4f0   0x000001d4   Code   RO         6800    i.rm2006_encoder_callback  periph_motor.o
    0x0800f6c4   0x0800f6c4   0x000001d0   Code   RO         6801    i.rm3508_encoder_callback  periph_motor.o
    0x0800f894   0x0800f894   0x0000003e   Code   RO         9368    i.sqrtf             m_wm.l(sqrtf.o)
    0x0800f8d2   0x0800f8d2   0x0000000a   Code   RO         8886    i.ui322buff         lib_buff.o
    0x0800f8dc   0x0800f8dc   0x00000034   Code   RO         7532    i.uint_to_float     periph_dmmotor.o
    0x0800f910   0x0800f910   0x00000104   Code   RO         6928    i.usart1_rx_dma_init  periph_autoaim.o
    0x0800fa14   0x0800fa14   0x00000074   Code   RO         6930    i.usart1_tx_dma_init  periph_autoaim.o
    0x0800fa88   0x0800fa88   0x00000028   Code   RO         3987    i.uxListRemove      list_1.o
    0x0800fab0   0x0800fab0   0x00000018   Code   RO          306    i.vApplicationGetIdleTaskMemory  freertos.o
    0x0800fac8   0x0800fac8   0x00000018   Code   RO          307    i.vApplicationGetTimerTaskMemory  freertos.o
    0x0800fae0   0x0800fae0   0x0000001a   Code   RO         3988    i.vListInitialise   list_1.o
    0x0800fafa   0x0800fafa   0x00000006   Code   RO         3989    i.vListInitialiseItem  list_1.o
    0x0800fb00   0x0800fb00   0x00000034   Code   RO         3990    i.vListInsert       list_1.o
    0x0800fb34   0x0800fb34   0x00000018   Code   RO         3991    i.vListInsertEnd    list_1.o
    0x0800fb4c   0x0800fb4c   0x00000054   Code   RO         5492    i.vPortEnterCritical  port.o
    0x0800fba0   0x0800fba0   0x0000003c   Code   RO         5493    i.vPortExitCritical  port.o
    0x0800fbdc   0x0800fbdc   0x000000a4   Code   RO         5435    i.vPortFree         heap_4.o
    0x0800fc80   0x0800fc80   0x00000028   Code   RO         5494    i.vPortSetupTimerInterrupt  port.o
    0x0800fca8   0x0800fca8   0x00000078   Code   RO         5495    i.vPortValidateInterruptPriority  port.o
    0x0800fd20   0x0800fd20   0x0000002c   Code   RO         4179    i.vQueueAddToRegistry  queue.o
    0x0800fd4c   0x0800fd4c   0x0000004a   Code   RO         4182    i.vQueueWaitForMessageRestricted  queue.o
    0x0800fd96   0x0800fd96   0x00000002   PAD
    0x0800fd98   0x0800fd98   0x0000005c   Code   RO         4540    i.vTaskDelay        tasks.o
    0x0800fdf4   0x0800fdf4   0x00000018   Code   RO         4544    i.vTaskInternalSetTimeOutState  tasks.o
    0x0800fe0c   0x0800fe0c   0x0000000c   Code   RO         4545    i.vTaskMissedYield  tasks.o
    0x0800fe18   0x0800fe18   0x00000038   Code   RO         4547    i.vTaskPlaceOnEventList  tasks.o
    0x0800fe50   0x0800fe50   0x00000040   Code   RO         4548    i.vTaskPlaceOnEventListRestricted  tasks.o
    0x0800fe90   0x0800fe90   0x000000b8   Code   RO         4555    i.vTaskStartScheduler  tasks.o
    0x0800ff48   0x0800ff48   0x000000f4   Code   RO         4556    i.vTaskSuspend      tasks.o
    0x0801003c   0x0801003c   0x00000010   Code   RO         4557    i.vTaskSuspendAll   tasks.o
    0x0801004c   0x0801004c   0x0000008c   Code   RO         4558    i.vTaskSwitchContext  tasks.o
    0x080100d8   0x080100d8   0x00000168   Code   RO         5496    i.xPortStartScheduler  port.o
    0x08010240   0x08010240   0x000000e0   Code   RO         4186    i.xQueueGenericCreateStatic  queue.o
    0x08010320   0x08010320   0x00000098   Code   RO         4187    i.xQueueGenericReset  queue.o
    0x080103b8   0x080103b8   0x000001a8   Code   RO         4188    i.xQueueGenericSend  queue.o
    0x08010560   0x08010560   0x000000fc   Code   RO         4189    i.xQueueGenericSendFromISR  queue.o
    0x0801065c   0x0801065c   0x00000168   Code   RO         4197    i.xQueueReceive     queue.o
    0x080107c4   0x080107c4   0x000000a8   Code   RO         4561    i.xTaskCheckForTimeOut  tasks.o
    0x0801086c   0x0801086c   0x00000064   Code   RO         4562    i.xTaskCreate       tasks.o
    0x080108d0   0x080108d0   0x000000ba   Code   RO         4563    i.xTaskCreateStatic  tasks.o
    0x0801098a   0x0801098a   0x00000002   PAD
    0x0801098c   0x0801098c   0x00000020   Code   RO         4568    i.xTaskGetSchedulerState  tasks.o
    0x080109ac   0x080109ac   0x0000000c   Code   RO         4569    i.xTaskGetTickCount  tasks.o
    0x080109b8   0x080109b8   0x00000148   Code   RO         4571    i.xTaskIncrementTick  tasks.o
    0x08010b00   0x08010b00   0x000000c8   Code   RO         4574    i.xTaskPriorityDisinherit  tasks.o
    0x08010bc8   0x08010bc8   0x00000098   Code   RO         4576    i.xTaskRemoveFromEventList  tasks.o
    0x08010c60   0x08010c60   0x00000104   Code   RO         4577    i.xTaskResumeAll    tasks.o
    0x08010d64   0x08010d64   0x00000036   Code   RO         4899    i.xTimerCreate      timers.o
    0x08010d9a   0x08010d9a   0x00000072   Code   RO         4900    i.xTimerCreateStatic  timers.o
    0x08010e0c   0x08010e0c   0x00000078   Code   RO         4901    i.xTimerCreateTimerTask  timers.o
    0x08010e84   0x08010e84   0x00000084   Code   RO         4902    i.xTimerGenericCommand  timers.o
    0x08010f08   0x08010f08   0x00000104   Data   RO          309    .constdata          freertos.o
    0x0801100c   0x0801100c   0x00000008   Data   RO         2614    .constdata          stm32f4xx_hal_dma.o
    0x08011014   0x08011014   0x00000018   Data   RO         4040    .constdata          system_stm32f4xx.o
    0x0801102c   0x0801102c   0x00000044   Data   RO         5859    .constdata          app_ins.o
    0x08011070   0x08011070   0x00000014   Data   RO         7106    .constdata          periph_bmi088.o
    0x08011084   0x08011084   0x000000f2   Data   RO         7238    .constdata          periph_referee.o
    0x08011176   0x08011176   0x00000002   PAD
    0x08011178   0x08011178   0x00000128   Data   RO         7662    .constdata          periph_draw.o
    0x080112a0   0x080112a0   0x0000068c   Data   RO         8368    .constdata          sys_const.o
    0x0801192c   0x0801192c   0x00000300   Data   RO         8555    .constdata          alg_crc.o
    0x08011c2c   0x08011c2c   0x00000090   Data   RO          310    .conststring        freertos.o
    0x08011cbc   0x08011cbc   0x00000043   Data   RO         7663    .conststring        periph_draw.o
    0x08011cff   0x08011cff   0x00000001   PAD
    0x08011d00   0x08011d00   0x00000804   Data   RO         9296    .rodata.sinTable_f32  arm_cortexM4lf_math.lib(arm_common_tables.o)
    0x08012504   0x08012504   0x00000020   Data   RO         9555    Region$$Table       anon$$obj.o


    Execution Region RW_IRAM1 (Exec base: 0x20000000, Load base: 0x08012524, Size: 0x0000f2f8, Max: 0x0001c000, ABSOLUTE, COMPRESSED[0x00000150])

    Exec Addr    Load Addr    Size         Type   Attr      Idx    E Section Name        Object

    0x20000000   COMPRESSED   0x00000028   Data   RW          311    .data               freertos.o
    0x20000028   COMPRESSED   0x00000004   Data   RW          416    .data               can.o
    0x2000002c   COMPRESSED   0x00000001   Data   RW          679    .data               stm32f4xx_it.o
    0x2000002d   COMPRESSED   0x00000003   PAD
    0x20000030   COMPRESSED   0x00000009   Data   RW         3064    .data               stm32f4xx_hal.o
    0x20000039   COMPRESSED   0x00000003   PAD
    0x2000003c   COMPRESSED   0x00000004   Data   RW         4041    .data               system_stm32f4xx.o
    0x20000040   COMPRESSED   0x0000003c   Data   RW         4580    .data               tasks.o
    0x2000007c   COMPRESSED   0x00000014   Data   RW         4910    .data               timers.o
    0x20000090   COMPRESSED   0x00000020   Data   RW         5441    .data               heap_4.o
    0x200000b0   COMPRESSED   0x0000000c   Data   RW         5497    .data               port.o
    0x200000bc   COMPRESSED   0x00000060   Data   RW         5860    .data               app_ins.o
    0x2000011c   COMPRESSED   0x00000026   Data   RW         5964    .data               app_watchdog.o
    0x20000142   COMPRESSED   0x00000002   PAD
    0x20000144   COMPRESSED   0x00000078   Data   RW         6020    .data               app_remote.o
    0x200001bc   COMPRESSED   0x000000c6   Data   RW         6181    .data               app_autoaim.o
    0x20000282   COMPRESSED   0x00000002   PAD
    0x20000284   COMPRESSED   0x00000014   Data   RW         6332    .data               module_gimbal.o
    0x20000298   COMPRESSED   0x0000000c   Data   RW         6476    .data               module_shoot.o
    0x200002a4   COMPRESSED   0x00000004   Data   RW         6740    .data               module_power.o
    0x200002a8   COMPRESSED   0x0000007c   Data   RW         7107    .data               periph_bmi088.o
    0x20000324   COMPRESSED   0x00000006   Data   RW         7239    .data               periph_referee.o
    0x2000032a   COMPRESSED   0x00000002   PAD
    0x2000032c   COMPRESSED   0x00000005   Data   RW         7441    .data               periph_remote.o
    0x20000331   COMPRESSED   0x00000003   PAD
    0x20000334   COMPRESSED   0x00000011   Data   RW         7664    .data               periph_draw.o
    0x20000345   COMPRESSED   0x00000003   PAD
    0x20000348   COMPRESSED   0x00000078   Data   RW         7935    .data               util_gpio.o
    0x200003c0   COMPRESSED   0x0000000e   Data   RW         8208    .data               util_debug.o
    0x200003ce   COMPRESSED   0x00000002   PAD
    0x200003d0   COMPRESSED   0x00000040   Data   RW         8300    .data               sys_dwt.o
    0x20000410   COMPRESSED   0x000000dc   Data   RW         8369    .data               sys_const.o
    0x200004ec   COMPRESSED   0x00000006   Data   RW         8556    .data               alg_crc.o
    0x200004f2   COMPRESSED   0x00000002   PAD
    0x200004f4   COMPRESSED   0x00000008   Data   RW         8709    .data               alg_pid.o
    0x200004fc   COMPRESSED   0x00000044   Data   RW         8791    .data               alg_quaternionekf.o
    0x20000540   COMPRESSED   0x0000000c   Data   RW         8953    .data               protocol_common.o
    0x2000054c   COMPRESSED   0x00000040   Data   RW         9086    .data               protocol_transmit.o
    0x2000058c   COMPRESSED   0x00000004   Data   RW         9516    .data               mc_w.l(mvars.o)
    0x20000590   COMPRESSED   0x00000004   Data   RW         9517    .data               mc_w.l(mvars.o)
    0x20000594   COMPRESSED   0x00000004   Data   RW         9521    .data               mc_w.l(errno.o)
    0x20000598        -       0x000006a8   Zero   RW          308    .bss                freertos.o
    0x20000c40        -       0x00000050   Zero   RW          415    .bss                can.o
    0x20000c90        -       0x00000118   Zero   RW          487    .bss                spi.o
    0x20000da8        -       0x00000120   Zero   RW          535    .bss                tim.o
    0x20000ec8        -       0x000002b8   Zero   RW          609    .bss                usart.o
    0x20001180        -       0x00000048   Zero   RW          841    .bss                stm32f4xx_hal_timebase_tim.o
    0x200011c8        -       0x00000040   Zero   RW         4200    .bss                queue.o
    0x20001208        -       0x000000f0   Zero   RW         4579    .bss                tasks.o
    0x200012f8        -       0x00000110   Zero   RW         4909    .bss                timers.o
    0x20001408        -       0x00006000   Zero   RW         5440    .bss                heap_4.o
    0x20007408        -       0x000000a4   Zero   RW         5858    .bss                app_ins.o
    0x200074ac        -       0x0000002c   Zero   RW         6019    .bss                app_remote.o
    0x200074d8        -       0x0000043d   Zero   RW         6180    .bss                app_autoaim.o
    0x20007915   COMPRESSED   0x00000003   PAD
    0x20007918        -       0x00000238   Zero   RW         6331    .bss                module_gimbal.o
    0x20007b50        -       0x0000024c   Zero   RW         6475    .bss                module_shoot.o
    0x20007d9c        -       0x000006a8   Zero   RW         6656    .bss                module_chassis.o
    0x20008444        -       0x00000028   Zero   RW         6739    .bss                module_power.o
    0x2000846c        -       0x000003d4   Zero   RW         6802    .bss                periph_motor.o
    0x20008840        -       0x00000064   Zero   RW         7105    .bss                periph_bmi088.o
    0x200088a4   COMPRESSED   0x00000004   PAD
    0x200088a8        -       0x000002a0   Zero   RW         7237    .bss                periph_referee.o
    0x20008b48        -       0x00000064   Zero   RW         7439    .bss                periph_remote.o
    0x20008bac        -       0x00000110   Zero   RW         7534    .bss                periph_dmmotor.o
    0x20008cbc        -       0x000001e2   Zero   RW         7661    .bss                periph_draw.o
    0x20008e9e   COMPRESSED   0x00000002   PAD
    0x20008ea0        -       0x000000e4   Zero   RW         7807    .bss                util_can.o
    0x20008f84   COMPRESSED   0x00000004   PAD
    0x20008f88        -       0x00000270   Zero   RW         8790    .bss                alg_quaternionekf.o
    0x200091f8        -       0x000000e4   Zero   RW         8951    .bss                protocol_common.o
    0x200092dc        -       0x00000018   Zero   RW         9084    .bss                protocol_transmit.o
    0x200092f4   COMPRESSED   0x00000004   PAD
    0x200092f8        -       0x00002000   Zero   RW            2    HEAP                startup_stm32f407xx.o
    0x2000b2f8        -       0x00004000   Zero   RW            1    STACK               startup_stm32f407xx.o


    Execution Region RW_IRAM2 (Exec base: 0x2001c000, Load base: 0x08012674, Size: 0x00000000, Max: 0x00004000, ABSOLUTE)

    **** No section assigned to this execution region ****


==============================================================================

Image component sizes


      Code (inc. data)   RO Data    RW Data    ZI Data      Debug   Object Name

       204         20        768          6          0       3707   alg_crc.o
        94          0          0          0          0       2274   alg_filter.o
      2922          0          0          0          0       8414   alg_kalman.o
       192         14          0          0          0       2886   alg_math.o
      1722         44          0          8          0       9055   alg_pid.o
      4088        222          0         68        624       7646   alg_quaternionekf.o
       662         38          0        198       1085      10125   app_autoaim.o
        28          4          0          0          0        531   app_chassis.o
        14          0          0          0          0       1536   app_communicate.o
        64         12          0          0          0        582   app_gimbal.o
       152         28          0          0          0      21095   app_init.o
      2440        144         68         96        164       8782   app_ins.o
        14          0          0          0          0        551   app_referee.o
      2520        246          0        120         44      10404   app_remote.o
        18          0          0          0          0        549   app_shoot.o
       112          6          0         38          0       3107   app_watchdog.o
       488         44          0          4         80       2446   can.o
       338          8          0          0          0      30502   cmsis_os.o
       184          6          0          0          0        854   dma.o
         0          0          0          0          0      17276   event_groups.o
       340         64        404         40       1704       8383   freertos.o
       468         22          0          0          0       1199   gpio.o
       724         74          0         32      24576       4931   heap_4.o
        34          0          0          0          0       2074   lib_buff.o
       148          0          0          0          0       6086   list_1.o
       322         28          0          0          0     744248   main.o
      3702        122          0          0       1704       7569   module_chassis.o
       878         82          0          0          0       1705   module_dm4310.o
      1226        108          0         20        568      11937   module_gimbal.o
       418         40          0          4         40       4127   module_power.o
      2186        170          0         12        588      14867   module_shoot.o
       376         38          0          0          0       1118   periph_autoaim.o
      4654        172         20        124        100      12805   periph_bmi088.o
      1022         60          0          0        272       7595   periph_dmmotor.o
      1898        178        363         17        482      21141   periph_draw.o
      2106        152          0          0        980      12842   periph_motor.o
      1076         90        242          6        672      18783   periph_referee.o
      1048         22          0          5        100       9330   periph_remote.o
      1014         92          0         12          0      12177   port.o
       256         30          0         12        228       5541   protocol_common.o
         0          0          0          0          0       1020   protocol_receive.o
       356         66          0         64         24       4457   protocol_transmit.o
      1918         20          0          0         64      17532   queue.o
       416         38          0          0        280       1943   spi.o
        36          8        392          0      24576        848   startup_stm32f407xx.o
       136         24          0          9          0       8794   stm32f4xx_hal.o
      2196          4          0          0          0      14721   stm32f4xx_hal_can.o
       260         22          0          0          0      33626   stm32f4xx_hal_cortex.o
      1392         16          8          0          0       7063   stm32f4xx_hal_dma.o
       558         50          0          0          0       4063   stm32f4xx_hal_gpio.o
        84          6          0          0          0        858   stm32f4xx_hal_msp.o
      1888         94          0          0          0       6377   stm32f4xx_hal_rcc.o
      1136         12          0          0          0       4709   stm32f4xx_hal_spi.o
      2054        112          0          0          0      14638   stm32f4xx_hal_tim.o
       300         30          0          0          0       3409   stm32f4xx_hal_tim_ex.o
       180         20          0          0         72       1483   stm32f4xx_hal_timebase_tim.o
      2292         14          0          0          0      11198   stm32f4xx_hal_uart.o
       532         86          0          1          0      11275   stm32f4xx_it.o
         0          0          0          0          0        384   stream_buffer.o
         0          0       1676        220          0       5371   sys_const.o
       580        112          0         64          0       4570   sys_dwt.o
        22          6          0          0          0       1049   sys_softtimer.o
        20          6         24          4          0       1143   system_stm32f4xx.o
      3156        388          0         60        240      28717   tasks.o
       792         74          0          0        288       5011   tim.o
      1576        124          0         20        272      33971   timers.o
      1016         94          0          0        696       3607   usart.o
       414         38          0          0        228       6076   util_can.o
        28         10          0         14          0       3210   util_debug.o
        78          0          0        120          0       3319   util_gpio.o
        78          0          0          0          0       2245   util_spi.o
       268         10          0          0          0       4753   util_uart.o

    ----------------------------------------------------------------------
     63994       3864       4000       1420      60768    1302220   Object Totals
         0          0         32          0          0          0   (incl. Generated)
        80          0          3         22         17          0   (incl. Padding)

    ----------------------------------------------------------------------

      Code (inc. data)   RO Data    RW Data    ZI Data      Debug   Library Member Name

         0          0       2052          0          0       3698   arm_common_tables.o
       160         12          0          0          0       1107   arm_cos_f32.o
       190          0          0          0          0       1726   arm_mat_add_f32.o
         8          0          0          0          0        845   arm_mat_init_f32.o
       720          4          0          0          0       3399   arm_mat_inverse_f32.o
       316          4          0          0          0       2307   arm_mat_mult_f32.o
       190          0          0          0          0       1726   arm_mat_sub_f32.o
       178          0          0          0          0       1817   arm_mat_trans_f32.o
       152         12          0          0          0       1102   arm_sin_f32.o
       280         46          0          0          0        176   acosf.o
       300         42          0          0          0        176   asinf.o
       592         90          0          0          0        184   atan2f.o
        20          0          0          0          0        124   fabs.o
        38          0          0          0          0        116   fpclassifyf.o
        44         12          0          0          0        464   funder.o
       120          0          0          0          0        272   sqrtf.o
        86          0          0          0          0          0   __dczerorl2.o
         0          0          0          0          0          0   entry.o
         0          0          0          0          0          0   entry10a.o
         0          0          0          0          0          0   entry11a.o
         8          4          0          0          0          0   entry2.o
         4          0          0          0          0          0   entry5.o
         0          0          0          0          0          0   entry7b.o
         0          0          0          0          0          0   entry8b.o
         8          4          0          0          0          0   entry9a.o
        12          6          0          4          0         68   errno.o
        30          0          0          0          0          0   handlers.o
        36          8          0          0          0         68   init.o
         0          0          0          0          0          0   iusefp.o
        30          0          0          0          0         68   llshl.o
        36          0          0          0          0         68   llsshr.o
        32          0          0          0          0         68   llushr.o
       108         16          0          0          0         84   malloc.o
        36          0          0          0          0         68   memcpya.o
        36          0          0          0          0        108   memseta.o
         0          0          0          8          0          0   mvars.o
        14          0          0          0          0         68   strlen.o
        98          0          0          0          0         92   uldiv.o
        48          0          0          0          0         68   cdcmple.o
        48          0          0          0          0         68   cdrcmple.o
        56          0          0          0          0         88   d2f.o
       334          0          0          0          0        148   dadd.o
       186          0          0          0          0        176   depilogue.o
        50          0          0          0          0         76   dfixui.o
       228          0          0          0          0         96   dmul.o
        38          0          0          0          0         68   f2d.o
       110          0          0          0          0        168   fepilogue.o

    ----------------------------------------------------------------------
      4998        260       2052         12          0      20955   Library Totals
        18          0          0          0          0          0   (incl. Padding)

    ----------------------------------------------------------------------

      Code (inc. data)   RO Data    RW Data    ZI Data      Debug   Library Name

      1914         32       2052          0          0      17727   arm_cortexM4lf_math.lib
      1394        190          0          0          0       1512   m_wm.l
       574         38          0         12          0        760   mc_w.l
      1098          0          0          0          0        956   mf_w.l

    ----------------------------------------------------------------------
      4998        260       2052         12          0      20955   Library Totals

    ----------------------------------------------------------------------

==============================================================================


      Code (inc. data)   RO Data    RW Data    ZI Data      Debug   

     68992       4124       6052       1432      60768    1278115   Grand Totals
     68992       4124       6052        336      60768    1278115   ELF Image Totals (compressed)
     68992       4124       6052        336          0          0   ROM Totals

==============================================================================

    Total RO  Size (Code + RO Data)                75044 (  73.29kB)
    Total RW  Size (RW Data + ZI Data)             62200 (  60.74kB)
    Total ROM Size (Code + RO Data + RW Data)      75380 (  73.61kB)

==============================================================================

