<html>
<body>
<pre>
<h1>µVision Build Log</h1>
<h2>Tool Versions:</h2>
IDE-Version: ¦ÌVision V5.40.0.0
Copyright (C) 2024 ARM Ltd and ARM Germany GmbH. All rights reserved.
License Information: ghko ghko520@outlook.com, ghko, LIC=YA39H-WBG50-JJF6S-LX5AF-B5KIP-13TZC
 
Tool Versions:
Toolchain:       MDK-ARM Plus  Version: 5.40.0.3
Toolchain Path:  C:\Keil5\ARM\ARMCC\Bin
C Compiler:      Armcc.exe V5.06 update 5 (build 528)
Assembler:       Armasm.exe V5.06 update 5 (build 528)
Linker/Locator:  ArmLink.exe V5.06 update 5 (build 528)
Library Manager: ArmAr.exe V5.06 update 5 (build 528)
Hex Converter:   FromElf.exe V5.06 update 5 (build 528)
CPU DLL:         SARMCM3.DLL V5.40.0.3
Dialog DLL:      DCM.DLL V1.17.5.0
Target DLL:      Segger\JL2CM3.dll V2.99.44.0
Dialog DLL:      TCM.DLL V1.56.4.0
 
<h2>Project:</h2>
C:\Users\ghko5\Documents\Github\DJ-Omni_Infantry\MDK-ARM\gimbal_task.uvprojx
Project File Date:  04/16/2026

<h2>Output:</h2>
*** Using Compiler 'V5.06 update 5 (build 528)', folder: 'C:\Keil5\ARM\ARMCC\Bin'
Build target 'gimbal_task'
Note: source file '../Middlewares/Third_Party/FreeRTOS/Source/list.c' - object file renamed from 'gimbal_task\list.o' to 'gimbal_task\list_1.o'.
Note: source file '../Middlewares/Third_Party/FreeRTOS/Source/list.c' - object file renamed from 'gimbal_task\list.o' to 'gimbal_task\list_1.o'.
assembling startup_stm32f407xx.s...
compiling tim.c...
compiling stm32f4xx_hal_tim_ex.c...
compiling stm32f4xx_hal_rcc.c...
compiling stm32f4xx_hal_timebase_tim.c...
compiling stm32f4xx_hal_can.c...
compiling can.c...
compiling stm32f4xx_hal_msp.c...
compiling freertos.c...
compiling spi.c...
compiling gpio.c...
compiling dma.c...
compiling stm32f4xx_it.c...
compiling main.c...
../Inc/Utility/util_debug.h(49): warning:  #1295-D: Deprecated declaration Debug_Init - give arg types
  void Debug_Init();
../Src/main.c: 1 warning, 0 errors
compiling usart.c...
compiling stm32f4xx_hal_tim.c...
compiling list.c...
compiling stm32f4xx_hal_flash_ex.c...
compiling croutine.c...
compiling stm32f4xx_hal_flash.c...
compiling stm32f4xx_hal.c...
compiling event_groups.c...
compiling list.c...
compiling stm32f4xx_hal_pwr_ex.c...
compiling stm32f4xx_hal_exti.c...
compiling stm32f4xx_hal_flash_ramfunc.c...
compiling stm32f4xx_hal_cortex.c...
compiling queue.c...
compiling stm32f4xx_hal_dma.c...
compiling stream_buffer.c...
compiling timers.c...
compiling heap_4.c...
compiling stm32f4xx_hal_rcc_ex.c...
compiling tasks.c...
compiling port.c...
compiling stm32f4xx_hal_spi.c...
compiling stm32f4xx_hal_gpio.c...
compiling cmsis_os.c...
compiling system_stm32f4xx.c...
compiling stm32f4xx_hal_pwr.c...
compiling stm32f4xx_hal_dma_ex.c...
compiling module_referee.c...
compiling stm32f4xx_hal_uart.c...
compiling app_referee.c...
../Inc/Periphal/periph_draw.h(105): warning:  #1295-D: Deprecated declaration Referee_UpdateAimLine - give arg types
  void Referee_UpdateAimLine();
../Inc/Periphal/periph_draw.h(106): warning:  #1295-D: Deprecated declaration Referee_SetupAimLine - give arg types
  void Referee_SetupAimLine();
../Inc/Periphal/periph_draw.h(107): warning:  #1295-D: Deprecated declaration Draw_ClearAll - give arg types
  void Draw_ClearAll();
../Inc/Periphal/periph_draw.h(112): warning:  #1295-D: Deprecated declaration Referee_Update - give arg types
  void Referee_Update();
../Inc/Periphal/periph_draw.h(113): warning:  #1295-D: Deprecated declaration Referee_Setup - give arg types
  void Referee_Setup();
../Inc/Periphal/periph_draw.h(115): warning:  #1295-D: Deprecated declaration Referee_SetupModeDisplay - give arg types
  void Referee_SetupModeDisplay();
..\Src\Application\app_referee.c(4): warning:  #177-D: variable "referee_reset_flag"  was declared but never referenced
  static uint8_t referee_reset_flag = 0;
..\Src\Application\app_referee.c: 7 warnings, 0 errors
compiling app_autoaim.c...
..\Src\Application\app_autoaim.c(309): warning:  #186-D: pointless comparison of unsigned integer with zero
  	if(referee->what_can_I_shoot.speed*10>255||referee->what_can_I_shoot.speed<0||referee->what_can_I_shoot.speed==0)
..\Src\Application\app_autoaim.c(313): warning:  #1035-D: single-precision operand implicitly converted to double-precision
  	visionDataSend->shoot_speed              =(uint8_t)(last_shoot_speed*10.0);
..\Src\Application\app_autoaim.c: 2 warnings, 0 errors
compiling app_communicate.c...
compiling module_dm4310.c...
compiling app_shoot.c...
compiling app_chassis.c...
../Inc/Modules/module_power.h(30): warning:  #1-D: last line of file ends without a newline
  #endif
..\Src\Application\app_chassis.c: 1 warning, 0 errors
compiling app_Debug.c...
../Inc/Utility/util_debug.h(49): warning:  #1295-D: Deprecated declaration Debug_Init - give arg types
  void Debug_Init();
..\Src\Application\app_Debug.c: 1 warning, 0 errors
compiling module_gimbal.c...
compiling app_gimbal.c...
compiling app_init.c...
../Inc/Periphal/periph_draw.h(105): warning:  #1295-D: Deprecated declaration Referee_UpdateAimLine - give arg types
  void Referee_UpdateAimLine();
../Inc/Periphal/periph_draw.h(106): warning:  #1295-D: Deprecated declaration Referee_SetupAimLine - give arg types
  void Referee_SetupAimLine();
../Inc/Periphal/periph_draw.h(107): warning:  #1295-D: Deprecated declaration Draw_ClearAll - give arg types
  void Draw_ClearAll();
../Inc/Periphal/periph_draw.h(112): warning:  #1295-D: Deprecated declaration Referee_Update - give arg types
  void Referee_Update();
../Inc/Periphal/periph_draw.h(113): warning:  #1295-D: Deprecated declaration Referee_Setup - give arg types
  void Referee_Setup();
../Inc/Periphal/periph_draw.h(115): warning:  #1295-D: Deprecated declaration Referee_SetupModeDisplay - give arg types
  void Referee_SetupModeDisplay();
../Inc/Modules/module_power.h(30): warning:  #1-D: last line of file ends without a newline
  #endif
..\Src\Application\app_init.c: 7 warnings, 0 errors
compiling module_shoot.c...
compiling app_watchDog.c...
compiling module_chassis.c...
compiling app_ins.c...
..\Src\Application\app_ins.c(49): warning:  #1035-D: single-precision operand implicitly converted to double-precision
              INS.ins_lp_filter=0.7*INS.Gyro[
_INS]+(1-0.7)*(INS.last_roll_gyro);
..\Src\Application\app_ins.c: 1 warning, 0 errors
compiling app_remote.c...
../Inc/Periphal/periph_draw.h(105): warning:  #1295-D: Deprecated declaration Referee_UpdateAimLine - give arg types
  void Referee_UpdateAimLine();
../Inc/Periphal/periph_draw.h(106): warning:  #1295-D: Deprecated declaration Referee_SetupAimLine - give arg types
  void Referee_SetupAimLine();
../Inc/Periphal/periph_draw.h(107): warning:  #1295-D: Deprecated declaration Draw_ClearAll - give arg types
  void Draw_ClearAll();
../Inc/Periphal/periph_draw.h(112): warning:  #1295-D: Deprecated declaration Referee_Update - give arg types
  void Referee_Update();
../Inc/Periphal/periph_draw.h(113): warning:  #1295-D: Deprecated declaration Referee_Setup - give arg types
  void Referee_Setup();
../Inc/Periphal/periph_draw.h(115): warning:  #1295-D: Deprecated declaration Referee_SetupModeDisplay - give arg types
  void Referee_SetupModeDisplay();
..\Src\Application\app_remote.c(508): warning:  #1-D: last line of file ends without a newline
  }
..\Src\Application\app_remote.c(293): warning:  #177-D: variable "delay_step"  was declared but never referenced
  static uint8_t delay_step = 0;      // ²½Öè×´Ì¬»ú
..\Src\Application\app_remote.c(294): warning:  #177-D: variable "delay_start_tick"  was declared but never referenced
  static uint32_t delay_start_tick = 0;
..\Src\Application\app_remote.c: 9 warnings, 0 errors
compiling util_flash.c...
compiling util_gpio.c...
compiling util_pwm.c...
compiling util_uart.c...
../Inc/Utility/util_debug.h(49): warning:  #1295-D: Deprecated declaration Debug_Init - give arg types
  void Debug_Init();
..\Src\Utility\util_uart.c: 1 warning, 0 errors
compiling periph_DMmotor.c...
..\Src\Periphal\periph_DMmotor.c(379): warning:  #1-D: last line of file ends without a newline
  }
..\Src\Periphal\periph_DMmotor.c: 1 warning, 0 errors
compiling periph_servo.c...
compiling periph_autoaim.c...
compiling periph_draw.c...
../Inc/Periphal/periph_draw.h(105): warning:  #1295-D: Deprecated declaration Referee_UpdateAimLine - give arg types
  void Referee_UpdateAimLine();
../Inc/Periphal/periph_draw.h(106): warning:  #1295-D: Deprecated declaration Referee_SetupAimLine - give arg types
  void Referee_SetupAimLine();
../Inc/Periphal/periph_draw.h(107): warning:  #1295-D: Deprecated declaration Draw_ClearAll - give arg types
  void Draw_ClearAll();
../Inc/Periphal/periph_draw.h(112): warning:  #1295-D: Deprecated declaration Referee_Update - give arg types
  void Referee_Update();
../Inc/Periphal/periph_draw.h(113): warning:  #1295-D: Deprecated declaration Referee_Setup - give arg types
  void Referee_Setup();
../Inc/Periphal/periph_draw.h(115): warning:  #1295-D: Deprecated declaration Referee_SetupModeDisplay - give arg types
  void Referee_SetupModeDisplay();
..\Src\Periphal\periph_draw.c(447): warning:  #1-D: last line of file ends without a newline
  }
..\Src\Periphal\periph_draw.c: 7 warnings, 0 errors
compiling periph_remote.c...
compiling periph_referee.c...
..\Src\Periphal\periph_referee.c(364): warning:  #177-D: variable "seq"  was declared but never referenced
      uint8_t seq = buff[3];
..\Src\Periphal\periph_referee.c: 1 warning, 0 errors
compiling periph_motor.c...
../Inc/Modules/module_power.h(30): warning:  #1-D: last line of file ends without a newline
  #endif
..\Src\Periphal\periph_motor.c(390): warning:  #177-D: variable "can_handle"  was declared but never referenced
  		CAN_HandleTypeDef* can_handle = &hcan1;
..\Src\Periphal\periph_motor.c: 2 warnings, 0 errors
compiling module_power.c...
../Inc/Modules/module_power.h(30): warning:  #1-D: last line of file ends without a newline
  #endif
..\Src\Modules\module_power.c(98): warning:  #1-D: last line of file ends without a newline
  }
..\Src\Modules\module_power.c: 2 warnings, 0 errors
compiling util_can.c...
compiling periph_bmi088.c...
compiling util_spi.c...
compiling sys_dwt.c...
compiling lib_delay.c...
compiling lib_buff.c...
compiling alg_crc.c...
compiling sys_softTimer.c...
compiling protocol_receive.c...
compiling sys_const.c...
compiling util_debug.c...
../Inc/Utility/util_debug.h(49): warning:  #1295-D: Deprecated declaration Debug_Init - give arg types
  void Debug_Init();
..\Src\Utility\util_debug.c: 1 warning, 0 errors
compiling alg_filter.c...
compiling protocol_common.c...
compiling protocol_transmit.c...
compiling alg_pid.c...
compiling alg_math.c...
compiling alg_kalman.c...
compiling alg_quaternionEKF.c...
compiling lqr.c...
..\Src\System\lqr.h(16): warning:  #1-D: last line of file ends without a newline
  #endif
..\Src\System\lqr.c(25): warning:  #1-D: last line of file ends without a newline
  }
..\Src\System\lqr.c: 2 warnings, 0 errors
linking...
gimbal_task\gimbal_task.axf: Warning: L6304W: Duplicate input file gimbal_task\list_1.o ignored.
Program Size: Code=69008 RO-data=5908 RW-data=1440 ZI-data=60768  
Finished: 0 information, 1 warning and 0 error messages.
FromELF: creating hex file...
"gimbal_task\gimbal_task.axf" - 0 Error(s), 47 Warning(s).

<h2>Software Packages used:</h2>

Package Vendor: ARM
                https://www.keil.com/pack/ARM.CMSIS.6.1.0.pack
                ARM::CMSIS@6.1.0
                CMSIS (Common Microcontroller Software Interface Standard)
   * Component: CORE Version: 6.1.0

Package Vendor: Keil
                https://www.keil.com/pack/Keil.STM32F4xx_DFP.2.17.1.pack
                Keil::STM32F4xx_DFP@2.17.1
                STMicroelectronics STM32F4 Series Device Support, Drivers and Examples

<h2>Collection of Component include folders:</h2>
  ./RTE/_gimbal_task
  C:/Keil5/ARM/PACK/ARM/CMSIS/6.1.0/CMSIS/Core/Include
  C:/Keil5/ARM/PACK/Keil/STM32F4xx_DFP/2.17.1/Drivers/CMSIS/Device/ST/STM32F4xx/Include

<h2>Collection of Component Files used:</h2>

   * Component: ARM::CMSIS:CORE@6.1.0
      Include file:  CMSIS/Core/Include/tz_context.h
Build Time Elapsed:  00:01:07
</pre>
</body>
</html>
