Component: ARM Compiler 5.06 update 5 (build 528) Tool: armlink [4d35e2]

==============================================================================

Section Cross References

    startup_stm32f407xx.o(RESET) refers to startup_stm32f407xx.o(STACK) for __initial_sp
    startup_stm32f407xx.o(RESET) refers to startup_stm32f407xx.o(.text) for Reset_Handler
    startup_stm32f407xx.o(RESET) refers to stm32f4xx_it.o(i.NMI_Handler) for NMI_Handler
    startup_stm32f407xx.o(RESET) refers to stm32f4xx_it.o(i.HardFault_Handler) for HardFault_Handler
    startup_stm32f407xx.o(RESET) refers to stm32f4xx_it.o(i.MemManage_Handler) for MemManage_Handler
    startup_stm32f407xx.o(RESET) refers to stm32f4xx_it.o(i.BusFault_Handler) for BusFault_Handler
    startup_stm32f407xx.o(RESET) refers to stm32f4xx_it.o(i.UsageFault_Handler) for UsageFault_Handler
    startup_stm32f407xx.o(RESET) refers to port.o(.emb_text) for SVC_Handler
    startup_stm32f407xx.o(RESET) refers to stm32f4xx_it.o(i.DebugMon_Handler) for DebugMon_Handler
    startup_stm32f407xx.o(RESET) refers to port.o(i.SysTick_Handler) for SysTick_Handler
    startup_stm32f407xx.o(RESET) refers to stm32f4xx_it.o(i.EXTI3_IRQHandler) for EXTI3_IRQHandler
    startup_stm32f407xx.o(RESET) refers to stm32f4xx_it.o(i.EXTI4_IRQHandler) for EXTI4_IRQHandler
    startup_stm32f407xx.o(RESET) refers to stm32f4xx_it.o(i.DMA1_Stream1_IRQHandler) for DMA1_Stream1_IRQHandler
    startup_stm32f407xx.o(RESET) refers to stm32f4xx_it.o(i.CAN1_RX0_IRQHandler) for CAN1_RX0_IRQHandler
    startup_stm32f407xx.o(RESET) refers to stm32f4xx_it.o(i.EXTI9_5_IRQHandler) for EXTI9_5_IRQHandler
    startup_stm32f407xx.o(RESET) refers to stm32f4xx_it.o(i.TIM3_IRQHandler) for TIM3_IRQHandler
    startup_stm32f407xx.o(RESET) refers to stm32f4xx_it.o(i.USART1_IRQHandler) for USART1_IRQHandler
    startup_stm32f407xx.o(RESET) refers to stm32f4xx_it.o(i.USART3_IRQHandler) for USART3_IRQHandler
    startup_stm32f407xx.o(RESET) refers to stm32f4xx_it.o(i.TIM6_DAC_IRQHandler) for TIM6_DAC_IRQHandler
    startup_stm32f407xx.o(RESET) refers to stm32f4xx_it.o(i.DMA2_Stream1_IRQHandler) for DMA2_Stream1_IRQHandler
    startup_stm32f407xx.o(RESET) refers to stm32f4xx_it.o(i.CAN2_RX0_IRQHandler) for CAN2_RX0_IRQHandler
    startup_stm32f407xx.o(RESET) refers to stm32f4xx_it.o(i.DMA2_Stream5_IRQHandler) for DMA2_Stream5_IRQHandler
    startup_stm32f407xx.o(RESET) refers to stm32f4xx_it.o(i.DMA2_Stream6_IRQHandler) for DMA2_Stream6_IRQHandler
    startup_stm32f407xx.o(RESET) refers to stm32f4xx_it.o(i.DMA2_Stream7_IRQHandler) for DMA2_Stream7_IRQHandler
    startup_stm32f407xx.o(RESET) refers to stm32f4xx_it.o(i.USART6_IRQHandler) for USART6_IRQHandler
    startup_stm32f407xx.o(.text) refers to system_stm32f4xx.o(i.SystemInit) for SystemInit
    startup_stm32f407xx.o(.text) refers to entry.o(.ARM.Collect$$$$00000000) for __main
    main.o(i.HAL_TIM_PeriodElapsedCallback) refers to stm32f4xx_hal.o(i.HAL_IncTick) for HAL_IncTick
    main.o(i.HAL_TIM_PeriodElapsedCallback) refers to util_debug.o(.data) for g_uart6_print_flag
    main.o(i.SystemClock_Config) refers to memseta.o(.text) for __aeabi_memclr4
    main.o(i.SystemClock_Config) refers to stm32f4xx_hal_rcc.o(i.HAL_RCC_OscConfig) for HAL_RCC_OscConfig
    main.o(i.SystemClock_Config) refers to main.o(i.Error_Handler) for Error_Handler
    main.o(i.SystemClock_Config) refers to stm32f4xx_hal_rcc.o(i.HAL_RCC_ClockConfig) for HAL_RCC_ClockConfig
    main.o(i.main) refers to stm32f4xx_hal.o(i.HAL_Init) for HAL_Init
    main.o(i.main) refers to main.o(i.SystemClock_Config) for SystemClock_Config
    main.o(i.main) refers to gpio.o(i.MX_GPIO_Init) for MX_GPIO_Init
    main.o(i.main) refers to dma.o(i.MX_DMA_Init) for MX_DMA_Init
    main.o(i.main) refers to can.o(i.MX_CAN1_Init) for MX_CAN1_Init
    main.o(i.main) refers to can.o(i.MX_CAN2_Init) for MX_CAN2_Init
    main.o(i.main) refers to spi.o(i.MX_SPI1_Init) for MX_SPI1_Init
    main.o(i.main) refers to tim.o(i.MX_TIM1_Init) for MX_TIM1_Init
    main.o(i.main) refers to usart.o(i.MX_USART3_UART_Init) for MX_USART3_UART_Init
    main.o(i.main) refers to tim.o(i.MX_TIM8_Init) for MX_TIM8_Init
    main.o(i.main) refers to tim.o(i.MX_TIM12_Init) for MX_TIM12_Init
    main.o(i.main) refers to usart.o(i.MX_USART6_UART_Init) for MX_USART6_UART_Init
    main.o(i.main) refers to usart.o(i.MX_USART1_UART_Init) for MX_USART1_UART_Init
    main.o(i.main) refers to tim.o(i.MX_TIM3_Init) for MX_TIM3_Init
    main.o(i.main) refers to app_init.o(i.Init_InitAll) for Init_InitAll
    main.o(i.main) refers to periph_autoaim.o(i.usart1_tx_dma_init) for usart1_tx_dma_init
    main.o(i.main) refers to periph_autoaim.o(i.usart1_rx_dma_init) for usart1_rx_dma_init
    main.o(i.main) refers to stm32f4xx_hal_tim.o(i.HAL_TIM_Base_Start_IT) for HAL_TIM_Base_Start_IT
    main.o(i.main) refers to freertos.o(i.MX_FREERTOS_Init) for MX_FREERTOS_Init
    main.o(i.main) refers to cmsis_os.o(i.osKernelStart) for osKernelStart
[...]
    Const_ChassisFontRightAngParam           0x0801075c   Data          80  sys_const.o(.constdata)
    Const_ChassisFontRightSpdParam           0x080107ac   Data          80  sys_const.o(.constdata)
    Const_ChassisFontRightAccelParam         0x080107fc   Data          80  sys_const.o(.constdata)
    Const_ChassisFontLeftAngParam            0x0801084c   Data          80  sys_const.o(.constdata)
    Const_ChassisFontLeftSpdParam            0x0801089c   Data          80  sys_const.o(.constdata)
    Const_ChassisBackLeftAngParam            0x080108ec   Data          80  sys_const.o(.constdata)
    Const_ChassisBackLeftSpdParam            0x0801093c   Data          80  sys_const.o(.constdata)
    Const_ChassisBackRightAngParam           0x0801098c   Data          80  sys_const.o(.constdata)
    Const_ChassisBackRightSpdParam           0x080109dc   Data          80  sys_const.o(.constdata)
    QuaternionEKF_F                          0x08010a2c   Data         144  sys_const.o(.constdata)
    Power_Limit                              0x08010abc   Data          16  sys_const.o(.constdata)
    CRC8_TAB                                 0x08010acc   Data         256  alg_crc.o(.constdata)
    CRC16_Table                              0x08010bcc   Data         512  alg_crc.o(.constdata)
    sinTable_f32                             0x08010e5c   Data        2052  arm_common_tables.o(.rodata.sinTable_f32)
    Region$$Table$$Base                      0x08011660   Number         0  anon$$obj.o(Region$$Table)
    Region$$Table$$Limit                     0x08011680   Number         0  anon$$obj.o(Region$$Table)
    Init_TaskHandleHandle                    0x20000000   Data           4  freertos.o(.data)
    Comm_TaskHandleHandle                    0x20000004   Data           4  freertos.o(.data)
    Ins_TaskHandlerHandle                    0x20000008   Data           4  freertos.o(.data)
    WatchDog_TaskHaHandle                    0x2000000c   Data           4  freertos.o(.data)
    Shoot_TaskHandlHandle                    0x20000010   Data           4  freertos.o(.data)
    Remote_TaskHandHandle                    0x20000014   Data           4  freertos.o(.data)
    Gimbal_TaskHandHandle                    0x20000018   Data           4  freertos.o(.data)
    Referee_TaskHaHandle                     0x2000001c   Data           4  freertos.o(.data)
    Debug_TASKSHandle                        0x20000020   Data           4  freertos.o(.data)
    Chassis_TaskHanHandle                    0x20000024   Data           4  freertos.o(.data)
    SoftTimerHandle                          0x20000028   Data           4  freertos.o(.data)
    uwTick                                   0x20000034   Data           4  stm32f4xx_hal.o(.data)
    uwTickPrio                               0x20000038   Data           4  stm32f4xx_hal.o(.data)
    uwTickFreq                               0x2000003c   Data           1  stm32f4xx_hal.o(.data)
    SystemCoreClock                          0x20000040   Data           4  system_stm32f4xx.o(.data)
    pxCurrentTCB                             0x20000044   Data           4  tasks.o(.data)
    Dog_Bowl                                 0x20000144   Data           2  app_watchdog.o(.data)
    Remote_remoteControlData                 0x20000148   Data           8  app_remote.o(.data)
    Remote_ChassisFBSlope                    0x20000150   Data           8  app_remote.o(.data)
    last_encoder_angle                       0x20000158   Data           4  app_remote.o(.data)
    encoder_angle                            0x2000015c   Data           4  app_remote.o(.data)
    testdata                                 0x20000160   Data           4  app_remote.o(.data)
    test_count                               0x20000164   Data           4  app_remote.o(.data)
    test                                     0x20000168   Data           2  app_remote.o(.data)
    vef_pitch_ref                            0x2000016c   Data           4  app_remote.o(.data)
    test_pitch_ref                           0x20000170   Data           4  app_remote.o(.data)
    test_pitch_limit                         0x20000174   Data           4  app_remote.o(.data)
    test_pitch_set                           0x20000178   Data           4  app_remote.o(.data)
    USART1_RX_STA                            0x2000018c   Data           2  app_autoaim.o(.data)
    usart1_this_time_rx_len                  0x20000190   Data           4  app_autoaim.o(.data)
    ChariotRecognitionTemp                   0x20000194   Data           8  app_autoaim.o(.data)
    ChariotRecognitionDirection              0x2000019c   Data           4  app_autoaim.o(.data)
    Chariot_Rec_Dir_rotate                   0x200001a0   Data           4  app_autoaim.o(.data)
    CameraDetectTarget_Flag                  0x200001a4   Data           4  app_autoaim.o(.data)
    TempShootingFlag                         0x200001a8   Data           4  app_autoaim.o(.data)
    last_ChariotRecognition_pitch            0x200001ac   Data           4  app_autoaim.o(.data)
    ChariotRecognition_pitch                 0x200001b0   Data           4  app_autoaim.o(.data)
    last_ChariotRecognition_yaw              0x200001b4   Data           4  app_autoaim.o(.data)
    ChariotRecognition_yaw                   0x200001b8   Data           4  app_autoaim.o(.data)
    YawCurrentPositionSave                   0x200001bc   Data           4  app_autoaim.o(.data)
    PitchCurrentPositionSave                 0x200001c0   Data           4  app_autoaim.o(.data)
    last_Target_Distance                     0x200001c4   Data           2  app_autoaim.o(.data)
    Target_Distance                          0x200001c6   Data           2  app_autoaim.o(.data)
    Dis_Buf_Index                            0x200001c8   Data           1  app_autoaim.o(.data)
    Pitch_Add_Angle                          0x200001c9   Data           1  app_autoaim.o(.data)
    enter_CNT                                0x200001ca   Data           1  app_autoaim.o(.data)
    Armor_R_Flag_Before                      0x200001cc   Data           4  app_autoaim.o(.data)
    Armor_R_Flag_Behind                      0x200001d0   Data           4  app_autoaim.o(.data)
    GM_Rotete_flag_Before                    0x200001d4   Data           4  app_autoaim.o(.data)
    GM_Rotete_flag_Behind                    0x200001d8   Data           4  app_autoaim.o(.data)
    Time_count                               0x200001dc   Data           4  app_autoaim.o(.data)
    CR_yaw_Angle_Index                       0x200001e0   Data           1  app_autoaim.o(.data)
    CR_yaw_Angle_CNT                         0x200001e1   Data           1  app_autoaim.o(.data)
    loop_j                                   0x200001e2   Data           1  app_autoaim.o(.data)
    friction_wheel_count                     0x200001e4   Data           4  app_autoaim.o(.data)
    kalman_yaw                               0x200001e8   Data           4  app_autoaim.o(.data)
    kalman_pitch                             0x200001ec   Data           4  app_autoaim.o(.data)
    kalman_yaw_feedforward                   0x200001f0   Data           4  app_autoaim.o(.data)
    update_flag                              0x200001f4   Data           1  app_autoaim.o(.data)
    Last_CameraDetectTarget_Flag             0x200001f8   Data           4  app_autoaim.o(.data)
    E_TEST                                   0x200001fc   Data           4  app_autoaim.o(.data)
    E_TEST1                                  0x20000200   Data           4  app_autoaim.o(.data)
    E_TEST2                                  0x20000204   Data           4  app_autoaim.o(.data)
    E_TEST3                                  0x20000208   Data           4  app_autoaim.o(.data)
    camera_send_flag                         0x2000020c   Data           4  app_autoaim.o(.data)
    autoaim_mode_flag                        0x20000210   Data           4  app_autoaim.o(.data)
    state_distacne                           0x20000214   Data           1  app_autoaim.o(.data)
    count_Sendtosight                        0x20000218   Data           4  app_autoaim.o(.data)
    yaw_add_little                           0x2000021c   Data           4  app_autoaim.o(.data)
    pitch_add_little                         0x20000220   Data           4  app_autoaim.o(.data)
    shoot_num                                0x20000224   Data           4  app_autoaim.o(.data)
    real_shoot_speed_save                    0x20000228   Data          20  app_autoaim.o(.data)
    remaining_shoot_num                      0x2000023c   Data           4  app_autoaim.o(.data)
    last_remaining_shoot_num                 0x20000240   Data           4  app_autoaim.o(.data)
    average_shoot_speed                      0x20000244   Data           4  app_autoaim.o(.data)
    last_shoot_speed                         0x20000248   Data           4  app_autoaim.o(.data)
    test_referee                             0x20000254   Data           4  module_shoot.o(.data)
    BMI088_ACCEL_SEN                         0x20000284   Data           4  periph_bmi088.o(.data)
    BMI088_GYRO_SEN                          0x20000288   Data           4  periph_bmi088.o(.data)
    Const_BMI088_SPI_HANDLER                 0x2000028c   Data           4  periph_bmi088.o(.data)
    gyro_scale_factor                        0x20000290   Data          36  periph_bmi088.o(.data)
    accel_scale_factor                       0x200002b4   Data          36  periph_bmi088.o(.data)
    error                                    0x200002d8   Data           1  periph_bmi088.o(.data)
    Const_Referee_UART_HANDLER               0x200002dc   Data           4  periph_referee.o(.data)
    testm                                    0x200002e0   Data           1  periph_referee.o(.data)
    Const_Remote_UART_HANDLER                0x200002e4   Data           4  periph_remote.o(.data)
    errcode_1                                0x200002e8   Data           1  periph_remote.o(.data)
    LASER_START                              0x200002ec   Data          20  util_gpio.o(.data)
    CS_ACCEL_START                           0x20000300   Data          20  util_gpio.o(.data)
    CS_GYRO_START                            0x20000314   Data          20  util_gpio.o(.data)
    BMI_INT1_START                           0x20000328   Data          20  util_gpio.o(.data)
    BMI_INT2_START                           0x2000033c   Data          20  util_gpio.o(.data)
    CS_ACCEL                                 0x20000350   Data           4  util_gpio.o(.data)
    CS_GYRO                                  0x20000354   Data           4  util_gpio.o(.data)
    BMI_INT1                                 0x20000358   Data           4  util_gpio.o(.data)
    BMI_INT2                                 0x2000035c   Data           4  util_gpio.o(.data)
    LASER                                    0x20000360   Data           4  util_gpio.o(.data)
    Const_Debug_UART_HANDLER                 0x20000364   Data           4  util_debug.o(.data)
    g_uart6_print_flag                       0x20000369   Data           1  util_debug.o(.data)
    test_lens                                0x2000036c   Data           4  util_debug.o(.data)
    SysTime                                  0x20000378   Data           8  sys_dwt.o(.data)
    CYCCNT64                                 0x20000398   Data           8  sys_dwt.o(.data)
    Const_SERVO_INIT_OFFSET                  0x200003b8   Data           4  sys_const.o(.data)
    MOUSE_YAW_ANGLE_TO_FACT                  0x200003bc   Data           4  sys_const.o(.data)
    MOUSE_CHASSIS_MAX_SPEED                  0x200003c0   Data           4  sys_const.o(.data)
    Const_PITCH_UMAXANGLE                    0x200003c4   Data           4  sys_const.o(.data)
    Const_PITCH_UMAXANGLE_GRYO               0x200003c8   Data           4  sys_const.o(.data)
    Const_PITCH_DMAXANGLE                    0x200003cc   Data           4  sys_const.o(.data)
    Const_YAW_MAXANGLE                       0x200003d0   Data           4  sys_const.o(.data)
    KP_MIN                                   0x200003d4   Data           4  sys_const.o(.data)
    KP_MAX                                   0x200003d8   Data           4  sys_const.o(.data)
    KD_MIN                                   0x200003dc   Data           4  sys_const.o(.data)
    KD_MAX                                   0x200003e0   Data           4  sys_const.o(.data)
    Const_DMPITCH_UMAXANGLE                  0x200003e4   Data           4  sys_const.o(.data)
    Const_DMPITCH_DMAXANGLE                  0x200003e8   Data           4  sys_const.o(.data)
    Const_PITCH_MOTOR_INIT_OFFSETf           0x200003ec   Data           4  sys_const.o(.data)
    QuaternionEKF_P                          0x200003f0   Data         144  sys_const.o(.data)
    CRC8                                     0x20000480   Data           1  alg_crc.o(.data)
    CRC8_INIT                                0x20000481   Data           1  alg_crc.o(.data)
    CRC16                                    0x20000482   Data           2  alg_crc.o(.data)
    CRC16_INIT                               0x20000484   Data           2  alg_crc.o(.data)
    block                                    0x200004cc   Data           4  protocol_common.o(.data)
    ProtocolCmd_Send                         0x200004d8   Data          32  protocol_transmit.o(.data)
    dt_tick3                                 0x200004f8   Data           4  protocol_transmit.o(.data)
    dt_3                                     0x200004fc   Data           4  protocol_transmit.o(.data)
    dt_tick4                                 0x20000500   Data           4  protocol_transmit.o(.data)
    dt_4                                     0x20000504   Data           4  protocol_transmit.o(.data)
    dt_tick5                                 0x20000508   Data           4  protocol_transmit.o(.data)
    dt_5                                     0x2000050c   Data           4  protocol_transmit.o(.data)
    dt_tick6                                 0x20000510   Data           4  protocol_transmit.o(.data)
    dt_6                                     0x20000514   Data           4  protocol_transmit.o(.data)
    __microlib_freelist                      0x20000518   Data           4  mvars.o(.data)
    __microlib_freelist_initialised          0x2000051c   Data           4  mvars.o(.data)
    hcan1                                    0x20000bcc   Data          40  can.o(.bss)
    hcan2                                    0x20000bf4   Data          40  can.o(.bss)
    hspi1                                    0x20000c1c   Data          88  spi.o(.bss)
    hdma_spi1_rx                             0x20000c74   Data          96  spi.o(.bss)
    hdma_spi1_tx                             0x20000cd4   Data          96  spi.o(.bss)
    htim1                                    0x20000d34   Data          72  tim.o(.bss)
    htim3                                    0x20000d7c   Data          72  tim.o(.bss)
    htim8                                    0x20000dc4   Data          72  tim.o(.bss)
    htim12                                   0x20000e0c   Data          72  tim.o(.bss)
    huart1                                   0x20000e54   Data          72  usart.o(.bss)
    huart3                                   0x20000e9c   Data          72  usart.o(.bss)
    huart6                                   0x20000ee4   Data          72  usart.o(.bss)
    hdma_usart1_rx                           0x20000f2c   Data          96  usart.o(.bss)
    hdma_usart1_tx                           0x20000f8c   Data          96  usart.o(.bss)
    hdma_usart3_rx                           0x20000fec   Data          96  usart.o(.bss)
    hdma_usart6_rx                           0x2000104c   Data          96  usart.o(.bss)
    hdma_usart6_tx                           0x200010ac   Data          96  usart.o(.bss)
    htim6                                    0x2000110c   Data          72  stm32f4xx_hal_timebase_tim.o(.bss)
    xQueueRegistry                           0x20001154   Data          64  queue.o(.bss)
    INS                                      0x20007394   Data         136  app_ins.o(.bss)
    Param                                    0x2000741c   Data          28  app_ins.o(.bss)
    USART1_TX_BUF                            0x20007438   Data         400  app_autoaim.o(.bss)
    USART1_RX_BUF                            0x200075c8   Data         400  app_autoaim.o(.bss)
    ChariqotRecognition_data                 0x20007758   Data          60  app_autoaim.o(.bss)
    Distance_buf                             0x20007794   Data          20  app_autoaim.o(.bss)
    CR_ringBuffer                            0x200077a8   Data          64  app_autoaim.o(.bss)
    CR_yaw_Angle                             0x200077e8   Data          80  app_autoaim.o(.bss)
    Sendtosight                              0x20007838   Data          14  app_autoaim.o(.bss)
    visionDataSend                           0x20007846   Data          30  app_autoaim.o(.bss)
    visionDataGet                            0x20007864   Data          20  app_autoaim.o(.bss)
    RXdata                                   0x20007878   Data          15  app_autoaim.o(.bss)
    GimbalPitch_gimbalPitchControlData       0x20007888   Data         276  module_gimbal.o(.bss)
    GimbalYaw_gimbalYawControlData           0x2000799c   Data         284  module_gimbal.o(.bss)
    Shooter_ShooterControl                   0x20007ab8   Data         600  module_shoot.o(.bss)
    Chassis_ControlData                      0x20007d10   Data        1664  module_chassis.o(.bss)
    Chassis_StatusData                       0x20008390   Data          40  module_chassis.o(.bss)
    Motor_groupHandle                        0x200083b8   Data          16  periph_motor.o(.bss)
    Motor_ChassisMotors                      0x200083c8   Data          52  periph_motor.o(.bss)
    Motor_PitchMotors                        0x200083fc   Data          52  periph_motor.o(.bss)
    Motor_ShootMotors                        0x20008430   Data          52  periph_motor.o(.bss)
    Motor_ShootMotors1                       0x20008464   Data          52  periph_motor.o(.bss)
    Motor_ChassisFontRightMotor              0x20008498   Data          84  periph_motor.o(.bss)
    Motor_ChassisFontLeftMotor               0x200084ec   Data          84  periph_motor.o(.bss)
    Motor_ChassisBackLeftMotor               0x20008540   Data          84  periph_motor.o(.bss)
    Motor_ChassisBackRightMotor              0x20008594   Data          84  periph_motor.o(.bss)
    Motor_PitchMotor                         0x200085e8   Data          84  periph_motor.o(.bss)
    Motor_YawMotor                           0x2000863c   Data          84  periph_motor.o(.bss)
    Motor_ShootLeftMotor                     0x20008690   Data          84  periph_motor.o(.bss)
    Motor_ShootRightMotor                    0x200086e4   Data          84  periph_motor.o(.bss)
    Motor_FeedMotor                          0x20008738   Data          84  periph_motor.o(.bss)
    BMI088_BMI088Data                        0x2000878c   Data         100  periph_bmi088.o(.bss)
    Referee_TxData                           0x200087f0   Data         300  periph_referee.o(.bss)
    Referee_RxData                           0x2000891c   Data         300  periph_referee.o(.bss)
    Referee_RefereeData                      0x20008a48   Data          72  periph_referee.o(.bss)
    Referee_dummyGraphicCmd                  0x20008a90   Data          15  periph_referee.o(.bss)
    Servo_ammoContainerCapServo              0x20008aa0   Data          64  periph_servo.o(.bss)
    Remote_RxData                            0x20008ae0   Data          54  periph_remote.o(.bss)
    Remote_RemoteData                        0x20008b18   Data          44  periph_remote.o(.bss)
    motor                                    0x20008b44   Data        2720  periph_dmmotor.o(.bss)
    Can_RxHeader                             0x200095e4   Data          28  util_can.o(.bss)
    Can_RxData                               0x20009600   Data         200  util_can.o(.bss)
    QuaternionEKF_K                          0x200096c8   Data          72  alg_quaternionekf.o(.bss)
    QuaternionEKF_H                          0x20009710   Data          72  alg_quaternionekf.o(.bss)
    QEKF_INS                                 0x20009758   Data         480  alg_quaternionekf.o(.bss)
    BusComm_TxData                           0x20009938   Data         100  protocol_common.o(.bss)
    BusComm_RxData                           0x2000999c   Data         100  protocol_common.o(.bss)
    Protocol_Data                            0x20009a00   Data          28  protocol_common.o(.bss)
    Protocol_CAN_TxhEADER                    0x20009a1c   Data          24  protocol_transmit.o(.bss)
    __heap_base                              0x20009a38   Data           0  startup_stm32f407xx.o(HEAP)
    __heap_limit                             0x2000ba38   Data           0  startup_stm32f407xx.o(HEAP)
    __initial_sp                             0x2000fa38   Data           0  startup_stm32f407xx.o(STACK)



==============================================================================

Memory Map of the image

  Image Entry point : 0x08000189

  Load Region LR_IROM1 (Base: 0x08000000, Size: 0x00011ba4, Max: 0x00100000, ABSOLUTE, COMPRESSED[0x000117a4])

    Execution Region ER_IROM1 (Exec base: 0x08000000, Load base: 0x08000000, Size: 0x00011680, Max: 0x00100000, ABSOLUTE)

    Exec Addr    Load Addr    Size         Type   Attr      Idx    E Section Name        Object

    0x08000000   0x08000000   0x00000188   Data   RO            3    RESET               startup_stm32f407xx.o
    0x08000188   0x08000188   0x00000000   Code   RO         9209  * .ARM.Collect$$$$00000000  mc_w.l(entry.o)
    0x08000188   0x08000188   0x00000004   Code   RO         9312    .ARM.Collect$$$$00000001  mc_w.l(entry2.o)
    0x0800018c   0x0800018c   0x00000004   Code   RO         9315    .ARM.Collect$$$$00000004  mc_w.l(entry5.o)
    0x08000190   0x08000190   0x00000000   Code   RO         9317    .ARM.Collect$$$$00000008  mc_w.l(entry7b.o)
    0x08000190   0x08000190   0x00000000   Code   RO         9319    .ARM.Collect$$$$0000000A  mc_w.l(entry8b.o)
    0x08000190   0x08000190   0x00000008   Code   RO         9320    .ARM.Collect$$$$0000000B  mc_w.l(entry9a.o)
    0x08000198   0x08000198   0x00000000   Code   RO         9322    .ARM.Collect$$$$0000000D  mc_w.l(entry10a.o)
    0x08000198   0x08000198   0x00000000   Code   RO         9324    .ARM.Collect$$$$0000000F  mc_w.l(entry11a.o)
    0x08000198   0x08000198   0x00000004   Code   RO         9313    .ARM.Collect$$$$00002712  mc_w.l(entry2.o)
    0x0800019c   0x0800019c   0x000000be   Code   RO         5493    .emb_text           port.o
    0x0800025a   0x0800025a   0x00000002   PAD
    0x0800025c   0x0800025c   0x00000024   Code   RO            4    .text               startup_stm32f407xx.o
    0x08000280   0x08000280   0x00000062   Code   RO         9212    .text               mc_w.l(uldiv.o)
    0x080002e2   0x080002e2   0x00000024   Code   RO         9214    .text               mc_w.l(memcpya.o)
    0x08000306   0x08000306   0x00000024   Code   RO         9218    .text               mc_w.l(memseta.o)
    0x0800032a   0x0800032a   0x0000014e   Code   RO         9280    .text               mf_w.l(dadd.o)
    0x08000478   0x08000478   0x000000e4   Code   RO         9282    .text               mf_w.l(dmul.o)
    0x0800055c   0x0800055c   0x00000026   Code   RO         9288    .text               mf_w.l(f2d.o)
    0x08000582   0x08000582   0x00000002   PAD
    0x08000584   0x08000584   0x00000030   Code   RO         9290    .text               mf_w.l(cdcmple.o)
    0x080005b4   0x080005b4   0x00000030   Code   RO         9292    .text               mf_w.l(cdrcmple.o)
    0x080005e4   0x080005e4   0x00000038   Code   RO         9294    .text               mf_w.l(d2f.o)
    0x0800061c   0x0800061c   0x0000001e   Code   RO         9331    .text               mc_w.l(llshl.o)
    0x0800063a   0x0800063a   0x00000020   Code   RO         9333    .text               mc_w.l(llushr.o)
    0x0800065a   0x0800065a   0x00000024   Code   RO         9335    .text               mc_w.l(llsshr.o)
    0x0800067e   0x0800067e   0x00000000   Code   RO         9348    .text               mc_w.l(iusefp.o)
    0x0800067e   0x0800067e   0x0000006e   Code   RO         9349    .text               mf_w.l(fepilogue.o)
    0x080006ec   0x080006ec   0x000000ba   Code   RO         9351    .text               mf_w.l(depilogue.o)
    0x080007a6   0x080007a6   0x00000002   PAD
    0x080007a8   0x080007a8   0x00000024   Code   RO         9359    .text               mc_w.l(init.o)
    0x080007cc   0x080007cc   0x00000056   Code   RO         9384    .text               mc_w.l(__dczerorl2.o)
    0x08000822   0x08000822   0x00000002   PAD
    0x08000824   0x08000824   0x000000a0   Code   RO         8984    .text.arm_cos_f32   arm_cortexM4lf_math.lib(arm_cos_f32.o)
    0x080008c4   0x080008c4   0x000000be   Code   RO         9004    .text.arm_mat_add_f32  arm_cortexM4lf_math.lib(arm_mat_add_f32.o)
    0x08000982   0x08000982   0x00000008   Code   RO         9014    .text.arm_mat_init_f32  arm_cortexM4lf_math.lib(arm_mat_init_f32.o)
    0x0800098a   0x0800098a   0x00000002   PAD
    0x0800098c   0x0800098c   0x000002d0   Code   RO         9023    .text.arm_mat_inverse_f32  arm_cortexM4lf_math.lib(arm_mat_inverse_f32.o)
    0x08000c5c   0x08000c5c   0x0000013c   Code   RO         9033    .text.arm_mat_mult_f32  arm_cortexM4lf_math.lib(arm_mat_mult_f32.o)
    0x08000d98   0x08000d98   0x000000be   Code   RO         9043    .text.arm_mat_sub_f32  arm_cortexM4lf_math.lib(arm_mat_sub_f32.o)
    0x08000e56   0x08000e56   0x00000002   PAD
    0x08000e58   0x08000e58   0x000000b2   Code   RO         9053    .text.arm_mat_trans_f32  arm_cortexM4lf_math.lib(arm_mat_trans_f32.o)
    0x08000f0a   0x08000f0a   0x00000002   PAD
    0x08000f0c   0x08000f0c   0x00000098   Code   RO         8994    .text.arm_sin_f32   arm_cortexM4lf_math.lib(arm_sin_f32.o)
    0x08000fa4   0x08000fa4   0x000001c8   Code   RO         7096    i.BMI088_BMI088AccelInit  periph_bmi088.o
    0x0800116c   0x0800116c   0x0000042c   Code   RO         7098    i.BMI088_BMI088AccelTest  periph_bmi088.o
    0x08001598   0x08001598   0x00000264   Code   RO         7099    i.BMI088_BMI088DecodeData  periph_bmi088.o
    0x080017fc   0x080017fc   0x0000018c   Code   RO         7100    i.BMI088_BMI088GyroInit  periph_bmi088.o
    0x08001988   0x08001988   0x00000164   Code   RO         7102    i.BMI088_BMI088GyroTest  periph_bmi088.o
    0x08001aec   0x08001aec   0x00000008   Code   RO         7104    i.BMI088_GetBMI088DataPtr  periph_bmi088.o
    0x08001af4   0x08001af4   0x0000010c   Code   RO         7105    i.BMI088_GetOffset  periph_bmi088.o
    0x08001c00   0x08001c00   0x00000054   Code   RO         7106    i.BMI088_Init       periph_bmi088.o
    0x08001c54   0x08001c54   0x00000026   Code   RO         7107    i.BMI088_IsBMI088Offline  periph_bmi088.o
    0x08001c7a   0x08001c7a   0x00000002   PAD
    0x08001c7c   0x08001c7c   0x00000054   Code   RO         7108    i.BMI088_ResetBMI088Data  periph_bmi088.o
    0x08001cd0   0x08001cd0   0x00000504   Code   RO         7109    i.BMI088_SetOffset  periph_bmi088.o
    0x080021d4   0x080021d4   0x0000015a   Code   RO         5848    i.BodyFrameToEarthFrame  app_ins.o
    0x0800232e   0x0800232e   0x00000004   Code   RO          664    i.BusFault_Handler  stm32f4xx_it.o
    0x08002332   0x08002332   0x00000002   PAD
    0x08002334   0x08002334   0x00000010   Code   RO          665    i.CAN1_RX0_IRQHandler  stm32f4xx_it.o
    0x08002344   0x08002344   0x00000010   Code   RO          666    i.CAN2_RX0_IRQHandler  stm32f4xx_it.o
    0x08002354   0x08002354   0x00000034   Code   RO         8386    i.CRC_GetCRC16CheckSum  alg_crc.o
    0x08002388   0x08002388   0x00000024   Code   RO         8387    i.CRC_GetCRC8CheckSum  alg_crc.o
    0x080023ac   0x080023ac   0x00000040   Code   RO         8388    i.CRC_VerifyCRC16CheckSum  alg_crc.o
    0x080023ec   0x080023ec   0x00000034   Code   RO         8389    i.CRC_VerifyCRC8CheckSum  alg_crc.o
    0x08002420   0x08002420   0x00000006   Code   RO         7639    i.Can_ErrorHandler  util_can.o
    0x08002426   0x08002426   0x00000002   PAD
    0x08002428   0x08002428   0x00000070   Code   RO         7640    i.Can_InitFilterAndStart  util_can.o
    0x08002498   0x08002498   0x00000012   Code   RO         7641    i.Can_InitTxHeader  util_can.o
    0x080024aa   0x080024aa   0x00000002   PAD
    0x080024ac   0x080024ac   0x00000050   Code   RO         7642    i.Can_RxMessageCallback  util_can.o
    0x080024fc   0x080024fc   0x00000020   Code   RO         7643    i.Can_SendMessage   util_can.o
    0x0800251c   0x0800251c   0x00000008   Code   RO         6663    i.Chassis_ChassisPtr  module_chassis.o
    0x08002524   0x08002524   0x00000148   Code   RO         6664    i.Chassis_Control   module_chassis.o
    0x0800266c   0x0800266c   0x00000778   Code   RO         6665    i.Chassis_InitChassis  module_chassis.o
    0x08002de4   0x08002de4   0x0000000e   Code   RO         6668    i.Chassis_SetChassisMode  module_chassis.o
    0x08002df2   0x08002df2   0x00000002   PAD
    0x08002df4   0x08002df4   0x000004b8   Code   RO         6670    i.Chassis_SetChassisRef  module_chassis.o
    0x080032ac   0x080032ac   0x000000ac   Code   RO         6671    i.Chassis_SetChassisYawAngle  module_chassis.o
    0x08003358   0x08003358   0x00000008   Code   RO         6672    i.Chassis_StatusPtr  module_chassis.o
    0x08003360   0x08003360   0x0000000e   Code   RO         6235    i.Chassis_Task      app_chassis.o
    0x0800336e   0x0800336e   0x0000000e   Code   RO         5573    i.Comm_Task         app_communicate.o
    0x0800337c   0x0800337c   0x00000010   Code   RO          667    i.DMA1_Stream1_IRQHandler  stm32f4xx_it.o
    0x0800338c   0x0800338c   0x00000010   Code   RO          668    i.DMA2_Stream1_IRQHandler  stm32f4xx_it.o
    0x0800339c   0x0800339c   0x00000010   Code   RO          669    i.DMA2_Stream5_IRQHandler  stm32f4xx_it.o
    0x080033ac   0x080033ac   0x00000010   Code   RO          670    i.DMA2_Stream6_IRQHandler  stm32f4xx_it.o
    0x080033bc   0x080033bc   0x00000010   Code   RO          671    i.DMA2_Stream7_IRQHandler  stm32f4xx_it.o
    0x080033cc   0x080033cc   0x00000034   Code   RO         2605    i.DMA_CalcBaseAndBitshift  stm32f4xx_hal_dma.o
    0x08003400   0x08003400   0x000000aa   Code   RO         2606    i.DMA_CheckFifoParam  stm32f4xx_hal_dma.o
    0x080034aa   0x080034aa   0x0000002c   Code   RO         2607    i.DMA_SetConfig     stm32f4xx_hal_dma.o
    0x080034d6   0x080034d6   0x00000002   PAD
    0x080034d8   0x080034d8   0x00000030   Code   RO         8128    i.DWT_CNT_Update    sys_dwt.o
    0x08003508   0x08003508   0x0000003c   Code   RO         8129    i.DWT_Delay         sys_dwt.o
    0x08003544   0x08003544   0x0000004c   Code   RO         8130    i.DWT_GetDeltaT     sys_dwt.o
    0x08003590   0x08003590   0x00000054   Code   RO         8133    i.DWT_GetTimeline_s  sys_dwt.o
    0x080035e4   0x080035e4   0x00000068   Code   RO         8135    i.DWT_Init          sys_dwt.o
    0x0800364c   0x0800364c   0x000000d0   Code   RO         8136    i.DWT_SysTimeUpdate  sys_dwt.o
    0x0800371c   0x0800371c   0x00000002   Code   RO          672    i.DebugMon_Handler  stm32f4xx_it.o
    0x0800371e   0x0800371e   0x0000000a   Code   RO          673    i.EXTI3_IRQHandler  stm32f4xx_it.o
    0x08003728   0x08003728   0x0000000a   Code   RO          674    i.EXTI4_IRQHandler  stm32f4xx_it.o
    0x08003732   0x08003732   0x0000000a   Code   RO          675    i.EXTI9_5_IRQHandler  stm32f4xx_it.o
    0x0800373c   0x0800373c   0x0000015a   Code   RO         5849    i.EarthFrameToBodyFrame  app_ins.o
    0x08003896   0x08003896   0x00000006   Code   RO           13    i.Error_Handler     main.o
    0x0800389c   0x0800389c   0x00000058   Code   RO         8263    i.Filter_LowPass    alg_filter.o
    0x080038f4   0x080038f4   0x00000006   Code   RO         8264    i.Filter_LowPassInit  alg_filter.o
    0x080038fa   0x080038fa   0x00000012   Code   RO         7773    i.GPIO_ReadPin      util_gpio.o
    0x0800390c   0x0800390c   0x0000001e   Code   RO         7774    i.GPIO_Reset        util_gpio.o
    0x0800392a   0x0800392a   0x0000001e   Code   RO         7775    i.GPIO_Set          util_gpio.o
    0x08003948   0x08003948   0x00000080   Code   RO         6160    i.GetVisionData     app_autoaim.o
    0x080039c8   0x080039c8   0x00000042   Code   RO         6161    i.Get_CRC16_CCITT   app_autoaim.o
    0x08003a0a   0x08003a0a   0x00000002   PAD
    0x08003a0c   0x08003a0c   0x00000008   Code   RO         6357    i.GimbalPitch_GetGimbalPitchPtr  module_gimbal.o
    0x08003a14   0x08003a14   0x000000f0   Code   RO         6358    i.GimbalPitch_InitGimbalPitch  module_gimbal.o
    0x08003b04   0x08003b04   0x0000002c   Code   RO         6359    i.GimbalPitch_Output  module_gimbal.o
    0x08003b30   0x08003b30   0x0000008c   Code   RO         6362    i.GimbalPitch_SetPitchRef  module_gimbal.o
    0x08003bbc   0x08003bbc   0x00000008   Code   RO         6364    i.GimbalYaw_GetGimbalYawPtr  module_gimbal.o
    0x08003bc4   0x08003bc4   0x000000f0   Code   RO         6365    i.GimbalYaw_InitGimbalYaw  module_gimbal.o
    0x08003cb4   0x08003cb4   0x0000000e   Code   RO         6370    i.GimbalYaw_SetYawRef  module_gimbal.o
    0x08003cc2   0x08003cc2   0x00000002   PAD
    0x08003cc4   0x08003cc4   0x00000070   Code   RO         6371    i.Gimbal_DMLimitPitch  module_gimbal.o
    0x08003d34   0x08003d34   0x0000008c   Code   RO         6373    i.Gimbal_LimitYaw   module_gimbal.o
    0x08003dc0   0x08003dc0   0x0000002c   Code   RO         5796    i.Gimbal_Task       app_gimbal.o
    0x08003dec   0x08003dec   0x0000002a   Code   RO         1868    i.HAL_CAN_ActivateNotification  stm32f4xx_hal_can.o
    0x08003e16   0x08003e16   0x0000014a   Code   RO         1869    i.HAL_CAN_AddTxMessage  stm32f4xx_hal_can.o
    0x08003f60   0x08003f60   0x00000120   Code   RO         1870    i.HAL_CAN_ConfigFilter  stm32f4xx_hal_can.o
    0x08004080   0x08004080   0x00000002   Code   RO         1873    i.HAL_CAN_ErrorCallback  stm32f4xx_hal_can.o
    0x08004082   0x08004082   0x00000194   Code   RO         1876    i.HAL_CAN_GetRxMessage  stm32f4xx_hal_can.o
    0x08004216   0x08004216   0x00000036   Code   RO         1878    i.HAL_CAN_GetTxMailboxesFreeLevel  stm32f4xx_hal_can.o
    0x0800424c   0x0800424c   0x0000024e   Code   RO         1880    i.HAL_CAN_IRQHandler  stm32f4xx_hal_can.o
    0x0800449a   0x0800449a   0x00000174   Code   RO         1881    i.HAL_CAN_Init      stm32f4xx_hal_can.o
    0x0800460e   0x0800460e   0x00000002   PAD
    0x08004610   0x08004610   0x00000160   Code   RO          418    i.HAL_CAN_MspInit   can.o
    0x08004770   0x08004770   0x00000002   Code   RO         1888    i.HAL_CAN_RxFifo0FullCallback  stm32f4xx_hal_can.o
    0x08004772   0x08004772   0x00000002   PAD
    0x08004774   0x08004774   0x00000030   Code   RO         7644    i.HAL_CAN_RxFifo0MsgPendingCallback  util_can.o
    0x080047a4   0x080047a4   0x00000002   Code   RO         1890    i.HAL_CAN_RxFifo1FullCallback  stm32f4xx_hal_can.o
    0x080047a6   0x080047a6   0x00000002   PAD
    0x080047a8   0x080047a8   0x00000030   Code   RO         7645    i.HAL_CAN_RxFifo1MsgPendingCallback  util_can.o
    0x080047d8   0x080047d8   0x00000002   Code   RO         1892    i.HAL_CAN_SleepCallback  stm32f4xx_hal_can.o
    0x080047da   0x080047da   0x0000005e   Code   RO         1893    i.HAL_CAN_Start     stm32f4xx_hal_can.o
    0x08004838   0x08004838   0x00000002   Code   RO         1895    i.HAL_CAN_TxMailbox0AbortCallback  stm32f4xx_hal_can.o
    0x0800483a   0x0800483a   0x00000002   Code   RO         1896    i.HAL_CAN_TxMailbox0CompleteCallback  stm32f4xx_hal_can.o
    0x0800483c   0x0800483c   0x00000002   Code   RO         1897    i.HAL_CAN_TxMailbox1AbortCallback  stm32f4xx_hal_can.o
    0x0800483e   0x0800483e   0x00000002   Code   RO         1898    i.HAL_CAN_TxMailbox1CompleteCallback  stm32f4xx_hal_can.o
    0x08004840   0x08004840   0x00000002   Code   RO         1899    i.HAL_CAN_TxMailbox2AbortCallback  stm32f4xx_hal_can.o
    0x08004842   0x08004842   0x00000002   Code   RO         1900    i.HAL_CAN_TxMailbox2CompleteCallback  stm32f4xx_hal_can.o
    0x08004844   0x08004844   0x00000002   Code   RO         1902    i.HAL_CAN_WakeUpFromRxMsgCallback  stm32f4xx_hal_can.o
    0x08004846   0x08004846   0x000000ac   Code   RO         2608    i.HAL_DMA_Abort     stm32f4xx_hal_dma.o
    0x080048f2   0x080048f2   0x00000028   Code   RO         2609    i.HAL_DMA_Abort_IT  stm32f4xx_hal_dma.o
    0x0800491a   0x0800491a   0x00000002   PAD
    0x0800491c   0x0800491c   0x00000240   Code   RO         2613    i.HAL_DMA_IRQHandler  stm32f4xx_hal_dma.o
    0x08004b5c   0x08004b5c   0x000000ec   Code   RO         2614    i.HAL_DMA_Init      stm32f4xx_hal_dma.o
    0x08004c48   0x08004c48   0x00000066   Code   RO         2617    i.HAL_DMA_Start     stm32f4xx_hal_dma.o
    0x08004cae   0x08004cae   0x00000002   PAD
    0x08004cb0   0x08004cb0   0x00000028   Code   RO         3050    i.HAL_Delay         stm32f4xx_hal.o
    0x08004cd8   0x08004cd8   0x00000002   Code   RO         2499    i.HAL_GPIO_EXTI_Callback  stm32f4xx_hal_gpio.o
    0x08004cda   0x08004cda   0x00000002   PAD
    0x08004cdc   0x08004cdc   0x0000001c   Code   RO         2500    i.HAL_GPIO_EXTI_IRQHandler  stm32f4xx_hal_gpio.o
    0x08004cf8   0x08004cf8   0x000001f4   Code   RO         2501    i.HAL_GPIO_Init     stm32f4xx_hal_gpio.o
    0x08004eec   0x08004eec   0x00000010   Code   RO         2503    i.HAL_GPIO_ReadPin  stm32f4xx_hal_gpio.o
    0x08004efc   0x08004efc   0x0000000c   Code   RO         2505    i.HAL_GPIO_WritePin  stm32f4xx_hal_gpio.o
    0x08004f08   0x08004f08   0x0000000c   Code   RO         3056    i.HAL_GetTick       stm32f4xx_hal.o
    0x08004f14   0x08004f14   0x00000018   Code   RO         3062    i.HAL_IncTick       stm32f4xx_hal.o
    0x08004f2c   0x08004f2c   0x0000003c   Code   RO         3063    i.HAL_Init          stm32f4xx_hal.o
    0x08004f68   0x08004f68   0x000000b4   Code   RO          844    i.HAL_InitTick      stm32f4xx_hal_timebase_tim.o
    0x0800501c   0x0800501c   0x00000054   Code   RO          820    i.HAL_MspInit       stm32f4xx_hal_msp.o
    0x08005070   0x08005070   0x00000028   Code   RO         2893    i.HAL_NVIC_EnableIRQ  stm32f4xx_hal_cortex.o
    0x08005098   0x08005098   0x0000007c   Code   RO         2899    i.HAL_NVIC_SetPriority  stm32f4xx_hal_cortex.o
    0x08005114   0x08005114   0x00000028   Code   RO         2900    i.HAL_NVIC_SetPriorityGrouping  stm32f4xx_hal_cortex.o
    0x0800513c   0x0800513c   0x00000184   Code   RO         2102    i.HAL_RCC_ClockConfig  stm32f4xx_hal_rcc.o
    0x080052c0   0x080052c0   0x00000044   Code   RO         2106    i.HAL_RCC_GetClockConfig  stm32f4xx_hal_rcc.o
    0x08005304   0x08005304   0x0000000c   Code   RO         2107    i.HAL_RCC_GetHCLKFreq  stm32f4xx_hal_rcc.o
    0x08005310   0x08005310   0x00000020   Code   RO         2109    i.HAL_RCC_GetPCLK1Freq  stm32f4xx_hal_rcc.o
    0x08005330   0x08005330   0x00000020   Code   RO         2110    i.HAL_RCC_GetPCLK2Freq  stm32f4xx_hal_rcc.o
    0x08005350   0x08005350   0x000000b0   Code   RO         2111    i.HAL_RCC_GetSysClockFreq  stm32f4xx_hal_rcc.o
    0x08005400   0x08005400   0x0000049c   Code   RO         2114    i.HAL_RCC_OscConfig  stm32f4xx_hal_rcc.o
    0x0800589c   0x0800589c   0x000000c8   Code   RO         3312    i.HAL_SPI_Init      stm32f4xx_hal_spi.o
    0x08005964   0x08005964   0x00000158   Code   RO          491    i.HAL_SPI_MspInit   spi.o
    0x08005abc   0x08005abc   0x00000248   Code   RO         3321    i.HAL_SPI_TransmitReceive  stm32f4xx_hal_spi.o
    0x08005d04   0x08005d04   0x00000002   Code   RO         1600    i.HAL_TIMEx_BreakCallback  stm32f4xx_hal_tim_ex.o
    0x08005d06   0x08005d06   0x00000002   Code   RO         1601    i.HAL_TIMEx_CommutCallback  stm32f4xx_hal_tim_ex.o
    0x08005d08   0x08005d08   0x00000074   Code   RO         1603    i.HAL_TIMEx_ConfigBreakDeadTime  stm32f4xx_hal_tim_ex.o
    0x08005d7c   0x08005d7c   0x000000b4   Code   RO         1619    i.HAL_TIMEx_MasterConfigSynchronization  stm32f4xx_hal_tim_ex.o
    0x08005e30   0x08005e30   0x00000066   Code   RO          885    i.HAL_TIM_Base_Init  stm32f4xx_hal_tim.o
    0x08005e96   0x08005e96   0x00000002   PAD
    0x08005e98   0x08005e98   0x000000a4   Code   RO          533    i.HAL_TIM_Base_MspInit  tim.o
    0x08005f3c   0x08005f3c   0x000000a8   Code   RO          890    i.HAL_TIM_Base_Start_IT  stm32f4xx_hal_tim.o
    0x08005fe4   0x08005fe4   0x0000010c   Code   RO          894    i.HAL_TIM_ConfigClockSource  stm32f4xx_hal_tim.o
    0x080060f0   0x080060f0   0x00000002   Code   RO          919    i.HAL_TIM_IC_CaptureCallback  stm32f4xx_hal_tim.o
    0x080060f2   0x080060f2   0x0000016c   Code   RO          933    i.HAL_TIM_IRQHandler  stm32f4xx_hal_tim.o
    0x0800625e   0x0800625e   0x00000002   PAD
    0x08006260   0x08006260   0x00000060   Code   RO          534    i.HAL_TIM_MspPostInit  tim.o
    0x080062c0   0x080062c0   0x00000002   Code   RO          936    i.HAL_TIM_OC_DelayElapsedCallback  stm32f4xx_hal_tim.o
    0x080062c2   0x080062c2   0x00000104   Code   RO          957    i.HAL_TIM_PWM_ConfigChannel  stm32f4xx_hal_tim.o
    0x080063c6   0x080063c6   0x00000066   Code   RO          960    i.HAL_TIM_PWM_Init  stm32f4xx_hal_tim.o
    0x0800642c   0x0800642c   0x00000034   Code   RO          536    i.HAL_TIM_PWM_MspInit  tim.o
    0x08006460   0x08006460   0x00000002   Code   RO          963    i.HAL_TIM_PWM_PulseFinishedCallback  stm32f4xx_hal_tim.o
    0x08006462   0x08006462   0x00000002   PAD
    0x08006464   0x08006464   0x0000010c   Code   RO          965    i.HAL_TIM_PWM_Start  stm32f4xx_hal_tim.o
    0x08006570   0x08006570   0x000000a8   Code   RO          968    i.HAL_TIM_PWM_Stop  stm32f4xx_hal_tim.o
    0x08006618   0x08006618   0x0000002c   Code   RO           14    i.HAL_TIM_PeriodElapsedCallback  main.o
    0x08006644   0x08006644   0x00000002   Code   RO          976    i.HAL_TIM_TriggerCallback  stm32f4xx_hal_tim.o
    0x08006646   0x08006646   0x00000002   Code   RO         3635    i.HAL_UARTEx_RxEventCallback  stm32f4xx_hal_uart.o
    0x08006648   0x08006648   0x00000002   Code   RO         3649    i.HAL_UART_ErrorCallback  stm32f4xx_hal_uart.o
    0x0800664a   0x0800664a   0x00000002   PAD
    0x0800664c   0x0800664c   0x00000308   Code   RO         3652    i.HAL_UART_IRQHandler  stm32f4xx_hal_uart.o
    0x08006954   0x08006954   0x00000076   Code   RO         3653    i.HAL_UART_Init     stm32f4xx_hal_uart.o
    0x080069ca   0x080069ca   0x00000002   PAD
    0x080069cc   0x080069cc   0x0000034c   Code   RO          611    i.HAL_UART_MspInit  usart.o
    0x08006d18   0x08006d18   0x00000002   Code   RO         3659    i.HAL_UART_RxCpltCallback  stm32f4xx_hal_uart.o
    0x08006d1a   0x08006d1a   0x000000be   Code   RO         3661    i.HAL_UART_Transmit  stm32f4xx_hal_uart.o
    0x08006dd8   0x08006dd8   0x0000001c   Code   RO         8037    i.HAL_UART_TxCpltCallback  util_debug.o
    0x08006df4   0x08006df4   0x00000004   Code   RO          676    i.HardFault_Handler  stm32f4xx_it.o
    0x08006df8   0x08006df8   0x00000008   Code   RO         5851    i.INS_GetINSPtr     app_ins.o
    0x08006e00   0x08006e00   0x00000078   Code   RO         5852    i.INS_Init          app_ins.o
    0x08006e78   0x08006e78   0x0000005c   Code   RO         5611    i.Init_InitAll      app_init.o
    0x08006ed4   0x08006ed4   0x0000001c   Code   RO         5612    i.Init_Task         app_init.o
    0x08006ef0   0x08006ef0   0x000002e0   Code   RO         5853    i.Ins_Task          app_ins.o
    0x080071d0   0x080071d0   0x00000118   Code   RO         8309    i.Kalman_Adjustment_H_K_R  alg_kalman.o
    0x080072e8   0x080072e8   0x00000662   Code   RO         8310    i.Kalman_FilterInit  alg_kalman.o
    0x0800794a   0x0800794a   0x00000038   Code   RO         8311    i.Kalman_FilterMeasure  alg_kalman.o
    0x08007982   0x08007982   0x00000068   Code   RO         8312    i.Kalman_FilterPUpdate  alg_kalman.o
    0x080079ea   0x080079ea   0x00000068   Code   RO         8313    i.Kalman_FilterPminusUpdate  alg_kalman.o
    0x08007a52   0x08007a52   0x000000d2   Code   RO         8314    i.Kalman_FilterSetK  alg_kalman.o
    0x08007b24   0x08007b24   0x00000114   Code   RO         8315    i.Kalman_FilterUpdate  alg_kalman.o
    0x08007c38   0x08007c38   0x0000007c   Code   RO         8316    i.Kalman_FilterxhatMinusUpdate  alg_kalman.o
    0x08007cb4   0x08007cb4   0x00000086   Code   RO         8317    i.Kalman_FilterxhatUpdate  alg_kalman.o
    0x08007d3a   0x08007d3a   0x00000002   PAD
    0x08007d3c   0x08007d3c   0x00000044   Code   RO          419    i.MX_CAN1_Init      can.o
    0x08007d80   0x08007d80   0x00000044   Code   RO          420    i.MX_CAN2_Init      can.o
    0x08007dc4   0x08007dc4   0x000000b8   Code   RO          466    i.MX_DMA_Init       dma.o
    0x08007e7c   0x08007e7c   0x00000124   Code   RO          301    i.MX_FREERTOS_Init  freertos.o
    0x08007fa0   0x08007fa0   0x000001d4   Code   RO          264    i.MX_GPIO_Init      gpio.o
    0x08008174   0x08008174   0x00000048   Code   RO          492    i.MX_SPI1_Init      spi.o
    0x080081bc   0x080081bc   0x00000050   Code   RO          537    i.MX_TIM12_Init     tim.o
    0x0800820c   0x0800820c   0x000000b0   Code   RO          538    i.MX_TIM1_Init      tim.o
    0x080082bc   0x080082bc   0x00000070   Code   RO          539    i.MX_TIM3_Init      tim.o
    0x0800832c   0x0800832c   0x00000070   Code   RO          540    i.MX_TIM8_Init      tim.o
    0x0800839c   0x0800839c   0x00000038   Code   RO          612    i.MX_USART1_UART_Init  usart.o
    0x080083d4   0x080083d4   0x0000003c   Code   RO          613    i.MX_USART3_UART_Init  usart.o
    0x08008410   0x08008410   0x00000038   Code   RO          614    i.MX_USART6_UART_Init  usart.o
    0x08008448   0x08008448   0x00000020   Code   RO         8457    i.Math_Angle2Rad    alg_math.o
    0x08008468   0x08008468   0x0000005a   Code   RO         8460    i.Math_Differential  alg_math.o
    0x080084c2   0x080084c2   0x0000000a   Code   RO         8463    i.Math_InitSlopeParam  alg_math.o
    0x080084cc   0x080084cc   0x0000003c   Code   RO         8464    i.Math_InvSqrt      alg_math.o
    0x08008508   0x08008508   0x00000004   Code   RO          677    i.MemManage_Handler  stm32f4xx_it.o
    0x0800850c   0x0800850c   0x00000078   Code   RO         6789    i.Motor_EncoderDecodeCallback  periph_motor.o
    0x08008584   0x08008584   0x00000050   Code   RO         6790    i.Motor_GetMotorOutput  periph_motor.o
    0x080085d4   0x080085d4   0x0000014c   Code   RO         6791    i.Motor_InitAllMotors  periph_motor.o
    0x08008720   0x08008720   0x0000004c   Code   RO         6792    i.Motor_InitMotor   periph_motor.o
    0x0800876c   0x0800876c   0x00000044   Code   RO         6793    i.Motor_InitMotorGroup  periph_motor.o
    0x080087b0   0x080087b0   0x00000034   Code   RO         6794    i.Motor_IsAnyMotorOffline  periph_motor.o
    0x080087e4   0x080087e4   0x0000002a   Code   RO         6795    i.Motor_IsMotorOffline  periph_motor.o
    0x0800880e   0x0800880e   0x00000084   Code   RO         6796    i.Motor_SendMotorGroupOutput  periph_motor.o
    0x08008892   0x08008892   0x00000006   Code   RO         6798    i.Motor_SetMotorOutput  periph_motor.o
    0x08008898   0x08008898   0x00000006   Code   RO         6799    i.Motor_SetMotorOutputChassic  periph_motor.o
    0x0800889e   0x0800889e   0x00000008   Code   RO         6162    i.MyUART_Init       app_autoaim.o
    0x080088a6   0x080088a6   0x00000004   Code   RO          678    i.NMI_Handler       stm32f4xx_it.o
    0x080088aa   0x080088aa   0x0000000e   Code   RO         8535    i.PID_AddPIDRef     alg_pid.o
    0x080088b8   0x080088b8   0x0000035c   Code   RO         8536    i.PID_CalcPID       alg_pid.o
    0x08008c14   0x08008c14   0x00000070   Code   RO         8537    i.PID_ClearPID      alg_pid.o
    0x08008c84   0x08008c84   0x00000006   Code   RO         8538    i.PID_GetPIDFdb     alg_pid.o
    0x08008c8a   0x08008c8a   0x00000006   Code   RO         8539    i.PID_GetPIDOutput  alg_pid.o
    0x08008c90   0x08008c90   0x00000006   Code   RO         8540    i.PID_GetPIDRef     alg_pid.o
    0x08008c96   0x08008c96   0x0000008a   Code   RO         8541    i.PID_InitPIDParam  alg_pid.o
    0x08008d20   0x08008d20   0x00000006   Code   RO         8542    i.PID_SetPIDFdb     alg_pid.o
    0x08008d26   0x08008d26   0x00000006   Code   RO         8543    i.PID_SetPIDRef     alg_pid.o
    0x08008d2c   0x08008d2c   0x00000066   Code   RO         7822    i.PWM_SetPWMDuty    util_pwm.o
    0x08008d92   0x08008d92   0x0000001a   Code   RO         7824    i.PWM_StartPWM      util_pwm.o
    0x08008dac   0x08008dac   0x0000001c   Code   RO         7825    i.PWM_StopPWM       util_pwm.o
    0x08008dc8   0x08008dc8   0x0000000c   Code   RO         7222    i.P_ext_game_result  periph_referee.o
    0x08008dd4   0x08008dd4   0x00000012   Code   RO         7223    i.P_ext_game_robot_HP  periph_referee.o
    0x08008de6   0x08008de6   0x00000014   Code   RO         7224    i.P_ext_game_robot_pos  periph_referee.o
    0x08008dfa   0x08008dfa   0x0000005e   Code   RO         7225    i.P_ext_game_robot_status  periph_referee.o
    0x08008e58   0x08008e58   0x0000002a   Code   RO         7226    i.P_ext_game_status  periph_referee.o
    0x08008e82   0x08008e82   0x00000012   Code   RO         7227    i.P_ext_power_heat_data  periph_referee.o
    0x08008e94   0x08008e94   0x00000018   Code   RO         7228    i.P_ext_referee_warning  periph_referee.o
    0x08008eac   0x08008eac   0x00000024   Code   RO         7229    i.P_ext_robot_hurt  periph_referee.o
    0x08008ed0   0x08008ed0   0x00000032   Code   RO         7230    i.P_ext_shoot_data  periph_referee.o
    0x08008f02   0x08008f02   0x00000002   PAD
    0x08008f04   0x08008f04   0x00000374   Code   RO         5854    i.Param_Correction  app_ins.o
    0x08009278   0x08009278   0x00000008   Code   RO         8764    i.Protocol_GetBusDataPtr  protocol_common.o
    0x08009280   0x08009280   0x00000008   Code   RO         8765    i.Protocol_InitProtocol  protocol_common.o
    0x08009288   0x08009288   0x00000020   Code   RO         8766    i.Protocol_IsProtocolOffline  protocol_common.o
    0x080092a8   0x080092a8   0x00000010   Code   RO         8767    i.Protocol_ResetProtocolData  protocol_common.o
    0x080092b8   0x080092b8   0x00000010   Code   RO         8768    i.Protocol_SendBlockError  protocol_common.o
    0x080092c8   0x080092c8   0x000000b0   Code   RO         8769    i.Protocol_SendProtocolData  protocol_common.o
    0x08009378   0x08009378   0x00000238   Code   RO         8607    i.QuaternionEKF_F_Linearization_P_Fading  alg_quaternionekf.o
    0x080095b0   0x080095b0   0x00000130   Code   RO         8608    i.QuaternionEKF_Init  alg_quaternionekf.o
    0x080096e0   0x080096e0   0x00000034   Code   RO         8609    i.QuaternionEKF_Observe  alg_quaternionekf.o
    0x08009714   0x08009714   0x00000124   Code   RO         8610    i.QuaternionEKF_SetH  alg_quaternionekf.o
    0x08009838   0x08009838   0x0000063c   Code   RO         8611    i.QuaternionEKF_Update  alg_quaternionekf.o
    0x08009e74   0x08009e74   0x000004fc   Code   RO         8612    i.QuaternionEKF_xhatUpdate  alg_quaternionekf.o
    0x0800a370   0x0800a370   0x00000080   Code   RO         7231    i.Referee_DecodeRefereeData  periph_referee.o
    0x0800a3f0   0x0800a3f0   0x00000028   Code   RO         7232    i.Referee_GetClientIDByRobotID  periph_referee.o
    0x0800a418   0x0800a418   0x00000008   Code   RO         7233    i.Referee_GetRefereeDataPtr  periph_referee.o
    0x0800a420   0x0800a420   0x00000034   Code   RO         7234    i.Referee_InitReferee  periph_referee.o
    0x0800a454   0x0800a454   0x00000064   Code   RO         7236    i.Referee_ParseRefereeCmd  periph_referee.o
    0x0800a4b8   0x0800a4b8   0x00000034   Code   RO         7237    i.Referee_ParseRobotCustomData  periph_referee.o
    0x0800a4ec   0x0800a4ec   0x00000088   Code   RO         7238    i.Referee_RXCallback  periph_referee.o
    0x0800a574   0x0800a574   0x0000001c   Code   RO         7239    i.Referee_ResetRefereeData  periph_referee.o
    0x0800a590   0x0800a590   0x00000024   Code   RO         6129    i.Referee_Task      app_referee.o
    0x0800a5b4   0x0800a5b4   0x00000002   Code   RO         6303    i.Referee_Update    module_referee.o
    0x0800a5b6   0x0800a5b6   0x0000000a   Code   RO         7434    i.Remote_CancelChannelOffset  periph_remote.o
    0x0800a5c0   0x0800a5c0   0x00000050   Code   RO         6006    i.Remote_ControlCom  app_remote.o
    0x0800a610   0x0800a610   0x000001d2   Code   RO         7435    i.Remote_DecodeKeyboardData  periph_remote.o
    0x0800a7e2   0x0800a7e2   0x00000100   Code   RO         7436    i.Remote_DecodeRemoteData  periph_remote.o
    0x0800a8e2   0x0800a8e2   0x00000002   PAD
    0x0800a8e4   0x0800a8e4   0x00000008   Code   RO         6007    i.Remote_GetControlDataPtr  app_remote.o
    0x0800a8ec   0x0800a8ec   0x00000008   Code   RO         7437    i.Remote_GetRemoteDataPtr  periph_remote.o
    0x0800a8f4   0x0800a8f4   0x00000030   Code   RO         7438    i.Remote_InitRemote  periph_remote.o
    0x0800a924   0x0800a924   0x00000048   Code   RO         7439    i.Remote_IsRemoteError  periph_remote.o
    0x0800a96c   0x0800a96c   0x0000002c   Code   RO         7440    i.Remote_IsRemoteOffline  periph_remote.o
    0x0800a998   0x0800a998   0x0000031c   Code   RO         6008    i.Remote_KeyMouseProcess  app_remote.o
    0x0800acb4   0x0800acb4   0x00000070   Code   RO         6009    i.Remote_MouseShooterModeSet  app_remote.o
    0x0800ad24   0x0800ad24   0x00000048   Code   RO         7441    i.Remote_RXCallback  periph_remote.o
    0x0800ad6c   0x0800ad6c   0x00000304   Code   RO         6010    i.Remote_RemoteProcess  app_remote.o
    0x0800b070   0x0800b070   0x000001f0   Code   RO         6011    i.Remote_RemoteShooterModeSet  app_remote.o
    0x0800b260   0x0800b260   0x00000024   Code   RO         6012    i.Remote_RemotrControlInit  app_remote.o
    0x0800b284   0x0800b284   0x00000046   Code   RO         7442    i.Remote_ResetRemoteData  periph_remote.o
    0x0800b2ca   0x0800b2ca   0x0000000e   Code   RO         6013    i.Remote_Task       app_remote.o
    0x0800b2d8   0x0800b2d8   0x00000002   Code   RO         7443    i.Remote_ToSwitchState  periph_remote.o
    0x0800b2da   0x0800b2da   0x00000002   PAD
    0x0800b2dc   0x0800b2dc   0x00000088   Code   RO         3350    i.SPI_EndRxTxTransaction  stm32f4xx_hal_spi.o
    0x0800b364   0x0800b364   0x000000d8   Code   RO         3355    i.SPI_WaitFlagStateUntilTimeout  stm32f4xx_hal_spi.o
    0x0800b43c   0x0800b43c   0x00000100   Code   RO         6163    i.SendVisionData    app_autoaim.o
    0x0800b53c   0x0800b53c   0x00000044   Code   RO         6164    i.SendVisionData_Init  app_autoaim.o
    0x0800b580   0x0800b580   0x00000044   Code   RO         7372    i.Servo_SetServoAngle  periph_servo.o
    0x0800b5c4   0x0800b5c4   0x00000012   Code   RO         6101    i.Shoot_Task        app_shoot.o
    0x0800b5d6   0x0800b5d6   0x00000026   Code   RO         6508    i.Shooter_AngleCorrect  module_shoot.o
    0x0800b5fc   0x0800b5fc   0x0000003e   Code   RO         6509    i.Shooter_ChangeFeederMode  module_shoot.o
    0x0800b63a   0x0800b63a   0x0000000e   Code   RO         6510    i.Shooter_ChangeShooterMode  module_shoot.o
    0x0800b648   0x0800b648   0x00000010   Code   RO         6511    i.Shooter_Control   module_shoot.o
    0x0800b658   0x0800b658   0x00000120   Code   RO         6512    i.Shooter_FeederControl  module_shoot.o
    0x0800b778   0x0800b778   0x000000e4   Code   RO         6513    i.Shooter_FeederMotorLockedJudge  module_shoot.o
    0x0800b85c   0x0800b85c   0x0000000e   Code   RO         6514    i.Shooter_ForceChangeFeederMode  module_shoot.o
    0x0800b86a   0x0800b86a   0x00000050   Code   RO         6515    i.Shooter_GetRefereeSpeed  module_shoot.o
    0x0800b8ba   0x0800b8ba   0x00000050   Code   RO         6516    i.Shooter_GetShootSpeedOffset  module_shoot.o
    0x0800b90a   0x0800b90a   0x00000002   PAD
    0x0800b90c   0x0800b90c   0x00000008   Code   RO         6517    i.Shooter_GetShooterControlPtr  module_shoot.o
    0x0800b914   0x0800b914   0x00000118   Code   RO         6518    i.Shooter_HeatCtrl  module_shoot.o
    0x0800ba2c   0x0800ba2c   0x00000218   Code   RO         6519    i.Shooter_InitShooter  module_shoot.o
    0x0800bc44   0x0800bc44   0x00000048   Code   RO         6520    i.Shooter_MotorLockedHandle  module_shoot.o
    0x0800bc8c   0x0800bc8c   0x0000000e   Code   RO         6522    i.Shooter_SetFeederSpeed  module_shoot.o
    0x0800bc9a   0x0800bc9a   0x00000016   Code   RO         6523    i.Shooter_SetShooterSpeed  module_shoot.o
    0x0800bcb0   0x0800bcb0   0x000000f4   Code   RO         6524    i.Shooter_ShootControl  module_shoot.o
    0x0800bda4   0x0800bda4   0x0000001c   Code   RO         6525    i.Shooter_ShooterMotorOutput  module_shoot.o
    0x0800bdc0   0x0800bdc0   0x00000094   Code   RO         6526    i.Shooter_SingleShootCtrl  module_shoot.o
    0x0800be54   0x0800be54   0x0000000e   Code   RO         6527    i.Shooter_SingleShootReset  module_shoot.o
    0x0800be62   0x0800be62   0x00000030   Code   RO         6528    i.Shooter_UpdataControlData  module_shoot.o
    0x0800be92   0x0800be92   0x00000002   Code   RO         8231    i.SoftTimerCallback  sys_softtimer.o
    0x0800be94   0x0800be94   0x00000014   Code   RO         8232    i.SoftTimer_StartAll  sys_softtimer.o
    0x0800bea8   0x0800bea8   0x00000006   Code   RO         7871    i.Spi_ErrorHandler  util_spi.o
    0x0800beae   0x0800beae   0x00000020   Code   RO         7873    i.Spi_ReadMuliReg   util_spi.o
    0x0800bece   0x0800bece   0x00000028   Code   RO         7876    i.Spi_SwapAbyteData  util_spi.o
    0x0800bef6   0x0800bef6   0x00000002   PAD
    0x0800bef8   0x0800bef8   0x00000034   Code   RO         5494    i.SysTick_Handler   port.o
    0x0800bf2c   0x0800bf2c   0x000000b4   Code   RO           15    i.SystemClock_Config  main.o
    0x0800bfe0   0x0800bfe0   0x00000014   Code   RO         4045    i.SystemInit        system_stm32f4xx.o
    0x0800bff4   0x0800bff4   0x00000010   Code   RO          679    i.TIM3_IRQHandler   stm32f4xx_it.o
    0x0800c004   0x0800c004   0x00000010   Code   RO          680    i.TIM6_DAC_IRQHandler  stm32f4xx_it.o
    0x0800c014   0x0800c014   0x000000e0   Code   RO          978    i.TIM_Base_SetConfig  stm32f4xx_hal_tim.o
    0x0800c0f4   0x0800c0f4   0x00000022   Code   RO          979    i.TIM_CCxChannelCmd  stm32f4xx_hal_tim.o
    0x0800c116   0x0800c116   0x00000016   Code   RO          989    i.TIM_ETR_SetConfig  stm32f4xx_hal_tim.o
    0x0800c12c   0x0800c12c   0x00000012   Code   RO          990    i.TIM_ITRx_SetConfig  stm32f4xx_hal_tim.o
    0x0800c13e   0x0800c13e   0x00000002   PAD
    0x0800c140   0x0800c140   0x00000070   Code   RO          991    i.TIM_OC1_SetConfig  stm32f4xx_hal_tim.o
    0x0800c1b0   0x0800c1b0   0x0000007c   Code   RO          992    i.TIM_OC2_SetConfig  stm32f4xx_hal_tim.o
    0x0800c22c   0x0800c22c   0x00000078   Code   RO          993    i.TIM_OC3_SetConfig  stm32f4xx_hal_tim.o
    0x0800c2a4   0x0800c2a4   0x00000054   Code   RO          994    i.TIM_OC4_SetConfig  stm32f4xx_hal_tim.o
    0x0800c2f8   0x0800c2f8   0x00000026   Code   RO          996    i.TIM_TI1_ConfigInputStage  stm32f4xx_hal_tim.o
    0x0800c31e   0x0800c31e   0x00000028   Code   RO          998    i.TIM_TI2_ConfigInputStage  stm32f4xx_hal_tim.o
    0x0800c346   0x0800c346   0x00000002   PAD
    0x0800c348   0x0800c348   0x00000118   Code   RO         6165    i.Tidy_send_vision  app_autoaim.o
    0x0800c460   0x0800c460   0x00000012   Code   RO         3666    i.UART_DMAAbortOnError  stm32f4xx_hal_uart.o
    0x0800c472   0x0800c472   0x0000006c   Code   RO         3676    i.UART_EndRxTransfer  stm32f4xx_hal_uart.o
    0x0800c4de   0x0800c4de   0x00000020   Code   RO         3677    i.UART_EndTransmit_IT  stm32f4xx_hal_uart.o
    0x0800c4fe   0x0800c4fe   0x000000fc   Code   RO         3679    i.UART_Receive_IT   stm32f4xx_hal_uart.o
    0x0800c5fa   0x0800c5fa   0x00000002   PAD
    0x0800c5fc   0x0800c5fc   0x0000022c   Code   RO         3680    i.UART_SetConfig    stm32f4xx_hal_uart.o
    0x0800c828   0x0800c828   0x00000060   Code   RO         3683    i.UART_Transmit_IT  stm32f4xx_hal_uart.o
    0x0800c888   0x0800c888   0x0000008c   Code   RO         3684    i.UART_WaitOnFlagUntilTimeout  stm32f4xx_hal_uart.o
    0x0800c914   0x0800c914   0x00000128   Code   RO          681    i.USART1_IRQHandler  stm32f4xx_it.o
    0x0800ca3c   0x0800ca3c   0x00000014   Code   RO          682    i.USART3_IRQHandler  stm32f4xx_it.o
    0x0800ca50   0x0800ca50   0x00000014   Code   RO          683    i.USART6_IRQHandler  stm32f4xx_it.o
    0x0800ca64   0x0800ca64   0x00000008   Code   RO         7960    i.Uart_DMACurrentDataCounter  util_uart.o
    0x0800ca6c   0x0800ca6c   0x00000032   Code   RO         7962    i.Uart_InitUartDMA  util_uart.o
    0x0800ca9e   0x0800ca9e   0x00000042   Code   RO         7963    i.Uart_ReceiveDMA   util_uart.o
    0x0800cae0   0x0800cae0   0x00000038   Code   RO         7964    i.Uart_ReceiveHandler  util_uart.o
    0x0800cb18   0x0800cb18   0x0000002c   Code   RO         7965    i.Uart_RxIdleCallback  util_uart.o
    0x0800cb44   0x0800cb44   0x00000004   Code   RO          684    i.UsageFault_Handler  stm32f4xx_it.o
    0x0800cb48   0x0800cb48   0x00000058   Code   RO         5959    i.WatchDog_Feed     app_watchdog.o
    0x0800cba0   0x0800cba0   0x00000018   Code   RO         5960    i.WatchDog_Task     app_watchdog.o
    0x0800cbb8   0x0800cbb8   0x00000026   Code   RO         9296    i.__ARM_fpclassifyf  m_wm.l(fpclassifyf.o)
    0x0800cbde   0x0800cbde   0x00000002   PAD
    0x0800cbe0   0x0800cbe0   0x00000010   Code   RO         2906    i.__NVIC_GetPriorityGrouping  stm32f4xx_hal_cortex.o
    0x0800cbf0   0x0800cbf0   0x00000028   Code   RO         2907    i.__NVIC_SetPriority  stm32f4xx_hal_cortex.o
    0x0800cc18   0x0800cc18   0x00000118   Code   RO         9127    i.__hardfp_acosf    m_wm.l(acosf.o)
    0x0800cd30   0x0800cd30   0x0000012c   Code   RO         9139    i.__hardfp_asinf    m_wm.l(asinf.o)
    0x0800ce5c   0x0800ce5c   0x00000250   Code   RO         9151    i.__hardfp_atan2f   m_wm.l(atan2f.o)
    0x0800d0ac   0x0800d0ac   0x00000014   Code   RO         9169    i.__hardfp_fabs     m_wm.l(fabs.o)
    0x0800d0c0   0x0800d0c0   0x0000003a   Code   RO         9189    i.__hardfp_sqrtf    m_wm.l(sqrtf.o)
    0x0800d0fa   0x0800d0fa   0x00000006   Code   RO         9299    i.__mathlib_flt_infnan  m_wm.l(funder.o)
    0x0800d100   0x0800d100   0x00000006   Code   RO         9300    i.__mathlib_flt_infnan2  m_wm.l(funder.o)
    0x0800d106   0x0800d106   0x00000002   PAD
    0x0800d108   0x0800d108   0x00000010   Code   RO         9301    i.__mathlib_flt_invalid  m_wm.l(funder.o)
    0x0800d118   0x0800d118   0x00000010   Code   RO         9304    i.__mathlib_flt_underflow  m_wm.l(funder.o)
    0x0800d128   0x0800d128   0x0000000e   Code   RO         9378    i.__scatterload_copy  mc_w.l(handlers.o)
    0x0800d136   0x0800d136   0x00000002   Code   RO         9379    i.__scatterload_null  mc_w.l(handlers.o)
    0x0800d138   0x0800d138   0x0000000e   Code   RO         9380    i.__scatterload_zeroinit  mc_w.l(handlers.o)
    0x0800d146   0x0800d146   0x00000002   PAD
    0x0800d148   0x0800d148   0x0000000c   Code   RO         9341    i.__set_errno       mc_w.l(errno.o)
    0x0800d154   0x0800d154   0x0000005c   Code   RO         8903    i._send_chassis_ref  protocol_transmit.o
    0x0800d1b0   0x0800d1b0   0x0000005c   Code   RO         8904    i._send_imu_data    protocol_transmit.o
    0x0800d20c   0x0800d20c   0x00000050   Code   RO         8905    i._send_leg_ref     protocol_transmit.o
    0x0800d25c   0x0800d25c   0x0000005c   Code   RO         8906    i._send_mode        protocol_transmit.o
    0x0800d2b8   0x0800d2b8   0x0000000c   Code   RO         8703    i.buff2float        lib_buff.o
    0x0800d2c4   0x0800d2c4   0x00000046   Code   RO         7647    i.canx_send_data    util_can.o
    0x0800d30a   0x0800d30a   0x00000002   PAD
    0x0800d30c   0x0800d30c   0x0000001c   Code   RO         7525    i.dm_motor_detect   periph_dmmotor.o
    0x0800d328   0x0800d328   0x00000056   Code   RO         7527    i.dm_motor_enable   periph_dmmotor.o
    0x0800d37e   0x0800d37e   0x000000b6   Code   RO         7528    i.dm_motor_fbdata   periph_dmmotor.o
    0x0800d434   0x0800d434   0x00000070   Code   RO         7529    i.dm_motor_init     periph_dmmotor.o
    0x0800d4a4   0x0800d4a4   0x00000042   Code   RO         7530    i.enable_motor_mode  periph_dmmotor.o
    0x0800d4e6   0x0800d4e6   0x0000000c   Code   RO         8707    i.float2buff        lib_buff.o
    0x0800d4f2   0x0800d4f2   0x00000002   PAD
    0x0800d4f4   0x0800d4f4   0x000000f8   Code   RO         6804    i.gm6020_encoder_callback  periph_motor.o
    0x0800d5ec   0x0800d5ec   0x00000010   Code   RO         5057    i.inHandlerMode     cmsis_os.o
    0x0800d5fc   0x0800d5fc   0x0000005c   Code   RO           16    i.main              main.o
    0x0800d658   0x0800d658   0x0000000e   Code   RO         5059    i.makeFreeRtosPriority  cmsis_os.o
    0x0800d666   0x0800d666   0x00000002   PAD
    0x0800d668   0x0800d668   0x0000006c   Code   RO         9253    i.malloc            mc_w.l(malloc.o)
    0x0800d6d4   0x0800d6d4   0x00000018   Code   RO         5061    i.osDelay           cmsis_os.o
    0x0800d6ec   0x0800d6ec   0x0000000a   Code   RO         5064    i.osKernelStart     cmsis_os.o
    0x0800d6f6   0x0800d6f6   0x0000005e   Code   RO         5098    i.osThreadCreate    cmsis_os.o
    0x0800d754   0x0800d754   0x0000004c   Code   RO         5111    i.osTimerCreate     cmsis_os.o
    0x0800d7a0   0x0800d7a0   0x00000068   Code   RO         5113    i.osTimerStart      cmsis_os.o
    0x0800d808   0x0800d808   0x000000a4   Code   RO         4527    i.prvAddCurrentTaskToDelayedList  tasks.o
    0x0800d8ac   0x0800d8ac   0x000000b4   Code   RO         4528    i.prvAddNewTaskToReadyList  tasks.o
    0x0800d960   0x0800d960   0x00000074   Code   RO         4891    i.prvCheckForValidListAndQueue  timers.o
    0x0800d9d4   0x0800d9d4   0x00000048   Code   RO         4529    i.prvCheckTasksWaitingTermination  tasks.o
    0x0800da1c   0x0800da1c   0x0000002a   Code   RO         4174    i.prvCopyDataFromQueue  queue.o
    0x0800da46   0x0800da46   0x0000007e   Code   RO         4175    i.prvCopyDataToQueue  queue.o
    0x0800dac4   0x0800dac4   0x00000050   Code   RO         4530    i.prvDeleteTCB      tasks.o
    0x0800db14   0x0800db14   0x00000028   Code   RO         4892    i.prvGetNextExpireTime  timers.o
    0x0800db3c   0x0800db3c   0x0000007c   Code   RO         5438    i.prvHeapInit       heap_4.o
    0x0800dbb8   0x0800dbb8   0x00000028   Code   RO         4531    i.prvIdleTask       tasks.o
    0x0800dbe0   0x0800dbe0   0x00000026   Code   RO         4178    i.prvInitialiseNewQueue  queue.o
    0x0800dc06   0x0800dc06   0x000000c2   Code   RO         4532    i.prvInitialiseNewTask  tasks.o
    0x0800dcc8   0x0800dcc8   0x0000005a   Code   RO         4893    i.prvInitialiseNewTimer  timers.o
    0x0800dd22   0x0800dd22   0x00000002   PAD
    0x0800dd24   0x0800dd24   0x00000068   Code   RO         4533    i.prvInitialiseTaskLists  tasks.o
    0x0800dd8c   0x0800dd8c   0x00000068   Code   RO         5439    i.prvInsertBlockIntoFreeList  heap_4.o
    0x0800ddf4   0x0800ddf4   0x00000058   Code   RO         4894    i.prvInsertTimerInActiveList  timers.o
    0x0800de4c   0x0800de4c   0x0000001a   Code   RO         4179    i.prvIsQueueEmpty   queue.o
    0x0800de66   0x0800de66   0x0000001e   Code   RO         4180    i.prvIsQueueFull    queue.o
    0x0800de84   0x0800de84   0x00000074   Code   RO         4895    i.prvProcessExpiredTimer  timers.o
    0x0800def8   0x0800def8   0x00000164   Code   RO         4896    i.prvProcessReceivedCommands  timers.o
    0x0800e05c   0x0800e05c   0x00000074   Code   RO         4897    i.prvProcessTimerOrBlockTask  timers.o
    0x0800e0d0   0x0800e0d0   0x00000034   Code   RO         4534    i.prvResetNextTaskUnblockTime  tasks.o
    0x0800e104   0x0800e104   0x0000002c   Code   RO         4898    i.prvSampleTimeNow  timers.o
    0x0800e130   0x0800e130   0x000000a4   Code   RO         4899    i.prvSwitchTimerLists  timers.o
    0x0800e1d4   0x0800e1d4   0x00000040   Code   RO         5495    i.prvTaskExitError  port.o
    0x0800e214   0x0800e214   0x0000001a   Code   RO         4900    i.prvTimerTask      timers.o
    0x0800e22e   0x0800e22e   0x0000007e   Code   RO         4181    i.prvUnlockQueue    queue.o
    0x0800e2ac   0x0800e2ac   0x0000014c   Code   RO         5440    i.pvPortMalloc      heap_4.o
    0x0800e3f8   0x0800e3f8   0x0000002c   Code   RO         5496    i.pxPortInitialiseStack  port.o
    0x0800e424   0x0800e424   0x0000036e   Code   RO         6755    i.receive_motor_data  module_dm4310.o
    0x0800e792   0x0800e792   0x00000002   PAD
    0x0800e794   0x0800e794   0x000001d4   Code   RO         6805    i.rm2006_encoder_callback  periph_motor.o
    0x0800e968   0x0800e968   0x000001d0   Code   RO         6806    i.rm3508_encoder_callback  periph_motor.o
    0x0800eb38   0x0800eb38   0x0000003e   Code   RO         9191    i.sqrtf             m_wm.l(sqrtf.o)
    0x0800eb76   0x0800eb76   0x0000000a   Code   RO         8709    i.ui322buff         lib_buff.o
    0x0800eb80   0x0800eb80   0x00000034   Code   RO         7536    i.uint_to_float     periph_dmmotor.o
    0x0800ebb4   0x0800ebb4   0x00000104   Code   RO         6933    i.usart1_rx_dma_init  periph_autoaim.o
    0x0800ecb8   0x0800ecb8   0x00000074   Code   RO         6935    i.usart1_tx_dma_init  periph_autoaim.o
    0x0800ed2c   0x0800ed2c   0x00000028   Code   RO         3993    i.uxListRemove      list_1.o
    0x0800ed54   0x0800ed54   0x00000018   Code   RO          307    i.vApplicationGetIdleTaskMemory  freertos.o
    0x0800ed6c   0x0800ed6c   0x00000018   Code   RO          308    i.vApplicationGetTimerTaskMemory  freertos.o
    0x0800ed84   0x0800ed84   0x0000001a   Code   RO         3994    i.vListInitialise   list_1.o
    0x0800ed9e   0x0800ed9e   0x00000006   Code   RO         3995    i.vListInitialiseItem  list_1.o
    0x0800eda4   0x0800eda4   0x00000034   Code   RO         3996    i.vListInsert       list_1.o
    0x0800edd8   0x0800edd8   0x00000018   Code   RO         3997    i.vListInsertEnd    list_1.o
    0x0800edf0   0x0800edf0   0x00000054   Code   RO         5498    i.vPortEnterCritical  port.o
    0x0800ee44   0x0800ee44   0x0000003c   Code   RO         5499    i.vPortExitCritical  port.o
    0x0800ee80   0x0800ee80   0x000000a4   Code   RO         5441    i.vPortFree         heap_4.o
    0x0800ef24   0x0800ef24   0x00000028   Code   RO         5500    i.vPortSetupTimerInterrupt  port.o
    0x0800ef4c   0x0800ef4c   0x00000078   Code   RO         5501    i.vPortValidateInterruptPriority  port.o
    0x0800efc4   0x0800efc4   0x0000002c   Code   RO         4185    i.vQueueAddToRegistry  queue.o
    0x0800eff0   0x0800eff0   0x0000004a   Code   RO         4188    i.vQueueWaitForMessageRestricted  queue.o
    0x0800f03a   0x0800f03a   0x00000002   PAD
    0x0800f03c   0x0800f03c   0x0000005c   Code   RO         4546    i.vTaskDelay        tasks.o
    0x0800f098   0x0800f098   0x00000018   Code   RO         4550    i.vTaskInternalSetTimeOutState  tasks.o
    0x0800f0b0   0x0800f0b0   0x0000000c   Code   RO         4551    i.vTaskMissedYield  tasks.o
    0x0800f0bc   0x0800f0bc   0x00000038   Code   RO         4553    i.vTaskPlaceOnEventList  tasks.o
    0x0800f0f4   0x0800f0f4   0x00000040   Code   RO         4554    i.vTaskPlaceOnEventListRestricted  tasks.o
    0x0800f134   0x0800f134   0x000000b8   Code   RO         4561    i.vTaskStartScheduler  tasks.o
    0x0800f1ec   0x0800f1ec   0x000000f4   Code   RO         4562    i.vTaskSuspend      tasks.o
    0x0800f2e0   0x0800f2e0   0x00000010   Code   RO         4563    i.vTaskSuspendAll   tasks.o
    0x0800f2f0   0x0800f2f0   0x0000008c   Code   RO         4564    i.vTaskSwitchContext  tasks.o
    0x0800f37c   0x0800f37c   0x00000168   Code   RO         5502    i.xPortStartScheduler  port.o
    0x0800f4e4   0x0800f4e4   0x000000e0   Code   RO         4192    i.xQueueGenericCreateStatic  queue.o
    0x0800f5c4   0x0800f5c4   0x00000098   Code   RO         4193    i.xQueueGenericReset  queue.o
    0x0800f65c   0x0800f65c   0x000001a8   Code   RO         4194    i.xQueueGenericSend  queue.o
    0x0800f804   0x0800f804   0x000000fc   Code   RO         4195    i.xQueueGenericSendFromISR  queue.o
    0x0800f900   0x0800f900   0x00000168   Code   RO         4203    i.xQueueReceive     queue.o
    0x0800fa68   0x0800fa68   0x000000a8   Code   RO         4567    i.xTaskCheckForTimeOut  tasks.o
    0x0800fb10   0x0800fb10   0x00000064   Code   RO         4568    i.xTaskCreate       tasks.o
    0x0800fb74   0x0800fb74   0x000000ba   Code   RO         4569    i.xTaskCreateStatic  tasks.o
    0x0800fc2e   0x0800fc2e   0x00000002   PAD
    0x0800fc30   0x0800fc30   0x00000020   Code   RO         4574    i.xTaskGetSchedulerState  tasks.o
    0x0800fc50   0x0800fc50   0x0000000c   Code   RO         4575    i.xTaskGetTickCount  tasks.o
    0x0800fc5c   0x0800fc5c   0x00000148   Code   RO         4577    i.xTaskIncrementTick  tasks.o
    0x0800fda4   0x0800fda4   0x000000c8   Code   RO         4580    i.xTaskPriorityDisinherit  tasks.o
    0x0800fe6c   0x0800fe6c   0x00000098   Code   RO         4582    i.xTaskRemoveFromEventList  tasks.o
    0x0800ff04   0x0800ff04   0x00000104   Code   RO         4583    i.xTaskResumeAll    tasks.o
    0x08010008   0x08010008   0x00000036   Code   RO         4905    i.xTimerCreate      timers.o
    0x0801003e   0x0801003e   0x00000072   Code   RO         4906    i.xTimerCreateStatic  timers.o
    0x080100b0   0x080100b0   0x00000078   Code   RO         4907    i.xTimerCreateTimerTask  timers.o
    0x08010128   0x08010128   0x00000084   Code   RO         4908    i.xTimerGenericCommand  timers.o
    0x080101ac   0x080101ac   0x00000104   Data   RO          310    .constdata          freertos.o
    0x080102b0   0x080102b0   0x00000008   Data   RO         2620    .constdata          stm32f4xx_hal_dma.o
    0x080102b8   0x080102b8   0x00000018   Data   RO         4046    .constdata          system_stm32f4xx.o
    0x080102d0   0x080102d0   0x00000044   Data   RO         5858    .constdata          app_ins.o
    0x08010314   0x08010314   0x00000014   Data   RO         7111    .constdata          periph_bmi088.o
    0x08010328   0x08010328   0x00000124   Data   RO         7243    .constdata          periph_referee.o
    0x0801044c   0x0801044c   0x00000680   Data   RO         8205    .constdata          sys_const.o
    0x08010acc   0x08010acc   0x00000300   Data   RO         8392    .constdata          alg_crc.o
    0x08010dcc   0x08010dcc   0x00000090   Data   RO          311    .conststring        freertos.o
    0x08010e5c   0x08010e5c   0x00000804   Data   RO         9119    .rodata.sinTable_f32  arm_cortexM4lf_math.lib(arm_common_tables.o)
    0x08011660   0x08011660   0x00000020   Data   RO         9376    Region$$Table       anon$$obj.o


    Execution Region RW_IRAM1 (Exec base: 0x20000000, Load base: 0x08011680, Size: 0x0000fa38, Max: 0x0001c000, ABSOLUTE, COMPRESSED[0x00000124])

    Exec Addr    Load Addr    Size         Type   Attr      Idx    E Section Name        Object

    0x20000000   COMPRESSED   0x0000002c   Data   RW          312    .data               freertos.o
    0x2000002c   COMPRESSED   0x00000004   Data   RW          422    .data               can.o
    0x20000030   COMPRESSED   0x00000001   Data   RW          685    .data               stm32f4xx_it.o
    0x20000031   COMPRESSED   0x00000003   PAD
    0x20000034   COMPRESSED   0x00000009   Data   RW         3070    .data               stm32f4xx_hal.o
    0x2000003d   COMPRESSED   0x00000003   PAD
    0x20000040   COMPRESSED   0x00000004   Data   RW         4047    .data               system_stm32f4xx.o
    0x20000044   COMPRESSED   0x0000003c   Data   RW         4586    .data               tasks.o
    0x20000080   COMPRESSED   0x00000014   Data   RW         4916    .data               timers.o
    0x20000094   COMPRESSED   0x00000020   Data   RW         5447    .data               heap_4.o
    0x200000b4   COMPRESSED   0x0000000c   Data   RW         5503    .data               port.o
    0x200000c0   COMPRESSED   0x00000060   Data   RW         5859    .data               app_ins.o
    0x20000120   COMPRESSED   0x00000026   Data   RW         5963    .data               app_watchdog.o
    0x20000146   COMPRESSED   0x00000002   PAD
    0x20000148   COMPRESSED   0x00000040   Data   RW         6016    .data               app_remote.o
    0x20000188   COMPRESSED   0x00000001   Data   RW         6130    .data               app_referee.o
    0x20000189   COMPRESSED   0x00000003   PAD
    0x2000018c   COMPRESSED   0x000000c7   Data   RW         6169    .data               app_autoaim.o
    0x20000253   COMPRESSED   0x00000001   PAD
    0x20000254   COMPRESSED   0x0000000c   Data   RW         6530    .data               module_shoot.o
    0x20000260   COMPRESSED   0x0000007c   Data   RW         7112    .data               periph_bmi088.o
    0x200002dc   COMPRESSED   0x00000006   Data   RW         7244    .data               periph_referee.o
    0x200002e2   COMPRESSED   0x00000002   PAD
    0x200002e4   COMPRESSED   0x00000005   Data   RW         7446    .data               periph_remote.o
    0x200002e9   COMPRESSED   0x00000003   PAD
    0x200002ec   COMPRESSED   0x00000078   Data   RW         7776    .data               util_gpio.o
    0x20000364   COMPRESSED   0x0000000e   Data   RW         8045    .data               util_debug.o
    0x20000372   COMPRESSED   0x00000006   PAD
    0x20000378   COMPRESSED   0x00000040   Data   RW         8137    .data               sys_dwt.o
    0x200003b8   COMPRESSED   0x000000c8   Data   RW         8206    .data               sys_const.o
    0x20000480   COMPRESSED   0x00000006   Data   RW         8393    .data               alg_crc.o
    0x20000486   COMPRESSED   0x00000002   PAD
    0x20000488   COMPRESSED   0x00000044   Data   RW         8614    .data               alg_quaternionekf.o
    0x200004cc   COMPRESSED   0x0000000c   Data   RW         8776    .data               protocol_common.o
    0x200004d8   COMPRESSED   0x00000040   Data   RW         8909    .data               protocol_transmit.o
    0x20000518   COMPRESSED   0x00000004   Data   RW         9337    .data               mc_w.l(mvars.o)
    0x2000051c   COMPRESSED   0x00000004   Data   RW         9338    .data               mc_w.l(mvars.o)
    0x20000520   COMPRESSED   0x00000004   Data   RW         9342    .data               mc_w.l(errno.o)
    0x20000524        -       0x000006a8   Zero   RW          309    .bss                freertos.o
    0x20000bcc        -       0x00000050   Zero   RW          421    .bss                can.o
    0x20000c1c        -       0x00000118   Zero   RW          493    .bss                spi.o
    0x20000d34        -       0x00000120   Zero   RW          541    .bss                tim.o
    0x20000e54        -       0x000002b8   Zero   RW          615    .bss                usart.o
    0x2000110c        -       0x00000048   Zero   RW          847    .bss                stm32f4xx_hal_timebase_tim.o
    0x20001154        -       0x00000040   Zero   RW         4206    .bss                queue.o
    0x20001194        -       0x000000f0   Zero   RW         4585    .bss                tasks.o
    0x20001284        -       0x00000110   Zero   RW         4915    .bss                timers.o
    0x20001394        -       0x00006000   Zero   RW         5446    .bss                heap_4.o
    0x20007394        -       0x000000a4   Zero   RW         5857    .bss                app_ins.o
    0x20007438        -       0x0000044f   Zero   RW         6168    .bss                app_autoaim.o
    0x20007887   COMPRESSED   0x00000001   PAD
    0x20007888        -       0x00000230   Zero   RW         6375    .bss                module_gimbal.o
    0x20007ab8        -       0x00000258   Zero   RW         6529    .bss                module_shoot.o
    0x20007d10        -       0x000006a8   Zero   RW         6674    .bss                module_chassis.o
    0x200083b8        -       0x000003d4   Zero   RW         6807    .bss                periph_motor.o
    0x2000878c        -       0x00000064   Zero   RW         7110    .bss                periph_bmi088.o
    0x200087f0        -       0x000002af   Zero   RW         7242    .bss                periph_referee.o
    0x20008a9f   COMPRESSED   0x00000001   PAD
    0x20008aa0        -       0x00000040   Zero   RW         7375    .bss                periph_servo.o
    0x20008ae0        -       0x00000064   Zero   RW         7444    .bss                periph_remote.o
    0x20008b44        -       0x00000aa0   Zero   RW         7538    .bss                periph_dmmotor.o
    0x200095e4        -       0x000000e4   Zero   RW         7648    .bss                util_can.o
    0x200096c8        -       0x00000270   Zero   RW         8613    .bss                alg_quaternionekf.o
    0x20009938        -       0x000000e4   Zero   RW         8774    .bss                protocol_common.o
    0x20009a1c        -       0x00000018   Zero   RW         8907    .bss                protocol_transmit.o
    0x20009a34   COMPRESSED   0x00000004   PAD
    0x20009a38        -       0x00002000   Zero   RW            2    HEAP                startup_stm32f407xx.o
    0x2000ba38        -       0x00004000   Zero   RW            1    STACK               startup_stm32f407xx.o


    Execution Region RW_IRAM2 (Exec base: 0x2001c000, Load base: 0x080117a4, Size: 0x00000000, Max: 0x00004000, ABSOLUTE)

    **** No section assigned to this execution region ****


==============================================================================

Image component sizes


      Code (inc. data)   RO Data    RW Data    ZI Data      Debug   Object Name

       204         20        768          6          0       3707   alg_crc.o
        94          0          0          0          0       2274   alg_filter.o
      2922          0          0          0          0       8414   alg_kalman.o
       192         14          0          0          0       2886   alg_math.o
      1154          6          0          0          0       6871   alg_pid.o
      4088        222          0         68        624       7646   alg_quaternionekf.o
       806         34          0        199       1103      11287   app_autoaim.o
        14          0          0          0          0        523   app_chassis.o
        14          0          0          0          0       1536   app_communicate.o
        44          8          0          0          0        562   app_gimbal.o
       120         18          0          0          0      19479   app_init.o
      2440        144         68         96        164       8782   app_ins.o
        36          4          0          1          0        775   app_referee.o
      2314        200          0         64          0       8631   app_remote.o
        18          0          0          0          0        549   app_shoot.o
       112          6          0         38          0       3107   app_watchdog.o
       488         44          0          4         80       2446   can.o
       338          8          0          0          0      30502   cmsis_os.o
       184          6          0          0          0        854   dma.o
         0          0          0          0          0      17276   event_groups.o
       340         64        404         44       1704       8441   freertos.o
       468         22          0          0          0       1199   gpio.o
       724         74          0         32      24576       4931   heap_4.o
        34          0          0          0          0       2074   lib_buff.o
       148          0          0          0          0       6086   list_1.o
       322         28          0          0          0     745971   main.o
      3650        118          0          0       1704       6940   module_chassis.o
       878         82          0          0          0       1705   module_dm4310.o
       946         80          0          0        560      10196   module_gimbal.o
         2          0          0          0          0        481   module_referee.o
      2234        176          0         12        600      14879   module_shoot.o
       376         38          0          0          0       1118   periph_autoaim.o
      4654        172         20        124        100      12805   periph_bmi088.o
       526         20          0          0       2720       4530   periph_dmmotor.o
      2094        150          0          0        980      12822   periph_motor.o
       858         56        292          6        687      21116   periph_referee.o
      1048         22          0          5        100       9330   periph_remote.o
        68         14          0          0         64       1772   periph_servo.o
      1014         92          0         12          0      12177   port.o
       256         30          0         12        228       5541   protocol_common.o
         0          0          0          0          0       1020   protocol_receive.o
       356         66          0         64         24       4457   protocol_transmit.o
      1918         20          0          0         64      17532   queue.o
       416         38          0          0        280       1943   spi.o
        36          8        392          0      24576        848   startup_stm32f407xx.o
       136         24          0          9          0       8794   stm32f4xx_hal.o
      2196          4          0          0          0      14721   stm32f4xx_hal_can.o
       260         22          0          0          0      33626   stm32f4xx_hal_cortex.o
      1392         16          8          0          0       7063   stm32f4xx_hal_dma.o
       558         50          0          0          0       4063   stm32f4xx_hal_gpio.o
        84          6          0          0          0        858   stm32f4xx_hal_msp.o
      1888         94          0          0          0       6377   stm32f4xx_hal_rcc.o
      1136         12          0          0          0       4709   stm32f4xx_hal_spi.o
      2524        150          0          0          0      16985   stm32f4xx_hal_tim.o
       300         30          0          0          0       3409   stm32f4xx_hal_tim_ex.o
       180         20          0          0         72       1483   stm32f4xx_hal_timebase_tim.o
      2292         14          0          0          0      11198   stm32f4xx_hal_uart.o
       532         86          0          1          0      11275   stm32f4xx_it.o
         0          0          0          0          0        384   stream_buffer.o
         0          0       1664        200          0       5226   sys_const.o
       580        112          0         64          0       4570   sys_dwt.o
        22          6          0          0          0       1049   sys_softtimer.o
        20          6         24          4          0       1143   system_stm32f4xx.o
      3156        388          0         60        240      28717   tasks.o
       792         74          0          0        288       5011   tim.o
      1576        124          0         20        272      33971   timers.o
      1016         94          0          0        696       3607   usart.o
       414         38          0          0        228       6076   util_can.o
        28         10          0         14          0       3210   util_debug.o
        78          0          0        120          0       3319   util_gpio.o
       156          0          0          0          0       2158   util_pwm.o
        78          0          0          0          0       2245   util_spi.o
       224         10          0          0          0       3490   util_uart.o

    ----------------------------------------------------------------------
     60638       3494       3672       1304      62740    1276758   Object Totals
         0          0         32          0          0          0   (incl. Generated)
        72          0          0         25          6          0   (incl. Padding)

    ----------------------------------------------------------------------

      Code (inc. data)   RO Data    RW Data    ZI Data      Debug   Library Member Name

         0          0       2052          0          0       3698   arm_common_tables.o
       160         12          0          0          0       1107   arm_cos_f32.o
       190          0          0          0          0       1726   arm_mat_add_f32.o
         8          0          0          0          0        845   arm_mat_init_f32.o
       720          4          0          0          0       3399   arm_mat_inverse_f32.o
       316          4          0          0          0       2307   arm_mat_mult_f32.o
       190          0          0          0          0       1726   arm_mat_sub_f32.o
       178          0          0          0          0       1817   arm_mat_trans_f32.o
       152         12          0          0          0       1102   arm_sin_f32.o
       280         46          0          0          0        176   acosf.o
       300         42          0          0          0        176   asinf.o
       592         90          0          0          0        184   atan2f.o
        20          0          0          0          0        124   fabs.o
        38          0          0          0          0        116   fpclassifyf.o
        44         12          0          0          0        464   funder.o
       120          0          0          0          0        272   sqrtf.o
        86          0          0          0          0          0   __dczerorl2.o
         0          0          0          0          0          0   entry.o
         0          0          0          0          0          0   entry10a.o
         0          0          0          0          0          0   entry11a.o
         8          4          0          0          0          0   entry2.o
         4          0          0          0          0          0   entry5.o
         0          0          0          0          0          0   entry7b.o
         0          0          0          0          0          0   entry8b.o
         8          4          0          0          0          0   entry9a.o
        12          6          0          4          0         68   errno.o
        30          0          0          0          0          0   handlers.o
        36          8          0          0          0         68   init.o
         0          0          0          0          0          0   iusefp.o
        30          0          0          0          0         68   llshl.o
        36          0          0          0          0         68   llsshr.o
        32          0          0          0          0         68   llushr.o
       108         16          0          0          0         84   malloc.o
        36          0          0          0          0         68   memcpya.o
        36          0          0          0          0        108   memseta.o
         0          0          0          8          0          0   mvars.o
        98          0          0          0          0         92   uldiv.o
        48          0          0          0          0         68   cdcmple.o
        48          0          0          0          0         68   cdrcmple.o
        56          0          0          0          0         88   d2f.o
       334          0          0          0          0        148   dadd.o
       186          0          0          0          0        176   depilogue.o
       228          0          0          0          0         96   dmul.o
        38          0          0          0          0         68   f2d.o
       110          0          0          0          0        168   fepilogue.o

    ----------------------------------------------------------------------
      4934        260       2052         12          0      20811   Library Totals
        18          0          0          0          0          0   (incl. Padding)

    ----------------------------------------------------------------------

      Code (inc. data)   RO Data    RW Data    ZI Data      Debug   Library Name

      1914         32       2052          0          0      17727   arm_cortexM4lf_math.lib
      1394        190          0          0          0       1512   m_wm.l
       560         38          0         12          0        692   mc_w.l
      1048          0          0          0          0        880   mf_w.l

    ----------------------------------------------------------------------
      4934        260       2052         12          0      20811   Library Totals

    ----------------------------------------------------------------------

==============================================================================


      Code (inc. data)   RO Data    RW Data    ZI Data      Debug   

     65572       3754       5724       1316      62740    1255413   Grand Totals
     65572       3754       5724        292      62740    1255413   ELF Image Totals (compressed)
     65572       3754       5724        292          0          0   ROM Totals

==============================================================================

    Total RO  Size (Code + RO Data)                71296 (  69.63kB)
    Total RW  Size (RW Data + ZI Data)             64056 (  62.55kB)
    Total ROM Size (Code + RO Data + RW Data)      71588 (  69.91kB)

==============================================================================

