<!doctype html public "-//w3c//dtd html 4.0 transitional//en">
<html><head>
<title>Static Call Graph - [gimbal_task\gimbal_task.axf]</title></head>
<body><HR>
<H1>Static Call Graph for image gimbal_task\gimbal_task.axf</H1><HR>
<BR><P>#&#060CALLGRAPH&#062# ARM Linker, 5060528: Last Updated: Tue Mar 24 06:47:47 2026
<BR><P>
<H3>Maximum Stack Usage =        480 bytes + Unknown(Cycles, Untraceable Function Pointers)</H3><H3>
Call chain for Maximum Stack Depth:</H3>
main &rArr; Init_InitAll &rArr; Referee_Setup &rArr; Referee_SetupAimLine &rArr; Draw_AddLine &rArr; Referee_DrawingBufferPush &rArr; Referee_DrawingBufferFlush &rArr; Referee_SendDrawingCmd &rArr; Referee_SendInteractiveData &rArr; Uart_SendMessage &rArr; HAL_UART_Transmit &rArr; UART_WaitOnFlagUntilTimeout
<P>
<H3>
Mutually Recursive functions
</H3> <LI><a href="#[20]">ADC_IRQHandler</a>&nbsp;&nbsp;&nbsp;&rArr;&nbsp;&nbsp;&nbsp;<a href="#[20]">ADC_IRQHandler</a><BR>
</UL>
<P>
<H3>
Function Pointers
</H3><UL>
 <LI><a href="#[20]">ADC_IRQHandler</a> from startup_stm32f407xx.o(.text) referenced from startup_stm32f407xx.o(RESET)
 <LI><a href="#[8]">BusFault_Handler</a> from stm32f4xx_it.o(i.BusFault_Handler) referenced from startup_stm32f407xx.o(RESET)
 <LI><a href="#[22]">CAN1_RX0_IRQHandler</a> from stm32f4xx_it.o(i.CAN1_RX0_IRQHandler) referenced from startup_stm32f407xx.o(RESET)
 <LI><a href="#[23]">CAN1_RX1_IRQHandler</a> from startup_stm32f407xx.o(.text) referenced from startup_stm32f407xx.o(RESET)
 <LI><a href="#[24]">CAN1_SCE_IRQHandler</a> from startup_stm32f407xx.o(.text) referenced from startup_stm32f407xx.o(RESET)
 <LI><a href="#[21]">CAN1_TX_IRQHandler</a> from startup_stm32f407xx.o(.text) referenced from startup_stm32f407xx.o(RESET)
 <LI><a href="#[4e]">CAN2_RX0_IRQHandler</a> from stm32f4xx_it.o(i.CAN2_RX0_IRQHandler) referenced from startup_stm32f407xx.o(RESET)
 <LI><a href="#[4f]">CAN2_RX1_IRQHandler</a> from startup_stm32f407xx.o(.text) referenced from startup_stm32f407xx.o(RESET)
 <LI><a href="#[50]">CAN2_SCE_IRQHandler</a> from startup_stm32f407xx.o(.text) referenced from startup_stm32f407xx.o(RESET)
 <LI><a href="#[4d]">CAN2_TX_IRQHandler</a> from startup_stm32f407xx.o(.text) referenced from startup_stm32f407xx.o(RESET)
 <LI><a href="#[76]">Chassis_Task</a> from app_chassis.o(i.Chassis_Task) referenced from freertos.o(.constdata)
 <LI><a href="#[6f]">Comm_Task</a> from app_communicate.o(i.Comm_Task) referenced from freertos.o(.constdata)
 <LI><a href="#[5c]">DCMI_IRQHandler</a> from startup_stm32f407xx.o(.text) referenced from startup_stm32f407xx.o(RESET)
 <LI><a href="#[19]">DMA1_Stream0_IRQHandler</a> from startup_stm32f407xx.o(.text) referenced from startup_stm32f407xx.o(RESET)
 <LI><a href="#[1a]">DMA1_Stream1_IRQHandler</a> from stm32f4xx_it.o(i.DMA1_Stream1_IRQHandler) referenced from startup_stm32f407xx.o(RESET)
 <LI><a href="#[1b]">DMA1_Stream2_IRQHandler</a> from startup_stm32f407xx.o(.text) referenced from startup_stm32f407xx.o(RESET)
 <LI><a href="#[1c]">DMA1_Stream3_IRQHandler</a> from startup_stm32f407xx.o(.text) referenced from startup_stm32f407xx.o(RESET)
 <LI><a href="#[1d]">DMA1_Stream4_IRQHandler</a> from startup_stm32f407xx.o(.text) referenced from startup_stm32f407xx.o(RESET)
 <LI><a href="#[1e]">DMA1_Stream5_IRQHandler</a> from startup_stm32f407xx.o(.text) referenced from startup_stm32f407xx.o(RESET)
 <LI><a href="#[1f]">DMA1_Stream6_IRQHandler</a> from startup_stm32f407xx.o(.text) referenced from startup_stm32f407xx.o(RESET)
 <LI><a href="#[3d]">DMA1_Stream7_IRQHandler</a> from startup_stm32f407xx.o(.text) referenced from startup_stm32f407xx.o(RESET)
 <LI><a href="#[46]">DMA2_Stream0_IRQHandler</a> from startup_stm32f407xx.o(.text) referenced from startup_stm32f407xx.o(RESET)
 <LI><a href="#[47]">DMA2_Stream1_IRQHandler</a> from stm32f4xx_it.o(i.DMA2_Stream1_IRQHandler) referenced from startup_stm32f407xx.o(RESET)
 <LI><a href="#[48]">DMA2_Stream2_IRQHandler</a> from startup_stm32f407xx.o(.text) referenced from startup_stm32f407xx.o(RESET)
 <LI><a href="#[49]">DMA2_Stream3_IRQHandler</a> from startup_stm32f407xx.o(.text) referenced from startup_stm32f407xx.o(RESET)
 <LI><a href="#[4a]">DMA2_Stream4_IRQHandler</a> from startup_stm32f407xx.o(.text) referenced from startup_stm32f407xx.o(RESET)
 <LI><a href="#[52]">DMA2_Stream5_IRQHandler</a> from stm32f4xx_it.o(i.DMA2_Stream5_IRQHandler) referenced from startup_stm32f407xx.o(RESET)
 <LI><a href="#[53]">DMA2_Stream6_IRQHandler</a> from stm32f4xx_it.o(i.DMA2_Stream6_IRQHandler) referenced from startup_stm32f407xx.o(RESET)
 <LI><a href="#[54]">DMA2_Stream7_IRQHandler</a> from stm32f4xx_it.o(i.DMA2_Stream7_IRQHandler) referenced from startup_stm32f407xx.o(RESET)
 <LI><a href="#[b]">DebugMon_Handler</a> from stm32f4xx_it.o(i.DebugMon_Handler) referenced from startup_stm32f407xx.o(RESET)
 <LI><a href="#[4b]">ETH_IRQHandler</a> from startup_stm32f407xx.o(.text) referenced from startup_stm32f407xx.o(RESET)
 <LI><a href="#[4c]">ETH_WKUP_IRQHandler</a> from startup_stm32f407xx.o(.text) referenced from startup_stm32f407xx.o(RESET)
 <LI><a href="#[14]">EXTI0_IRQHandler</a> from startup_stm32f407xx.o(.text) referenced from startup_stm32f407xx.o(RESET)
 <LI><a href="#[36]">EXTI15_10_IRQHandler</a> from startup_stm32f407xx.o(.text) referenced from startup_stm32f407xx.o(RESET)
 <LI><a href="#[15]">EXTI1_IRQHandler</a> from startup_stm32f407xx.o(.text) referenced from startup_stm32f407xx.o(RESET)
 <LI><a href="#[16]">EXTI2_IRQHandler</a> from startup_stm32f407xx.o(.text) referenced from startup_stm32f407xx.o(RESET)
 <LI><a href="#[17]">EXTI3_IRQHandler</a> from stm32f4xx_it.o(i.EXTI3_IRQHandler) referenced from startup_stm32f407xx.o(RESET)
 <LI><a href="#[18]">EXTI4_IRQHandler</a> from stm32f4xx_it.o(i.EXTI4_IRQHandler) referenced from startup_stm32f407xx.o(RESET)
 <LI><a href="#[25]">EXTI9_5_IRQHandler</a> from stm32f4xx_it.o(i.EXTI9_5_IRQHandler) referenced from startup_stm32f407xx.o(RESET)
 <LI><a href="#[12]">FLASH_IRQHandler</a> from startup_stm32f407xx.o(.text) referenced from startup_stm32f407xx.o(RESET)
 <LI><a href="#[3e]">FMC_IRQHandler</a> from startup_stm32f407xx.o(.text) referenced from startup_stm32f407xx.o(RESET)
 <LI><a href="#[5e]">FPU_IRQHandler</a> from startup_stm32f407xx.o(.text) referenced from startup_stm32f407xx.o(RESET)
 <LI><a href="#[74]">Gimbal_Task</a> from app_gimbal.o(i.Gimbal_Task) referenced from freertos.o(.constdata)
 <LI><a href="#[5d]">HASH_RNG_IRQHandler</a> from startup_stm32f407xx.o(.text) referenced from startup_stm32f407xx.o(RESET)
 <LI><a href="#[6]">HardFault_Handler</a> from stm32f4xx_it.o(i.HardFault_Handler) referenced from startup_stm32f407xx.o(RESET)
 <LI><a href="#[2e]">I2C1_ER_IRQHandler</a> from startup_stm32f407xx.o(.text) referenced from startup_stm32f407xx.o(RESET)
 <LI><a href="#[2d]">I2C1_EV_IRQHandler</a> from startup_stm32f407xx.o(.text) referenced from startup_stm32f407xx.o(RESET)
 <LI><a href="#[30]">I2C2_ER_IRQHandler</a> from startup_stm32f407xx.o(.text) referenced from startup_stm32f407xx.o(RESET)
 <LI><a href="#[2f]">I2C2_EV_IRQHandler</a> from startup_stm32f407xx.o(.text) referenced from startup_stm32f407xx.o(RESET)
 <LI><a href="#[57]">I2C3_ER_IRQHandler</a> from startup_stm32f407xx.o(.text) referenced from startup_stm32f407xx.o(RESET)
 <LI><a href="#[56]">I2C3_EV_IRQHandler</a> from startup_stm32f407xx.o(.text) referenced from startup_stm32f407xx.o(RESET)
 <LI><a href="#[6e]">Init_Task</a> from app_init.o(i.Init_Task) referenced from freertos.o(.constdata)
 <LI><a href="#[70]">Ins_Task</a> from app_ins.o(i.Ins_Task) referenced from freertos.o(.constdata)
 <LI><a href="#[7]">MemManage_Handler</a> from stm32f4xx_it.o(i.MemManage_Handler) referenced from startup_stm32f407xx.o(RESET)
 <LI><a href="#[5]">NMI_Handler</a> from stm32f4xx_it.o(i.NMI_Handler) referenced from startup_stm32f407xx.o(RESET)
 <LI><a href="#[51]">OTG_FS_IRQHandler</a> from startup_stm32f407xx.o(.text) referenced from startup_stm32f407xx.o(RESET)
 <LI><a href="#[38]">OTG_FS_WKUP_IRQHandler</a> from startup_stm32f407xx.o(.text) referenced from startup_stm32f407xx.o(RESET)
 <LI><a href="#[59]">OTG_HS_EP1_IN_IRQHandler</a> from startup_stm32f407xx.o(.text) referenced from startup_stm32f407xx.o(RESET)
 <LI><a href="#[58]">OTG_HS_EP1_OUT_IRQHandler</a> from startup_stm32f407xx.o(.text) referenced from startup_stm32f407xx.o(RESET)
 <LI><a href="#[5b]">OTG_HS_IRQHandler</a> from startup_stm32f407xx.o(.text) referenced from startup_stm32f407xx.o(RESET)
 <LI><a href="#[5a]">OTG_HS_WKUP_IRQHandler</a> from startup_stm32f407xx.o(.text) referenced from startup_stm32f407xx.o(RESET)
 <LI><a href="#[f]">PVD_IRQHandler</a> from startup_stm32f407xx.o(.text) referenced from startup_stm32f407xx.o(RESET)
 <LI><a href="#[78]">P_ext_game_result</a> from periph_referee.o(i.P_ext_game_result) referenced from periph_referee.o(.constdata)
 <LI><a href="#[79]">P_ext_game_robot_HP</a> from periph_referee.o(i.P_ext_game_robot_HP) referenced from periph_referee.o(.constdata)
 <LI><a href="#[7d]">P_ext_game_robot_pos</a> from periph_referee.o(i.P_ext_game_robot_pos) referenced from periph_referee.o(.constdata)
 <LI><a href="#[7b]">P_ext_game_robot_status</a> from periph_referee.o(i.P_ext_game_robot_status) referenced from periph_referee.o(.constdata)
 <LI><a href="#[77]">P_ext_game_status</a> from periph_referee.o(i.P_ext_game_status) referenced from periph_referee.o(.constdata)
 <LI><a href="#[7c]">P_ext_power_heat_data</a> from periph_referee.o(i.P_ext_power_heat_data) referenced from periph_referee.o(.constdata)
 <LI><a href="#[7a]">P_ext_referee_warning</a> from periph_referee.o(i.P_ext_referee_warning) referenced from periph_referee.o(.constdata)
 <LI><a href="#[7e]">P_ext_robot_hurt</a> from periph_referee.o(i.P_ext_robot_hurt) referenced from periph_referee.o(.constdata)
 <LI><a href="#[7f]">P_ext_shoot_data</a> from periph_referee.o(i.P_ext_shoot_data) referenced from periph_referee.o(.constdata)
 <LI><a href="#[c]">PendSV_Handler</a> from port.o(.emb_text) referenced from startup_stm32f407xx.o(RESET)
 <LI><a href="#[67]">QuaternionEKF_F_Linearization_P_Fading</a> from alg_quaternionekf.o(i.QuaternionEKF_F_Linearization_P_Fading) referenced from alg_quaternionekf.o(i.QuaternionEKF_Init)
 <LI><a href="#[66]">QuaternionEKF_Observe</a> from alg_quaternionekf.o(i.QuaternionEKF_Observe) referenced from alg_quaternionekf.o(i.QuaternionEKF_Init)
 <LI><a href="#[68]">QuaternionEKF_SetH</a> from alg_quaternionekf.o(i.QuaternionEKF_SetH) referenced from alg_quaternionekf.o(i.QuaternionEKF_Init)
 <LI><a href="#[69]">QuaternionEKF_xhatUpdate</a> from alg_quaternionekf.o(i.QuaternionEKF_xhatUpdate) referenced from alg_quaternionekf.o(i.QuaternionEKF_Init)
 <LI><a href="#[13]">RCC_IRQHandler</a> from startup_stm32f407xx.o(.text) referenced from startup_stm32f407xx.o(RESET)
 <LI><a href="#[37]">RTC_Alarm_IRQHandler</a> from startup_stm32f407xx.o(.text) referenced from startup_stm32f407xx.o(RESET)
 <LI><a href="#[11]">RTC_WKUP_IRQHandler</a> from startup_stm32f407xx.o(.text) referenced from startup_stm32f407xx.o(RESET)
 <LI><a href="#[75]">Referee_Task</a> from app_referee.o(i.Referee_Task) referenced from freertos.o(.constdata)
 <LI><a href="#[73]">Remote_Task</a> from app_remote.o(i.Remote_Task) referenced from freertos.o(.constdata)
 <LI><a href="#[4]">Reset_Handler</a> from startup_stm32f407xx.o(.text) referenced from startup_stm32f407xx.o(RESET)
 <LI><a href="#[3f]">SDIO_IRQHandler</a> from startup_stm32f407xx.o(.text) referenced from startup_stm32f407xx.o(RESET)
 <LI><a href="#[31]">SPI1_IRQHandler</a> from startup_stm32f407xx.o(.text) referenced from startup_stm32f407xx.o(RESET)
 <LI><a href="#[32]">SPI2_IRQHandler</a> from startup_stm32f407xx.o(.text) referenced from startup_stm32f407xx.o(RESET)
 <LI><a href="#[41]">SPI3_IRQHandler</a> from startup_stm32f407xx.o(.text) referenced from startup_stm32f407xx.o(RESET)
 <LI><a href="#[a]">SVC_Handler</a> from port.o(.emb_text) referenced from startup_stm32f407xx.o(RESET)
 <LI><a href="#[72]">Shoot_Task</a> from app_shoot.o(i.Shoot_Task) referenced from freertos.o(.constdata)
 <LI><a href="#[6d]">SoftTimerCallback</a> from sys_softtimer.o(i.SoftTimerCallback) referenced from freertos.o(.constdata)
 <LI><a href="#[d]">SysTick_Handler</a> from port.o(i.SysTick_Handler) referenced from startup_stm32f407xx.o(RESET)
 <LI><a href="#[60]">SystemInit</a> from system_stm32f4xx.o(i.SystemInit) referenced from startup_stm32f407xx.o(.text)
 <LI><a href="#[10]">TAMP_STAMP_IRQHandler</a> from startup_stm32f407xx.o(.text) referenced from startup_stm32f407xx.o(RESET)
 <LI><a href="#[26]">TIM1_BRK_TIM9_IRQHandler</a> from startup_stm32f407xx.o(.text) referenced from startup_stm32f407xx.o(RESET)
 <LI><a href="#[29]">TIM1_CC_IRQHandler</a> from startup_stm32f407xx.o(.text) referenced from startup_stm32f407xx.o(RESET)
 <LI><a href="#[28]">TIM1_TRG_COM_TIM11_IRQHandler</a> from startup_stm32f407xx.o(.text) referenced from startup_stm32f407xx.o(RESET)
 <LI><a href="#[27]">TIM1_UP_TIM10_IRQHandler</a> from startup_stm32f407xx.o(.text) referenced from startup_stm32f407xx.o(RESET)
 <LI><a href="#[2a]">TIM2_IRQHandler</a> from startup_stm32f407xx.o(.text) referenced from startup_stm32f407xx.o(RESET)
 <LI><a href="#[2b]">TIM3_IRQHandler</a> from stm32f4xx_it.o(i.TIM3_IRQHandler) referenced from startup_stm32f407xx.o(RESET)
 <LI><a href="#[2c]">TIM4_IRQHandler</a> from startup_stm32f407xx.o(.text) referenced from startup_stm32f407xx.o(RESET)
 <LI><a href="#[40]">TIM5_IRQHandler</a> from startup_stm32f407xx.o(.text) referenced from startup_stm32f407xx.o(RESET)
 <LI><a href="#[44]">TIM6_DAC_IRQHandler</a> from stm32f4xx_it.o(i.TIM6_DAC_IRQHandler) referenced from startup_stm32f407xx.o(RESET)
 <LI><a href="#[45]">TIM7_IRQHandler</a> from startup_stm32f407xx.o(.text) referenced from startup_stm32f407xx.o(RESET)
 <LI><a href="#[39]">TIM8_BRK_TIM12_IRQHandler</a> from startup_stm32f407xx.o(.text) referenced from startup_stm32f407xx.o(RESET)
 <LI><a href="#[3c]">TIM8_CC_IRQHandler</a> from startup_stm32f407xx.o(.text) referenced from startup_stm32f407xx.o(RESET)
 <LI><a href="#[3b]">TIM8_TRG_COM_TIM14_IRQHandler</a> from startup_stm32f407xx.o(.text) referenced from startup_stm32f407xx.o(RESET)
 <LI><a href="#[3a]">TIM8_UP_TIM13_IRQHandler</a> from startup_stm32f407xx.o(.text) referenced from startup_stm32f407xx.o(RESET)
 <LI><a href="#[42]">UART4_IRQHandler</a> from startup_stm32f407xx.o(.text) referenced from startup_stm32f407xx.o(RESET)
 <LI><a href="#[43]">UART5_IRQHandler</a> from startup_stm32f407xx.o(.text) referenced from startup_stm32f407xx.o(RESET)
 <LI><a href="#[62]">UART_DMAAbortOnError</a> from stm32f4xx_hal_uart.o(i.UART_DMAAbortOnError) referenced from stm32f4xx_hal_uart.o(i.HAL_UART_IRQHandler)
 <LI><a href="#[33]">USART1_IRQHandler</a> from stm32f4xx_it.o(i.USART1_IRQHandler) referenced from startup_stm32f407xx.o(RESET)
 <LI><a href="#[34]">USART2_IRQHandler</a> from startup_stm32f407xx.o(.text) referenced from startup_stm32f407xx.o(RESET)
 <LI><a href="#[35]">USART3_IRQHandler</a> from stm32f4xx_it.o(i.USART3_IRQHandler) referenced from startup_stm32f407xx.o(RESET)
 <LI><a href="#[55]">USART6_IRQHandler</a> from stm32f4xx_it.o(i.USART6_IRQHandler) referenced from startup_stm32f407xx.o(RESET)
 <LI><a href="#[9]">UsageFault_Handler</a> from stm32f4xx_it.o(i.UsageFault_Handler) referenced from startup_stm32f407xx.o(RESET)
 <LI><a href="#[e]">WWDG_IRQHandler</a> from startup_stm32f407xx.o(.text) referenced from startup_stm32f407xx.o(RESET)
 <LI><a href="#[71]">WatchDog_Task</a> from app_watchdog.o(i.WatchDog_Task) referenced from freertos.o(.constdata)
 <LI><a href="#[61]">__main</a> from entry.o(.ARM.Collect$$$$00000000) referenced from startup_stm32f407xx.o(.text)
 <LI><a href="#[2]">_send_chassis_ref</a> from protocol_transmit.o(i._send_chassis_ref) referenced 2 times from protocol_transmit.o(.data)
 <LI><a href="#[1]">_send_imu_data</a> from protocol_transmit.o(i._send_imu_data) referenced 2 times from protocol_transmit.o(.data)
 <LI><a href="#[3]">_send_leg_ref</a> from protocol_transmit.o(i._send_leg_ref) referenced 2 times from protocol_transmit.o(.data)
 <LI><a href="#[0]">_send_mode</a> from protocol_transmit.o(i._send_mode) referenced 2 times from protocol_transmit.o(.data)
 <LI><a href="#[63]">gm6020_encoder_callback</a> from periph_motor.o(i.gm6020_encoder_callback) referenced from periph_motor.o(i.Motor_InitAllMotors)
 <LI><a href="#[5f]">main</a> from main.o(i.main) referenced from entry9a.o(.ARM.Collect$$$$0000000B)
 <LI><a href="#[6b]">prvIdleTask</a> from tasks.o(i.prvIdleTask) referenced from tasks.o(i.vTaskStartScheduler)
 <LI><a href="#[6a]">prvTaskExitError</a> from port.o(i.prvTaskExitError) referenced from port.o(i.pxPortInitialiseStack)
 <LI><a href="#[6c]">prvTimerTask</a> from timers.o(i.prvTimerTask) referenced from timers.o(i.xTimerCreateTimerTask)
 <LI><a href="#[64]">rm2006_encoder_callback</a> from periph_motor.o(i.rm2006_encoder_callback) referenced from periph_motor.o(i.Motor_InitAllMotors)
 <LI><a href="#[65]">rm3508_encoder_callback</a> from periph_motor.o(i.rm3508_encoder_callback) referenced from periph_motor.o(i.Motor_InitAllMotors)
</UL>
<P>
<H3>
Global Symbols
</H3>
<P><STRONG><a name="[61]"></a>__main</STRONG> (Thumb, 0 bytes, Stack size unknown bytes, entry.o(.ARM.Collect$$$$00000000))
<BR>[Address Reference Count : 1]<UL><LI> startup_stm32f407xx.o(.text)
</UL>
<P><STRONG><a name="[232]"></a>_main_stk</STRONG> (Thumb, 0 bytes, Stack size unknown bytes, entry2.o(.ARM.Collect$$$$00000001))

<P><STRONG><a name="[80]"></a>_main_scatterload</STRONG> (Thumb, 0 bytes, Stack size unknown bytes, entry5.o(.ARM.Collect$$$$00000004))
<BR><BR>[Calls]<UL><LI><a href="#[81]">&gt;&gt;</a>&nbsp;&nbsp;&nbsp;__scatterload
</UL>

<P><STRONG><a name="[92]"></a>__main_after_scatterload</STRONG> (Thumb, 0 bytes, Stack size unknown bytes, entry5.o(.ARM.Collect$$$$00000004))
<BR><BR>[Called By]<UL><LI><a href="#[81]">&gt;&gt;</a>&nbsp;&nbsp;&nbsp;__scatterload
</UL>

<P><STRONG><a name="[233]"></a>_main_clock</STRONG> (Thumb, 0 bytes, Stack size unknown bytes, entry7b.o(.ARM.Collect$$$$00000008))

<P><STRONG><a name="[234]"></a>_main_cpp_init</STRONG> (Thumb, 0 bytes, Stack size unknown bytes, entry8b.o(.ARM.Collect$$$$0000000A))

<P><STRONG><a name="[235]"></a>_main_init</STRONG> (Thumb, 0 bytes, Stack size unknown bytes, entry9a.o(.ARM.Collect$$$$0000000B))

<P><STRONG><a name="[236]"></a>__rt_final_cpp</STRONG> (Thumb, 0 bytes, Stack size unknown bytes, entry10a.o(.ARM.Collect$$$$0000000D))

<P><STRONG><a name="[237]"></a>__rt_final_exit</STRONG> (Thumb, 0 bytes, Stack size unknown bytes, entry11a.o(.ARM.Collect$$$$0000000F))

<P><STRONG><a name="[a]"></a>SVC_Handler</STRONG> (Thumb, 28 bytes, Stack size 0 bytes, port.o(.emb_text))
<BR>[Address Reference Count : 1]<UL><LI> startup_stm32f407xx.o(RESET)
</UL>
<P><STRONG><a name="[22b]"></a>__asm___6_port_c_39a90d8d__prvStartFirstTask</STRONG> (Thumb, 36 bytes, Stack size 0 bytes, port.o(.emb_text))
<BR><BR>[Called By]<UL><LI><a href="#[227]">&gt;&gt;</a>&nbsp;&nbsp;&nbsp;xPortStartScheduler
</UL>

<P><STRONG><a name="[22a]"></a>__asm___6_port_c_39a90d8d__prvEnableVFP</STRONG> (Thumb, 16 bytes, Stack size 0 bytes, port.o(.emb_text))
<BR><BR>[Called By]<UL><LI><a href="#[227]">&gt;&gt;</a>&nbsp;&nbsp;&nbsp;xPortStartScheduler
</UL>

<P><STRONG><a name="[c]"></a>PendSV_Handler</STRONG> (Thumb, 88 bytes, Stack size 0 bytes, port.o(.emb_text))
<BR><BR>[Calls]<UL><LI><a href="#[82]">&gt;&gt;</a>&nbsp;&nbsp;&nbsp;vTaskSwitchContext
</UL>
<BR>[Address Reference Count : 1]<UL><LI> startup_stm32f407xx.o(RESET)
</UL>
<P><STRONG><a name="[222]"></a>vPortGetIPSR</STRONG> (Thumb, 6 bytes, Stack size 0 bytes, port.o(.emb_text))
<BR><BR>[Called By]<UL><LI><a href="#[221]">&gt;&gt;</a>&nbsp;&nbsp;&nbsp;vPortValidateInterruptPriority
</UL>

<P><STRONG><a name="[4]"></a>Reset_Handler</STRONG> (Thumb, 8 bytes, Stack size 0 bytes, startup_stm32f407xx.o(.text))
<BR>[Address Reference Count : 1]<UL><LI> startup_stm32f407xx.o(RESET)
</UL>
<P><STRONG><a name="[20]"></a>ADC_IRQHandler</STRONG> (Thumb, 0 bytes, Stack size 0 bytes, startup_stm32f407xx.o(.text))
<BR><BR>[Calls]<UL><LI><a href="#[20]">&gt;&gt;</a>&nbsp;&nbsp;&nbsp;ADC_IRQHandler
</UL>
<BR>[Called By]<UL><LI><a href="#[20]">&gt;&gt;</a>&nbsp;&nbsp;&nbsp;ADC_IRQHandler
</UL>
<BR>[Address Reference Count : 1]<UL><LI> startup_stm32f407xx.o(RESET)
</UL>
<P><STRONG><a name="[23]"></a>CAN1_RX1_IRQHandler</STRONG> (Thumb, 0 bytes, Stack size 0 bytes, startup_stm32f407xx.o(.text))
<BR>[Address Reference Count : 1]<UL><LI> startup_stm32f407xx.o(RESET)
</UL>
<P><STRONG><a name="[24]"></a>CAN1_SCE_IRQHandler</STRONG> (Thumb, 0 bytes, Stack size 0 bytes, startup_stm32f407xx.o(.text))
<BR>[Address Reference Count : 1]<UL><LI> startup_stm32f407xx.o(RESET)
</UL>
<P><STRONG><a name="[21]"></a>CAN1_TX_IRQHandler</STRONG> (Thumb, 0 bytes, Stack size 0 bytes, startup_stm32f407xx.o(.text))
<BR>[Address Reference Count : 1]<UL><LI> startup_stm32f407xx.o(RESET)
</UL>
<P><STRONG><a name="[4f]"></a>CAN2_RX1_IRQHandler</STRONG> (Thumb, 0 bytes, Stack size 0 bytes, startup_stm32f407xx.o(.text))
<BR>[Address Reference Count : 1]<UL><LI> startup_stm32f407xx.o(RESET)
</UL>
<P><STRONG><a name="[50]"></a>CAN2_SCE_IRQHandler</STRONG> (Thumb, 0 bytes, Stack size 0 bytes, startup_stm32f407xx.o(.text))
<BR>[Address Reference Count : 1]<UL><LI> startup_stm32f407xx.o(RESET)
</UL>
<P><STRONG><a name="[4d]"></a>CAN2_TX_IRQHandler</STRONG> (Thumb, 0 bytes, Stack size 0 bytes, startup_stm32f407xx.o(.text))
<BR>[Address Reference Count : 1]<UL><LI> startup_stm32f407xx.o(RESET)
</UL>
<P><STRONG><a name="[5c]"></a>DCMI_IRQHandler</STRONG> (Thumb, 0 bytes, Stack size 0 bytes, startup_stm32f407xx.o(.text))
<BR>[Address Reference Count : 1]<UL><LI> startup_stm32f407xx.o(RESET)
</UL>
<P><STRONG><a name="[19]"></a>DMA1_Stream0_IRQHandler</STRONG> (Thumb, 0 bytes, Stack size 0 bytes, startup_stm32f407xx.o(.text))
<BR>[Address Reference Count : 1]<UL><LI> startup_stm32f407xx.o(RESET)
</UL>
<P><STRONG><a name="[1b]"></a>DMA1_Stream2_IRQHandler</STRONG> (Thumb, 0 bytes, Stack size 0 bytes, startup_stm32f407xx.o(.text))
<BR>[Address Reference Count : 1]<UL><LI> startup_stm32f407xx.o(RESET)
</UL>
<P><STRONG><a name="[1c]"></a>DMA1_Stream3_IRQHandler</STRONG> (Thumb, 0 bytes, Stack size 0 bytes, startup_stm32f407xx.o(.text))
<BR>[Address Reference Count : 1]<UL><LI> startup_stm32f407xx.o(RESET)
</UL>
<P><STRONG><a name="[1d]"></a>DMA1_Stream4_IRQHandler</STRONG> (Thumb, 0 bytes, Stack size 0 bytes, startup_stm32f407xx.o(.text))
<BR>[Address Reference Count : 1]<UL><LI> startup_stm32f407xx.o(RESET)
</UL>
<P><STRONG><a name="[1e]"></a>DMA1_Stream5_IRQHandler</STRONG> (Thumb, 0 bytes, Stack size 0 bytes, startup_stm32f407xx.o(.text))
<BR>[Address Reference Count : 1]<UL><LI> startup_stm32f407xx.o(RESET)
</UL>
<P><STRONG><a name="[1f]"></a>DMA1_Stream6_IRQHandler</STRONG> (Thumb, 0 bytes, Stack size 0 bytes, startup_stm32f407xx.o(.text))
<BR>[Address Reference Count : 1]<UL><LI> startup_stm32f407xx.o(RESET)
</UL>
<P><STRONG><a name="[3d]"></a>DMA1_Stream7_IRQHandler</STRONG> (Thumb, 0 bytes, Stack size 0 bytes, startup_stm32f407xx.o(.text))
<BR>[Address Reference Count : 1]<UL><LI> startup_stm32f407xx.o(RESET)
</UL>
<P><STRONG><a name="[46]"></a>DMA2_Stream0_IRQHandler</STRONG> (Thumb, 0 bytes, Stack size 0 bytes, startup_stm32f407xx.o(.text))
<BR>[Address Reference Count : 1]<UL><LI> startup_stm32f407xx.o(RESET)
</UL>
<P><STRONG><a name="[48]"></a>DMA2_Stream2_IRQHandler</STRONG> (Thumb, 0 bytes, Stack size 0 bytes, startup_stm32f407xx.o(.text))
<BR>[Address Reference Count : 1]<UL><LI> startup_stm32f407xx.o(RESET)
</UL>
<P><STRONG><a name="[49]"></a>DMA2_Stream3_IRQHandler</STRONG> (Thumb, 0 bytes, Stack size 0 bytes, startup_stm32f407xx.o(.text))
<BR>[Address Reference Count : 1]<UL><LI> startup_stm32f407xx.o(RESET)
</UL>
<P><STRONG><a name="[4a]"></a>DMA2_Stream4_IRQHandler</STRONG> (Thumb, 0 bytes, Stack size 0 bytes, startup_stm32f407xx.o(.text))
<BR>[Address Reference Count : 1]<UL><LI> startup_stm32f407xx.o(RESET)
</UL>
<P><STRONG><a name="[4b]"></a>ETH_IRQHandler</STRONG> (Thumb, 0 bytes, Stack size 0 bytes, startup_stm32f407xx.o(.text))
<BR>[Address Reference Count : 1]<UL><LI> startup_stm32f407xx.o(RESET)
</UL>
<P><STRONG><a name="[4c]"></a>ETH_WKUP_IRQHandler</STRONG> (Thumb, 0 bytes, Stack size 0 bytes, startup_stm32f407xx.o(.text))
<BR>[Address Reference Count : 1]<UL><LI> startup_stm32f407xx.o(RESET)
</UL>
<P><STRONG><a name="[14]"></a>EXTI0_IRQHandler</STRONG> (Thumb, 0 bytes, Stack size 0 bytes, startup_stm32f407xx.o(.text))
<BR>[Address Reference Count : 1]<UL><LI> startup_stm32f407xx.o(RESET)
</UL>
<P><STRONG><a name="[36]"></a>EXTI15_10_IRQHandler</STRONG> (Thumb, 0 bytes, Stack size 0 bytes, startup_stm32f407xx.o(.text))
<BR>[Address Reference Count : 1]<UL><LI> startup_stm32f407xx.o(RESET)
</UL>
<P><STRONG><a name="[15]"></a>EXTI1_IRQHandler</STRONG> (Thumb, 0 bytes, Stack size 0 bytes, startup_stm32f407xx.o(.text))
<BR>[Address Reference Count : 1]<UL><LI> startup_stm32f407xx.o(RESET)
</UL>
<P><STRONG><a name="[16]"></a>EXTI2_IRQHandler</STRONG> (Thumb, 0 bytes, Stack size 0 bytes, startup_stm32f407xx.o(.text))
<BR>[Address Reference Count : 1]<UL><LI> startup_stm32f407xx.o(RESET)
</UL>
<P><STRONG><a name="[12]"></a>FLASH_IRQHandler</STRONG> (Thumb, 0 bytes, Stack size 0 bytes, startup_stm32f407xx.o(.text))
<BR>[Address Reference Count : 1]<UL><LI> startup_stm32f407xx.o(RESET)
</UL>
<P><STRONG><a name="[3e]"></a>FMC_IRQHandler</STRONG> (Thumb, 0 bytes, Stack size 0 bytes, startup_stm32f407xx.o(.text))
<BR>[Address Reference Count : 1]<UL><LI> startup_stm32f407xx.o(RESET)
</UL>
<P><STRONG><a name="[5e]"></a>FPU_IRQHandler</STRONG> (Thumb, 0 bytes, Stack size 0 bytes, startup_stm32f407xx.o(.text))
<BR>[Address Reference Count : 1]<UL><LI> startup_stm32f407xx.o(RESET)
</UL>
<P><STRONG><a name="[5d]"></a>HASH_RNG_IRQHandler</STRONG> (Thumb, 0 bytes, Stack size 0 bytes, startup_stm32f407xx.o(.text))
<BR>[Address Reference Count : 1]<UL><LI> startup_stm32f407xx.o(RESET)
</UL>
<P><STRONG><a name="[2e]"></a>I2C1_ER_IRQHandler</STRONG> (Thumb, 0 bytes, Stack size 0 bytes, startup_stm32f407xx.o(.text))
<BR>[Address Reference Count : 1]<UL><LI> startup_stm32f407xx.o(RESET)
</UL>
<P><STRONG><a name="[2d]"></a>I2C1_EV_IRQHandler</STRONG> (Thumb, 0 bytes, Stack size 0 bytes, startup_stm32f407xx.o(.text))
<BR>[Address Reference Count : 1]<UL><LI> startup_stm32f407xx.o(RESET)
</UL>
<P><STRONG><a name="[30]"></a>I2C2_ER_IRQHandler</STRONG> (Thumb, 0 bytes, Stack size 0 bytes, startup_stm32f407xx.o(.text))
<BR>[Address Reference Count : 1]<UL><LI> startup_stm32f407xx.o(RESET)
</UL>
<P><STRONG><a name="[2f]"></a>I2C2_EV_IRQHandler</STRONG> (Thumb, 0 bytes, Stack size 0 bytes, startup_stm32f407xx.o(.text))
<BR>[Address Reference Count : 1]<UL><LI> startup_stm32f407xx.o(RESET)
</UL>
<P><STRONG><a name="[57]"></a>I2C3_ER_IRQHandler</STRONG> (Thumb, 0 bytes, Stack size 0 bytes, startup_stm32f407xx.o(.text))
<BR>[Address Reference Count : 1]<UL><LI> startup_stm32f407xx.o(RESET)
</UL>
<P><STRONG><a name="[56]"></a>I2C3_EV_IRQHandler</STRONG> (Thumb, 0 bytes, Stack size 0 bytes, startup_stm32f407xx.o(.text))
<BR>[Address Reference Count : 1]<UL><LI> startup_stm32f407xx.o(RESET)
</UL>
<P><STRONG><a name="[51]"></a>OTG_FS_IRQHandler</STRONG> (Thumb, 0 bytes, Stack size 0 bytes, startup_stm32f407xx.o(.text))
<BR>[Address Reference Count : 1]<UL><LI> startup_stm32f407xx.o(RESET)
</UL>
<P><STRONG><a name="[38]"></a>OTG_FS_WKUP_IRQHandler</STRONG> (Thumb, 0 bytes, Stack size 0 bytes, startup_stm32f407xx.o(.text))
<BR>[Address Reference Count : 1]<UL><LI> startup_stm32f407xx.o(RESET)
</UL>
<P><STRONG><a name="[59]"></a>OTG_HS_EP1_IN_IRQHandler</STRONG> (Thumb, 0 bytes, Stack size 0 bytes, startup_stm32f407xx.o(.text))
<BR>[Address Reference Count : 1]<UL><LI> startup_stm32f407xx.o(RESET)
</UL>
<P><STRONG><a name="[58]"></a>OTG_HS_EP1_OUT_IRQHandler</STRONG> (Thumb, 0 bytes, Stack size 0 bytes, startup_stm32f407xx.o(.text))
<BR>[Address Reference Count : 1]<UL><LI> startup_stm32f407xx.o(RESET)
</UL>
<P><STRONG><a name="[5b]"></a>OTG_HS_IRQHandler</STRONG> (Thumb, 0 bytes, Stack size 0 bytes, startup_stm32f407xx.o(.text))
<BR>[Address Reference Count : 1]<UL><LI> startup_stm32f407xx.o(RESET)
</UL>
<P><STRONG><a name="[5a]"></a>OTG_HS_WKUP_IRQHandler</STRONG> (Thumb, 0 bytes, Stack size 0 bytes, startup_stm32f407xx.o(.text))
<BR>[Address Reference Count : 1]<UL><LI> startup_stm32f407xx.o(RESET)
</UL>
<P><STRONG><a name="[f]"></a>PVD_IRQHandler</STRONG> (Thumb, 0 bytes, Stack size 0 bytes, startup_stm32f407xx.o(.text))
<BR>[Address Reference Count : 1]<UL><LI> startup_stm32f407xx.o(RESET)
</UL>
<P><STRONG><a name="[13]"></a>RCC_IRQHandler</STRONG> (Thumb, 0 bytes, Stack size 0 bytes, startup_stm32f407xx.o(.text))
<BR>[Address Reference Count : 1]<UL><LI> startup_stm32f407xx.o(RESET)
</UL>
<P><STRONG><a name="[37]"></a>RTC_Alarm_IRQHandler</STRONG> (Thumb, 0 bytes, Stack size 0 bytes, startup_stm32f407xx.o(.text))
<BR>[Address Reference Count : 1]<UL><LI> startup_stm32f407xx.o(RESET)
</UL>
<P><STRONG><a name="[11]"></a>RTC_WKUP_IRQHandler</STRONG> (Thumb, 0 bytes, Stack size 0 bytes, startup_stm32f407xx.o(.text))
<BR>[Address Reference Count : 1]<UL><LI> startup_stm32f407xx.o(RESET)
</UL>
<P><STRONG><a name="[3f]"></a>SDIO_IRQHandler</STRONG> (Thumb, 0 bytes, Stack size 0 bytes, startup_stm32f407xx.o(.text))
<BR>[Address Reference Count : 1]<UL><LI> startup_stm32f407xx.o(RESET)
</UL>
<P><STRONG><a name="[31]"></a>SPI1_IRQHandler</STRONG> (Thumb, 0 bytes, Stack size 0 bytes, startup_stm32f407xx.o(.text))
<BR>[Address Reference Count : 1]<UL><LI> startup_stm32f407xx.o(RESET)
</UL>
<P><STRONG><a name="[32]"></a>SPI2_IRQHandler</STRONG> (Thumb, 0 bytes, Stack size 0 bytes, startup_stm32f407xx.o(.text))
<BR>[Address Reference Count : 1]<UL><LI> startup_stm32f407xx.o(RESET)
</UL>
<P><STRONG><a name="[41]"></a>SPI3_IRQHandler</STRONG> (Thumb, 0 bytes, Stack size 0 bytes, startup_stm32f407xx.o(.text))
<BR>[Address Reference Count : 1]<UL><LI> startup_stm32f407xx.o(RESET)
</UL>
<P><STRONG><a name="[10]"></a>TAMP_STAMP_IRQHandler</STRONG> (Thumb, 0 bytes, Stack size 0 bytes, startup_stm32f407xx.o(.text))
<BR>[Address Reference Count : 1]<UL><LI> startup_stm32f407xx.o(RESET)
</UL>
<P><STRONG><a name="[26]"></a>TIM1_BRK_TIM9_IRQHandler</STRONG> (Thumb, 0 bytes, Stack size 0 bytes, startup_stm32f407xx.o(.text))
<BR>[Address Reference Count : 1]<UL><LI> startup_stm32f407xx.o(RESET)
</UL>
<P><STRONG><a name="[29]"></a>TIM1_CC_IRQHandler</STRONG> (Thumb, 0 bytes, Stack size 0 bytes, startup_stm32f407xx.o(.text))
<BR>[Address Reference Count : 1]<UL><LI> startup_stm32f407xx.o(RESET)
</UL>
<P><STRONG><a name="[28]"></a>TIM1_TRG_COM_TIM11_IRQHandler</STRONG> (Thumb, 0 bytes, Stack size 0 bytes, startup_stm32f407xx.o(.text))
<BR>[Address Reference Count : 1]<UL><LI> startup_stm32f407xx.o(RESET)
</UL>
<P><STRONG><a name="[27]"></a>TIM1_UP_TIM10_IRQHandler</STRONG> (Thumb, 0 bytes, Stack size 0 bytes, startup_stm32f407xx.o(.text))
<BR>[Address Reference Count : 1]<UL><LI> startup_stm32f407xx.o(RESET)
</UL>
<P><STRONG><a name="[2a]"></a>TIM2_IRQHandler</STRONG> (Thumb, 0 bytes, Stack size 0 bytes, startup_stm32f407xx.o(.text))
<BR>[Address Reference Count : 1]<UL><LI> startup_stm32f407xx.o(RESET)
</UL>
<P><STRONG><a name="[2c]"></a>TIM4_IRQHandler</STRONG> (Thumb, 0 bytes, Stack size 0 bytes, startup_stm32f407xx.o(.text))
<BR>[Address Reference Count : 1]<UL><LI> startup_stm32f407xx.o(RESET)
</UL>
<P><STRONG><a name="[40]"></a>TIM5_IRQHandler</STRONG> (Thumb, 0 bytes, Stack size 0 bytes, startup_stm32f407xx.o(.text))
<BR>[Address Reference Count : 1]<UL><LI> startup_stm32f407xx.o(RESET)
</UL>
<P><STRONG><a name="[45]"></a>TIM7_IRQHandler</STRONG> (Thumb, 0 bytes, Stack size 0 bytes, startup_stm32f407xx.o(.text))
<BR>[Address Reference Count : 1]<UL><LI> startup_stm32f407xx.o(RESET)
</UL>
<P><STRONG><a name="[39]"></a>TIM8_BRK_TIM12_IRQHandler</STRONG> (Thumb, 0 bytes, Stack size 0 bytes, startup_stm32f407xx.o(.text))
<BR>[Address Reference Count : 1]<UL><LI> startup_stm32f407xx.o(RESET)
</UL>
<P><STRONG><a name="[3c]"></a>TIM8_CC_IRQHandler</STRONG> (Thumb, 0 bytes, Stack size 0 bytes, startup_stm32f407xx.o(.text))
<BR>[Address Reference Count : 1]<UL><LI> startup_stm32f407xx.o(RESET)
</UL>
<P><STRONG><a name="[3b]"></a>TIM8_TRG_COM_TIM14_IRQHandler</STRONG> (Thumb, 0 bytes, Stack size 0 bytes, startup_stm32f407xx.o(.text))
<BR>[Address Reference Count : 1]<UL><LI> startup_stm32f407xx.o(RESET)
</UL>
<P><STRONG><a name="[3a]"></a>TIM8_UP_TIM13_IRQHandler</STRONG> (Thumb, 0 bytes, Stack size 0 bytes, startup_stm32f407xx.o(.text))
<BR>[Address Reference Count : 1]<UL><LI> startup_stm32f407xx.o(RESET)
</UL>
<P><STRONG><a name="[42]"></a>UART4_IRQHandler</STRONG> (Thumb, 0 bytes, Stack size 0 bytes, startup_stm32f407xx.o(.text))
<BR>[Address Reference Count : 1]<UL><LI> startup_stm32f407xx.o(RESET)
</UL>
<P><STRONG><a name="[43]"></a>UART5_IRQHandler</STRONG> (Thumb, 0 bytes, Stack size 0 bytes, startup_stm32f407xx.o(.text))
<BR>[Address Reference Count : 1]<UL><LI> startup_stm32f407xx.o(RESET)
</UL>
<P><STRONG><a name="[34]"></a>USART2_IRQHandler</STRONG> (Thumb, 0 bytes, Stack size 0 bytes, startup_stm32f407xx.o(.text))
<BR>[Address Reference Count : 1]<UL><LI> startup_stm32f407xx.o(RESET)
</UL>
<P><STRONG><a name="[e]"></a>WWDG_IRQHandler</STRONG> (Thumb, 0 bytes, Stack size 0 bytes, startup_stm32f407xx.o(.text))
<BR>[Address Reference Count : 1]<UL><LI> startup_stm32f407xx.o(RESET)
</UL>
<P><STRONG><a name="[83]"></a>__aeabi_uldivmod</STRONG> (Thumb, 98 bytes, Stack size 40 bytes, uldiv.o(.text))
<BR><BR>[Stack]<UL><LI>Max Depth = 40<LI>Call Chain = __aeabi_uldivmod
</UL>
<BR>[Calls]<UL><LI><a href="#[84]">&gt;&gt;</a>&nbsp;&nbsp;&nbsp;__aeabi_llsr
<LI><a href="#[85]">&gt;&gt;</a>&nbsp;&nbsp;&nbsp;__aeabi_llsl
</UL>
<BR>[Called By]<UL><LI><a href="#[11a]">&gt;&gt;</a>&nbsp;&nbsp;&nbsp;HAL_RCC_GetSysClockFreq
<LI><a href="#[148]">&gt;&gt;</a>&nbsp;&nbsp;&nbsp;UART_SetConfig
<LI><a href="#[d0]">&gt;&gt;</a>&nbsp;&nbsp;&nbsp;DWT_SysTimeUpdate
</UL>

<P><STRONG><a name="[d8]"></a>__aeabi_memcpy</STRONG> (Thumb, 36 bytes, Stack size 0 bytes, memcpya.o(.text))
<BR><BR>[Called By]<UL><LI><a href="#[204]">&gt;&gt;</a>&nbsp;&nbsp;&nbsp;prvCopyDataToQueue
<LI><a href="#[203]">&gt;&gt;</a>&nbsp;&nbsp;&nbsp;prvCopyDataFromQueue
<LI><a href="#[d9]">&gt;&gt;</a>&nbsp;&nbsp;&nbsp;Referee_SendDrawingStringCmd
<LI><a href="#[198]">&gt;&gt;</a>&nbsp;&nbsp;&nbsp;Referee_SendDrawingCmd
<LI><a href="#[199]">&gt;&gt;</a>&nbsp;&nbsp;&nbsp;Referee_DrawingBufferPushDummy
<LI><a href="#[d3]">&gt;&gt;</a>&nbsp;&nbsp;&nbsp;Referee_DrawingBufferPush
<LI><a href="#[d4]">&gt;&gt;</a>&nbsp;&nbsp;&nbsp;Draw_AddString
<LI><a href="#[db]">&gt;&gt;</a>&nbsp;&nbsp;&nbsp;Referee_SendInteractiveData
</UL>

<P><STRONG><a name="[160]"></a>__aeabi_memcpy4</STRONG> (Thumb, 0 bytes, Stack size 0 bytes, memcpya.o(.text))
<BR><BR>[Called By]<UL><LI><a href="#[172]">&gt;&gt;</a>&nbsp;&nbsp;&nbsp;MX_FREERTOS_Init
<LI><a href="#[15c]">&gt;&gt;</a>&nbsp;&nbsp;&nbsp;QuaternionEKF_Update
<LI><a href="#[14c]">&gt;&gt;</a>&nbsp;&nbsp;&nbsp;QuaternionEKF_Init
<LI><a href="#[16c]">&gt;&gt;</a>&nbsp;&nbsp;&nbsp;Kalman_FilterUpdate
<LI><a href="#[164]">&gt;&gt;</a>&nbsp;&nbsp;&nbsp;Kalman_FilterMeasure
<LI><a href="#[15f]">&gt;&gt;</a>&nbsp;&nbsp;&nbsp;Kalman_Adjustment_H_K_R
<LI><a href="#[69]">&gt;&gt;</a>&nbsp;&nbsp;&nbsp;QuaternionEKF_xhatUpdate
<LI><a href="#[66]">&gt;&gt;</a>&nbsp;&nbsp;&nbsp;QuaternionEKF_Observe
</UL>

<P><STRONG><a name="[238]"></a>__aeabi_memcpy8</STRONG> (Thumb, 0 bytes, Stack size 0 bytes, memcpya.o(.text), UNUSED)

<P><STRONG><a name="[87]"></a>__aeabi_memset</STRONG> (Thumb, 14 bytes, Stack size 0 bytes, memseta.o(.text))
<BR><BR>[Called By]<UL><LI><a href="#[209]">&gt;&gt;</a>&nbsp;&nbsp;&nbsp;prvInitialiseNewTask
<LI><a href="#[88]">&gt;&gt;</a>&nbsp;&nbsp;&nbsp;memset
<LI><a href="#[86]">&gt;&gt;</a>&nbsp;&nbsp;&nbsp;__aeabi_memclr
</UL>

<P><STRONG><a name="[239]"></a>__aeabi_memset4</STRONG> (Thumb, 0 bytes, Stack size 0 bytes, memseta.o(.text), UNUSED)

<P><STRONG><a name="[23a]"></a>__aeabi_memset8</STRONG> (Thumb, 0 bytes, Stack size 0 bytes, memseta.o(.text), UNUSED)

<P><STRONG><a name="[86]"></a>__aeabi_memclr</STRONG> (Thumb, 4 bytes, Stack size 0 bytes, memseta.o(.text))
<BR><BR>[Calls]<UL><LI><a href="#[87]">&gt;&gt;</a>&nbsp;&nbsp;&nbsp;__aeabi_memset
</UL>
<BR>[Called By]<UL><LI><a href="#[161]">&gt;&gt;</a>&nbsp;&nbsp;&nbsp;Kalman_FilterInit
</UL>

<P><STRONG><a name="[94]"></a>__aeabi_memclr4</STRONG> (Thumb, 0 bytes, Stack size 0 bytes, memseta.o(.text))
<BR><BR>[Called By]<UL><LI><a href="#[132]">&gt;&gt;</a>&nbsp;&nbsp;&nbsp;HAL_TIM_MspPostInit
<LI><a href="#[11f]">&gt;&gt;</a>&nbsp;&nbsp;&nbsp;HAL_SPI_MspInit
<LI><a href="#[103]">&gt;&gt;</a>&nbsp;&nbsp;&nbsp;HAL_CAN_MspInit
<LI><a href="#[178]">&gt;&gt;</a>&nbsp;&nbsp;&nbsp;MX_TIM1_Init
<LI><a href="#[175]">&gt;&gt;</a>&nbsp;&nbsp;&nbsp;MX_GPIO_Init
<LI><a href="#[1d7]">&gt;&gt;</a>&nbsp;&nbsp;&nbsp;SystemClock_Config
<LI><a href="#[147]">&gt;&gt;</a>&nbsp;&nbsp;&nbsp;HAL_UART_MspInit
<LI><a href="#[e6]">&gt;&gt;</a>&nbsp;&nbsp;&nbsp;Motor_SendMotorGroupOutput
<LI><a href="#[19a]">&gt;&gt;</a>&nbsp;&nbsp;&nbsp;Referee_ResetRefereeData
<LI><a href="#[93]">&gt;&gt;</a>&nbsp;&nbsp;&nbsp;arm_mat_inverse_f32
<LI><a href="#[164]">&gt;&gt;</a>&nbsp;&nbsp;&nbsp;Kalman_FilterMeasure
<LI><a href="#[161]">&gt;&gt;</a>&nbsp;&nbsp;&nbsp;Kalman_FilterInit
<LI><a href="#[15f]">&gt;&gt;</a>&nbsp;&nbsp;&nbsp;Kalman_Adjustment_H_K_R
<LI><a href="#[68]">&gt;&gt;</a>&nbsp;&nbsp;&nbsp;QuaternionEKF_SetH
</UL>

<P><STRONG><a name="[23b]"></a>__aeabi_memclr8</STRONG> (Thumb, 0 bytes, Stack size 0 bytes, memseta.o(.text), UNUSED)

<P><STRONG><a name="[88]"></a>memset</STRONG> (Thumb, 18 bytes, Stack size 8 bytes, memseta.o(.text), UNUSED)
<BR><BR>[Calls]<UL><LI><a href="#[87]">&gt;&gt;</a>&nbsp;&nbsp;&nbsp;__aeabi_memset
</UL>

<P><STRONG><a name="[d6]"></a>strlen</STRONG> (Thumb, 14 bytes, Stack size 0 bytes, strlen.o(.text))
<BR><BR>[Called By]<UL><LI><a href="#[d4]">&gt;&gt;</a>&nbsp;&nbsp;&nbsp;Draw_AddString
</UL>

<P><STRONG><a name="[89]"></a>__aeabi_dadd</STRONG> (Thumb, 322 bytes, Stack size 48 bytes, dadd.o(.text))
<BR><BR>[Stack]<UL><LI>Max Depth = 88<LI>Call Chain = __aeabi_dadd &rArr; _double_epilogue &rArr; _double_round
</UL>
<BR>[Calls]<UL><LI><a href="#[8a]">&gt;&gt;</a>&nbsp;&nbsp;&nbsp;__aeabi_lasr
<LI><a href="#[85]">&gt;&gt;</a>&nbsp;&nbsp;&nbsp;__aeabi_llsl
<LI><a href="#[8c]">&gt;&gt;</a>&nbsp;&nbsp;&nbsp;_double_round
<LI><a href="#[8b]">&gt;&gt;</a>&nbsp;&nbsp;&nbsp;_double_epilogue
</UL>
<BR>[Called By]<UL><LI><a href="#[1ad]">&gt;&gt;</a>&nbsp;&nbsp;&nbsp;Remote_RemoteShooterModeSet
<LI><a href="#[70]">&gt;&gt;</a>&nbsp;&nbsp;&nbsp;Ins_Task
<LI><a href="#[8d]">&gt;&gt;</a>&nbsp;&nbsp;&nbsp;__aeabi_dsub
<LI><a href="#[8e]">&gt;&gt;</a>&nbsp;&nbsp;&nbsp;__aeabi_drsub
</UL>

<P><STRONG><a name="[8d]"></a>__aeabi_dsub</STRONG> (Thumb, 6 bytes, Stack size 0 bytes, dadd.o(.text), UNUSED)
<BR><BR>[Calls]<UL><LI><a href="#[89]">&gt;&gt;</a>&nbsp;&nbsp;&nbsp;__aeabi_dadd
</UL>

<P><STRONG><a name="[8e]"></a>__aeabi_drsub</STRONG> (Thumb, 6 bytes, Stack size 0 bytes, dadd.o(.text), UNUSED)
<BR><BR>[Calls]<UL><LI><a href="#[89]">&gt;&gt;</a>&nbsp;&nbsp;&nbsp;__aeabi_dadd
</UL>

<P><STRONG><a name="[8f]"></a>__aeabi_dmul</STRONG> (Thumb, 228 bytes, Stack size 48 bytes, dmul.o(.text))
<BR><BR>[Stack]<UL><LI>Max Depth = 88<LI>Call Chain = __aeabi_dmul &rArr; _double_epilogue &rArr; _double_round
</UL>
<BR>[Calls]<UL><LI><a href="#[8b]">&gt;&gt;</a>&nbsp;&nbsp;&nbsp;_double_epilogue
</UL>
<BR>[Called By]<UL><LI><a href="#[1ad]">&gt;&gt;</a>&nbsp;&nbsp;&nbsp;Remote_RemoteShooterModeSet
<LI><a href="#[70]">&gt;&gt;</a>&nbsp;&nbsp;&nbsp;Ins_Task
</UL>

<P><STRONG><a name="[e8]"></a>__aeabi_f2d</STRONG> (Thumb, 38 bytes, Stack size 0 bytes, f2d.o(.text))
<BR><BR>[Called By]<UL><LI><a href="#[e7]">&gt;&gt;</a>&nbsp;&nbsp;&nbsp;GimbalPitch_SetPitchRef
<LI><a href="#[1ad]">&gt;&gt;</a>&nbsp;&nbsp;&nbsp;Remote_RemoteShooterModeSet
<LI><a href="#[70]">&gt;&gt;</a>&nbsp;&nbsp;&nbsp;Ins_Task
<LI><a href="#[1c6]">&gt;&gt;</a>&nbsp;&nbsp;&nbsp;Shooter_SingleShootCtrl
<LI><a href="#[1cb]">&gt;&gt;</a>&nbsp;&nbsp;&nbsp;Shooter_FeederMotorLockedJudge
</UL>

<P><STRONG><a name="[23c]"></a>__aeabi_cdcmpeq</STRONG> (Thumb, 0 bytes, Stack size 0 bytes, cdcmple.o(.text), UNUSED)

<P><STRONG><a name="[ea]"></a>__aeabi_cdcmple</STRONG> (Thumb, 48 bytes, Stack size 0 bytes, cdcmple.o(.text))
<BR><BR>[Called By]<UL><LI><a href="#[e7]">&gt;&gt;</a>&nbsp;&nbsp;&nbsp;GimbalPitch_SetPitchRef
<LI><a href="#[1cb]">&gt;&gt;</a>&nbsp;&nbsp;&nbsp;Shooter_FeederMotorLockedJudge
</UL>

<P><STRONG><a name="[e9]"></a>__aeabi_cdrcmple</STRONG> (Thumb, 48 bytes, Stack size 0 bytes, cdrcmple.o(.text))
<BR><BR>[Called By]<UL><LI><a href="#[e7]">&gt;&gt;</a>&nbsp;&nbsp;&nbsp;GimbalPitch_SetPitchRef
<LI><a href="#[1c6]">&gt;&gt;</a>&nbsp;&nbsp;&nbsp;Shooter_SingleShootCtrl
<LI><a href="#[1cb]">&gt;&gt;</a>&nbsp;&nbsp;&nbsp;Shooter_FeederMotorLockedJudge
</UL>

<P><STRONG><a name="[90]"></a>__aeabi_d2f</STRONG> (Thumb, 56 bytes, Stack size 8 bytes, d2f.o(.text))
<BR><BR>[Stack]<UL><LI>Max Depth = 8<LI>Call Chain = __aeabi_d2f
</UL>
<BR>[Calls]<UL><LI><a href="#[91]">&gt;&gt;</a>&nbsp;&nbsp;&nbsp;_float_round
</UL>
<BR>[Called By]<UL><LI><a href="#[1ad]">&gt;&gt;</a>&nbsp;&nbsp;&nbsp;Remote_RemoteShooterModeSet
<LI><a href="#[70]">&gt;&gt;</a>&nbsp;&nbsp;&nbsp;Ins_Task
</UL>

<P><STRONG><a name="[85]"></a>__aeabi_llsl</STRONG> (Thumb, 30 bytes, Stack size 0 bytes, llshl.o(.text))
<BR><BR>[Called By]<UL><LI><a href="#[89]">&gt;&gt;</a>&nbsp;&nbsp;&nbsp;__aeabi_dadd
<LI><a href="#[8b]">&gt;&gt;</a>&nbsp;&nbsp;&nbsp;_double_epilogue
<LI><a href="#[83]">&gt;&gt;</a>&nbsp;&nbsp;&nbsp;__aeabi_uldivmod
</UL>

<P><STRONG><a name="[23d]"></a>_ll_shift_l</STRONG> (Thumb, 0 bytes, Stack size 0 bytes, llshl.o(.text), UNUSED)

<P><STRONG><a name="[84]"></a>__aeabi_llsr</STRONG> (Thumb, 32 bytes, Stack size 0 bytes, llushr.o(.text))
<BR><BR>[Called By]<UL><LI><a href="#[8b]">&gt;&gt;</a>&nbsp;&nbsp;&nbsp;_double_epilogue
<LI><a href="#[83]">&gt;&gt;</a>&nbsp;&nbsp;&nbsp;__aeabi_uldivmod
</UL>

<P><STRONG><a name="[23e]"></a>_ll_ushift_r</STRONG> (Thumb, 0 bytes, Stack size 0 bytes, llushr.o(.text), UNUSED)

<P><STRONG><a name="[8a]"></a>__aeabi_lasr</STRONG> (Thumb, 36 bytes, Stack size 0 bytes, llsshr.o(.text))
<BR><BR>[Called By]<UL><LI><a href="#[89]">&gt;&gt;</a>&nbsp;&nbsp;&nbsp;__aeabi_dadd
</UL>

<P><STRONG><a name="[23f]"></a>_ll_sshift_r</STRONG> (Thumb, 0 bytes, Stack size 0 bytes, llsshr.o(.text), UNUSED)

<P><STRONG><a name="[240]"></a>__I$use$fp</STRONG> (Thumb, 0 bytes, Stack size 0 bytes, iusefp.o(.text), UNUSED)

<P><STRONG><a name="[91]"></a>_float_round</STRONG> (Thumb, 18 bytes, Stack size 0 bytes, fepilogue.o(.text))
<BR><BR>[Called By]<UL><LI><a href="#[90]">&gt;&gt;</a>&nbsp;&nbsp;&nbsp;__aeabi_d2f
</UL>

<P><STRONG><a name="[241]"></a>_float_epilogue</STRONG> (Thumb, 92 bytes, Stack size 4 bytes, fepilogue.o(.text), UNUSED)

<P><STRONG><a name="[8c]"></a>_double_round</STRONG> (Thumb, 30 bytes, Stack size 8 bytes, depilogue.o(.text))
<BR><BR>[Stack]<UL><LI>Max Depth = 8<LI>Call Chain = _double_round
</UL>
<BR>[Called By]<UL><LI><a href="#[89]">&gt;&gt;</a>&nbsp;&nbsp;&nbsp;__aeabi_dadd
<LI><a href="#[8b]">&gt;&gt;</a>&nbsp;&nbsp;&nbsp;_double_epilogue
</UL>

<P><STRONG><a name="[8b]"></a>_double_epilogue</STRONG> (Thumb, 156 bytes, Stack size 32 bytes, depilogue.o(.text))
<BR><BR>[Stack]<UL><LI>Max Depth = 40<LI>Call Chain = _double_epilogue &rArr; _double_round
</UL>
<BR>[Calls]<UL><LI><a href="#[84]">&gt;&gt;</a>&nbsp;&nbsp;&nbsp;__aeabi_llsr
<LI><a href="#[85]">&gt;&gt;</a>&nbsp;&nbsp;&nbsp;__aeabi_llsl
<LI><a href="#[8c]">&gt;&gt;</a>&nbsp;&nbsp;&nbsp;_double_round
</UL>
<BR>[Called By]<UL><LI><a href="#[8f]">&gt;&gt;</a>&nbsp;&nbsp;&nbsp;__aeabi_dmul
<LI><a href="#[89]">&gt;&gt;</a>&nbsp;&nbsp;&nbsp;__aeabi_dadd
</UL>

<P><STRONG><a name="[81]"></a>__scatterload</STRONG> (Thumb, 28 bytes, Stack size 0 bytes, init.o(.text))
<BR><BR>[Calls]<UL><LI><a href="#[92]">&gt;&gt;</a>&nbsp;&nbsp;&nbsp;__main_after_scatterload
</UL>
<BR>[Called By]<UL><LI><a href="#[80]">&gt;&gt;</a>&nbsp;&nbsp;&nbsp;_main_scatterload
</UL>

<P><STRONG><a name="[242]"></a>__scatterload_rt2</STRONG> (Thumb, 0 bytes, Stack size 0 bytes, init.o(.text), UNUSED)

<P><STRONG><a name="[243]"></a>__decompress</STRONG> (Thumb, 0 bytes, Stack size unknown bytes, __dczerorl2.o(.text), UNUSED)

<P><STRONG><a name="[244]"></a>__decompress1</STRONG> (Thumb, 86 bytes, Stack size unknown bytes, __dczerorl2.o(.text), UNUSED)

<P><STRONG><a name="[c7]"></a>arm_cos_f32</STRONG> (Thumb, 160 bytes, Stack size 0 bytes, arm_cos_f32.o(.text.arm_cos_f32))
<BR><BR>[Called By]<UL><LI><a href="#[c6]">&gt;&gt;</a>&nbsp;&nbsp;&nbsp;Chassis_SetChassisRef
<LI><a href="#[15a]">&gt;&gt;</a>&nbsp;&nbsp;&nbsp;Param_Correction
</UL>

<P><STRONG><a name="[16a]"></a>arm_mat_add_f32</STRONG> (Thumb, 190 bytes, Stack size 8 bytes, arm_mat_add_f32.o(.text.arm_mat_add_f32))
<BR><BR>[Stack]<UL><LI>Max Depth = 8<LI>Call Chain = arm_mat_add_f32
</UL>
<BR>[Called By]<UL><LI><a href="#[16e]">&gt;&gt;</a>&nbsp;&nbsp;&nbsp;Kalman_FilterxhatUpdate
<LI><a href="#[16d]">&gt;&gt;</a>&nbsp;&nbsp;&nbsp;Kalman_FilterxhatMinusUpdate
<LI><a href="#[16b]">&gt;&gt;</a>&nbsp;&nbsp;&nbsp;Kalman_FilterSetK
<LI><a href="#[168]">&gt;&gt;</a>&nbsp;&nbsp;&nbsp;Kalman_FilterPminusUpdate
<LI><a href="#[69]">&gt;&gt;</a>&nbsp;&nbsp;&nbsp;QuaternionEKF_xhatUpdate
</UL>

<P><STRONG><a name="[163]"></a>arm_mat_init_f32</STRONG> (Thumb, 8 bytes, Stack size 0 bytes, arm_mat_init_f32.o(.text.arm_mat_init_f32))
<BR><BR>[Called By]<UL><LI><a href="#[14c]">&gt;&gt;</a>&nbsp;&nbsp;&nbsp;QuaternionEKF_Init
<LI><a href="#[161]">&gt;&gt;</a>&nbsp;&nbsp;&nbsp;Kalman_FilterInit
</UL>

<P><STRONG><a name="[93]"></a>arm_mat_inverse_f32</STRONG> (Thumb, 720 bytes, Stack size 80 bytes, arm_mat_inverse_f32.o(.text.arm_mat_inverse_f32))
<BR><BR>[Stack]<UL><LI>Max Depth = 80<LI>Call Chain = arm_mat_inverse_f32
</UL>
<BR>[Calls]<UL><LI><a href="#[94]">&gt;&gt;</a>&nbsp;&nbsp;&nbsp;__aeabi_memclr4
</UL>
<BR>[Called By]<UL><LI><a href="#[16b]">&gt;&gt;</a>&nbsp;&nbsp;&nbsp;Kalman_FilterSetK
<LI><a href="#[69]">&gt;&gt;</a>&nbsp;&nbsp;&nbsp;QuaternionEKF_xhatUpdate
</UL>

<P><STRONG><a name="[166]"></a>arm_mat_mult_f32</STRONG> (Thumb, 316 bytes, Stack size 72 bytes, arm_mat_mult_f32.o(.text.arm_mat_mult_f32))
<BR><BR>[Stack]<UL><LI>Max Depth = 72<LI>Call Chain = arm_mat_mult_f32
</UL>
<BR>[Called By]<UL><LI><a href="#[16e]">&gt;&gt;</a>&nbsp;&nbsp;&nbsp;Kalman_FilterxhatUpdate
<LI><a href="#[16d]">&gt;&gt;</a>&nbsp;&nbsp;&nbsp;Kalman_FilterxhatMinusUpdate
<LI><a href="#[16b]">&gt;&gt;</a>&nbsp;&nbsp;&nbsp;Kalman_FilterSetK
<LI><a href="#[168]">&gt;&gt;</a>&nbsp;&nbsp;&nbsp;Kalman_FilterPminusUpdate
<LI><a href="#[165]">&gt;&gt;</a>&nbsp;&nbsp;&nbsp;Kalman_FilterPUpdate
<LI><a href="#[69]">&gt;&gt;</a>&nbsp;&nbsp;&nbsp;QuaternionEKF_xhatUpdate
</UL>

<P><STRONG><a name="[167]"></a>arm_mat_sub_f32</STRONG> (Thumb, 190 bytes, Stack size 8 bytes, arm_mat_sub_f32.o(.text.arm_mat_sub_f32))
<BR><BR>[Stack]<UL><LI>Max Depth = 8<LI>Call Chain = arm_mat_sub_f32
</UL>
<BR>[Called By]<UL><LI><a href="#[16e]">&gt;&gt;</a>&nbsp;&nbsp;&nbsp;Kalman_FilterxhatUpdate
<LI><a href="#[165]">&gt;&gt;</a>&nbsp;&nbsp;&nbsp;Kalman_FilterPUpdate
<LI><a href="#[69]">&gt;&gt;</a>&nbsp;&nbsp;&nbsp;QuaternionEKF_xhatUpdate
</UL>

<P><STRONG><a name="[169]"></a>arm_mat_trans_f32</STRONG> (Thumb, 178 bytes, Stack size 44 bytes, arm_mat_trans_f32.o(.text.arm_mat_trans_f32))
<BR><BR>[Stack]<UL><LI>Max Depth = 44<LI>Call Chain = arm_mat_trans_f32
</UL>
<BR>[Called By]<UL><LI><a href="#[16b]">&gt;&gt;</a>&nbsp;&nbsp;&nbsp;Kalman_FilterSetK
<LI><a href="#[168]">&gt;&gt;</a>&nbsp;&nbsp;&nbsp;Kalman_FilterPminusUpdate
<LI><a href="#[69]">&gt;&gt;</a>&nbsp;&nbsp;&nbsp;QuaternionEKF_xhatUpdate
</UL>

<P><STRONG><a name="[c8]"></a>arm_sin_f32</STRONG> (Thumb, 152 bytes, Stack size 0 bytes, arm_sin_f32.o(.text.arm_sin_f32))
<BR><BR>[Called By]<UL><LI><a href="#[c6]">&gt;&gt;</a>&nbsp;&nbsp;&nbsp;Chassis_SetChassisRef
<LI><a href="#[15a]">&gt;&gt;</a>&nbsp;&nbsp;&nbsp;Param_Correction
</UL>

<P><STRONG><a name="[9c]"></a>BMI088_BMI088DecodeData</STRONG> (Thumb, 592 bytes, Stack size 24 bytes, periph_bmi088.o(i.BMI088_BMI088DecodeData))
<BR><BR>[Stack]<UL><LI>Max Depth = 184<LI>Call Chain = BMI088_BMI088DecodeData &rArr; Spi_ReadMuliReg &rArr; Spi_SwapAbyteData &rArr; HAL_SPI_TransmitReceive &rArr; SPI_EndRxTxTransaction &rArr; SPI_WaitFlagStateUntilTimeout
</UL>
<BR>[Calls]<UL><LI><a href="#[9e]">&gt;&gt;</a>&nbsp;&nbsp;&nbsp;HAL_GetTick
<LI><a href="#[9d]">&gt;&gt;</a>&nbsp;&nbsp;&nbsp;BMI088_GetBMI088DataPtr
<LI><a href="#[97]">&gt;&gt;</a>&nbsp;&nbsp;&nbsp;Spi_SwapAbyteData
<LI><a href="#[9b]">&gt;&gt;</a>&nbsp;&nbsp;&nbsp;Spi_ReadMuliReg
<LI><a href="#[98]">&gt;&gt;</a>&nbsp;&nbsp;&nbsp;GPIO_Set
<LI><a href="#[96]">&gt;&gt;</a>&nbsp;&nbsp;&nbsp;GPIO_Reset
</UL>
<BR>[Called By]<UL><LI><a href="#[70]">&gt;&gt;</a>&nbsp;&nbsp;&nbsp;Ins_Task
</UL>

<P><STRONG><a name="[9d]"></a>BMI088_GetBMI088DataPtr</STRONG> (Thumb, 4 bytes, Stack size 0 bytes, periph_bmi088.o(i.BMI088_GetBMI088DataPtr))
<BR><BR>[Called By]<UL><LI><a href="#[a7]">&gt;&gt;</a>&nbsp;&nbsp;&nbsp;BMI088_IsBMI088Offline
<LI><a href="#[9c]">&gt;&gt;</a>&nbsp;&nbsp;&nbsp;BMI088_BMI088DecodeData
<LI><a href="#[70]">&gt;&gt;</a>&nbsp;&nbsp;&nbsp;Ins_Task
<LI><a href="#[a4]">&gt;&gt;</a>&nbsp;&nbsp;&nbsp;BMI088_Init
<LI><a href="#[a6]">&gt;&gt;</a>&nbsp;&nbsp;&nbsp;BMI088_SetOffset
<LI><a href="#[a5]">&gt;&gt;</a>&nbsp;&nbsp;&nbsp;BMI088_ResetBMI088Data
<LI><a href="#[a1]">&gt;&gt;</a>&nbsp;&nbsp;&nbsp;BMI088_GetOffset
</UL>

<P><STRONG><a name="[a1]"></a>BMI088_GetOffset</STRONG> (Thumb, 248 bytes, Stack size 48 bytes, periph_bmi088.o(i.BMI088_GetOffset))
<BR><BR>[Stack]<UL><LI>Max Depth = 56<LI>Call Chain = BMI088_GetOffset &rArr; ui322buff
</UL>
<BR>[Calls]<UL><LI><a href="#[9d]">&gt;&gt;</a>&nbsp;&nbsp;&nbsp;BMI088_GetBMI088DataPtr
<LI><a href="#[a2]">&gt;&gt;</a>&nbsp;&nbsp;&nbsp;ui322buff
<LI><a href="#[a3]">&gt;&gt;</a>&nbsp;&nbsp;&nbsp;buff2float
</UL>
<BR>[Called By]<UL><LI><a href="#[a4]">&gt;&gt;</a>&nbsp;&nbsp;&nbsp;BMI088_Init
</UL>

<P><STRONG><a name="[a4]"></a>BMI088_Init</STRONG> (Thumb, 80 bytes, Stack size 16 bytes, periph_bmi088.o(i.BMI088_Init))
<BR><BR>[Stack]<UL><LI>Max Depth = 264<LI>Call Chain = BMI088_Init &rArr; BMI088_SetOffset &rArr; Spi_ReadMuliReg &rArr; Spi_SwapAbyteData &rArr; HAL_SPI_TransmitReceive &rArr; SPI_EndRxTxTransaction &rArr; SPI_WaitFlagStateUntilTimeout
</UL>
<BR>[Calls]<UL><LI><a href="#[9d]">&gt;&gt;</a>&nbsp;&nbsp;&nbsp;BMI088_GetBMI088DataPtr
<LI><a href="#[a6]">&gt;&gt;</a>&nbsp;&nbsp;&nbsp;BMI088_SetOffset
<LI><a href="#[a5]">&gt;&gt;</a>&nbsp;&nbsp;&nbsp;BMI088_ResetBMI088Data
<LI><a href="#[a1]">&gt;&gt;</a>&nbsp;&nbsp;&nbsp;BMI088_GetOffset
<LI><a href="#[a0]">&gt;&gt;</a>&nbsp;&nbsp;&nbsp;BMI088_BMI088GyroTest
<LI><a href="#[9f]">&gt;&gt;</a>&nbsp;&nbsp;&nbsp;BMI088_BMI088GyroInit
<LI><a href="#[9a]">&gt;&gt;</a>&nbsp;&nbsp;&nbsp;BMI088_BMI088AccelTest
<LI><a href="#[95]">&gt;&gt;</a>&nbsp;&nbsp;&nbsp;BMI088_BMI088AccelInit
</UL>
<BR>[Called By]<UL><LI><a href="#[14d]">&gt;&gt;</a>&nbsp;&nbsp;&nbsp;Init_InitAll
</UL>

<P><STRONG><a name="[a7]"></a>BMI088_IsBMI088Offline</STRONG> (Thumb, 38 bytes, Stack size 16 bytes, periph_bmi088.o(i.BMI088_IsBMI088Offline))
<BR><BR>[Stack]<UL><LI>Max Depth = 16<LI>Call Chain = BMI088_IsBMI088Offline
</UL>
<BR>[Calls]<UL><LI><a href="#[9e]">&gt;&gt;</a>&nbsp;&nbsp;&nbsp;HAL_GetTick
<LI><a href="#[9d]">&gt;&gt;</a>&nbsp;&nbsp;&nbsp;BMI088_GetBMI088DataPtr
</UL>
<BR>[Called By]<UL><LI><a href="#[1dd]">&gt;&gt;</a>&nbsp;&nbsp;&nbsp;WatchDog_Feed
</UL>

<P><STRONG><a name="[a5]"></a>BMI088_ResetBMI088Data</STRONG> (Thumb, 78 bytes, Stack size 8 bytes, periph_bmi088.o(i.BMI088_ResetBMI088Data))
<BR><BR>[Stack]<UL><LI>Max Depth = 8<LI>Call Chain = BMI088_ResetBMI088Data
</UL>
<BR>[Calls]<UL><LI><a href="#[9e]">&gt;&gt;</a>&nbsp;&nbsp;&nbsp;HAL_GetTick
<LI><a href="#[9d]">&gt;&gt;</a>&nbsp;&nbsp;&nbsp;BMI088_GetBMI088DataPtr
</UL>
<BR>[Called By]<UL><LI><a href="#[a4]">&gt;&gt;</a>&nbsp;&nbsp;&nbsp;BMI088_Init
</UL>

<P><STRONG><a name="[a6]"></a>BMI088_SetOffset</STRONG> (Thumb, 1274 bytes, Stack size 88 bytes, periph_bmi088.o(i.BMI088_SetOffset))
<BR><BR>[Stack]<UL><LI>Max Depth = 248<LI>Call Chain = BMI088_SetOffset &rArr; Spi_ReadMuliReg &rArr; Spi_SwapAbyteData &rArr; HAL_SPI_TransmitReceive &rArr; SPI_EndRxTxTransaction &rArr; SPI_WaitFlagStateUntilTimeout
</UL>
<BR>[Calls]<UL><LI><a href="#[9d]">&gt;&gt;</a>&nbsp;&nbsp;&nbsp;BMI088_GetBMI088DataPtr
<LI><a href="#[97]">&gt;&gt;</a>&nbsp;&nbsp;&nbsp;Spi_SwapAbyteData
<LI><a href="#[9b]">&gt;&gt;</a>&nbsp;&nbsp;&nbsp;Spi_ReadMuliReg
<LI><a href="#[98]">&gt;&gt;</a>&nbsp;&nbsp;&nbsp;GPIO_Set
<LI><a href="#[96]">&gt;&gt;</a>&nbsp;&nbsp;&nbsp;GPIO_Reset
<LI><a href="#[a8]">&gt;&gt;</a>&nbsp;&nbsp;&nbsp;DWT_GetTimeline_s
<LI><a href="#[a9]">&gt;&gt;</a>&nbsp;&nbsp;&nbsp;DWT_Delay
<LI><a href="#[aa]">&gt;&gt;</a>&nbsp;&nbsp;&nbsp;__hardfp_sqrtf
</UL>
<BR>[Called By]<UL><LI><a href="#[a4]">&gt;&gt;</a>&nbsp;&nbsp;&nbsp;BMI088_Init
</UL>

<P><STRONG><a name="[15d]"></a>BodyFrameToEarthFrame</STRONG> (Thumb, 346 bytes, Stack size 0 bytes, app_ins.o(i.BodyFrameToEarthFrame))
<BR><BR>[Called By]<UL><LI><a href="#[70]">&gt;&gt;</a>&nbsp;&nbsp;&nbsp;Ins_Task
</UL>

<P><STRONG><a name="[8]"></a>BusFault_Handler</STRONG> (Thumb, 4 bytes, Stack size 0 bytes, stm32f4xx_it.o(i.BusFault_Handler))
<BR>[Address Reference Count : 1]<UL><LI> startup_stm32f407xx.o(RESET)
</UL>
<P><STRONG><a name="[22]"></a>CAN1_RX0_IRQHandler</STRONG> (Thumb, 10 bytes, Stack size 8 bytes, stm32f4xx_it.o(i.CAN1_RX0_IRQHandler))
<BR><BR>[Stack]<UL><LI>Max Depth = 112<LI>Call Chain = CAN1_RX0_IRQHandler &rArr; HAL_CAN_IRQHandler &rArr; HAL_CAN_RxFifo1MsgPendingCallback &rArr; Can_RxMessageCallback &rArr; Motor_EncoderDecodeCallback
</UL>
<BR>[Calls]<UL><LI><a href="#[ab]">&gt;&gt;</a>&nbsp;&nbsp;&nbsp;HAL_CAN_IRQHandler
</UL>
<BR>[Address Reference Count : 1]<UL><LI> startup_stm32f407xx.o(RESET)
</UL>
<P><STRONG><a name="[4e]"></a>CAN2_RX0_IRQHandler</STRONG> (Thumb, 10 bytes, Stack size 8 bytes, stm32f4xx_it.o(i.CAN2_RX0_IRQHandler))
<BR><BR>[Stack]<UL><LI>Max Depth = 112<LI>Call Chain = CAN2_RX0_IRQHandler &rArr; HAL_CAN_IRQHandler &rArr; HAL_CAN_RxFifo1MsgPendingCallback &rArr; Can_RxMessageCallback &rArr; Motor_EncoderDecodeCallback
</UL>
<BR>[Calls]<UL><LI><a href="#[ab]">&gt;&gt;</a>&nbsp;&nbsp;&nbsp;HAL_CAN_IRQHandler
</UL>
<BR>[Address Reference Count : 1]<UL><LI> startup_stm32f407xx.o(RESET)
</UL>
<P><STRONG><a name="[ad]"></a>CRC_GetCRC16CheckSum</STRONG> (Thumb, 46 bytes, Stack size 12 bytes, alg_crc.o(i.CRC_GetCRC16CheckSum))
<BR><BR>[Stack]<UL><LI>Max Depth = 12<LI>Call Chain = CRC_GetCRC16CheckSum
</UL>
<BR>[Called By]<UL><LI><a href="#[ac]">&gt;&gt;</a>&nbsp;&nbsp;&nbsp;CRC_VerifyCRC16CheckSum
<LI><a href="#[db]">&gt;&gt;</a>&nbsp;&nbsp;&nbsp;Referee_SendInteractiveData
</UL>

<P><STRONG><a name="[af]"></a>CRC_GetCRC8CheckSum</STRONG> (Thumb, 30 bytes, Stack size 12 bytes, alg_crc.o(i.CRC_GetCRC8CheckSum))
<BR><BR>[Stack]<UL><LI>Max Depth = 12<LI>Call Chain = CRC_GetCRC8CheckSum
</UL>
<BR>[Called By]<UL><LI><a href="#[ae]">&gt;&gt;</a>&nbsp;&nbsp;&nbsp;CRC_VerifyCRC8CheckSum
<LI><a href="#[db]">&gt;&gt;</a>&nbsp;&nbsp;&nbsp;Referee_SendInteractiveData
</UL>

<P><STRONG><a name="[ac]"></a>CRC_VerifyCRC16CheckSum</STRONG> (Thumb, 60 bytes, Stack size 16 bytes, alg_crc.o(i.CRC_VerifyCRC16CheckSum))
<BR><BR>[Stack]<UL><LI>Max Depth = 28<LI>Call Chain = CRC_VerifyCRC16CheckSum &rArr; CRC_GetCRC16CheckSum
</UL>
<BR>[Calls]<UL><LI><a href="#[ad]">&gt;&gt;</a>&nbsp;&nbsp;&nbsp;CRC_GetCRC16CheckSum
</UL>
<BR>[Called By]<UL><LI><a href="#[195]">&gt;&gt;</a>&nbsp;&nbsp;&nbsp;Referee_DecodeRefereeData
</UL>

<P><STRONG><a name="[ae]"></a>CRC_VerifyCRC8CheckSum</STRONG> (Thumb, 48 bytes, Stack size 16 bytes, alg_crc.o(i.CRC_VerifyCRC8CheckSum))
<BR><BR>[Stack]<UL><LI>Max Depth = 28<LI>Call Chain = CRC_VerifyCRC8CheckSum &rArr; CRC_GetCRC8CheckSum
</UL>
<BR>[Calls]<UL><LI><a href="#[af]">&gt;&gt;</a>&nbsp;&nbsp;&nbsp;CRC_GetCRC8CheckSum
</UL>
<BR>[Called By]<UL><LI><a href="#[195]">&gt;&gt;</a>&nbsp;&nbsp;&nbsp;Referee_DecodeRefereeData
</UL>

<P><STRONG><a name="[b2]"></a>Can_ErrorHandler</STRONG> (Thumb, 6 bytes, Stack size 0 bytes, util_can.o(i.Can_ErrorHandler))
<BR><BR>[Called By]<UL><LI><a href="#[b0]">&gt;&gt;</a>&nbsp;&nbsp;&nbsp;Can_InitFilterAndStart
<LI><a href="#[b9]">&gt;&gt;</a>&nbsp;&nbsp;&nbsp;Can_SendMessage
<LI><a href="#[fe]">&gt;&gt;</a>&nbsp;&nbsp;&nbsp;HAL_CAN_RxFifo1MsgPendingCallback
<LI><a href="#[fc]">&gt;&gt;</a>&nbsp;&nbsp;&nbsp;HAL_CAN_RxFifo0MsgPendingCallback
</UL>

<P><STRONG><a name="[b0]"></a>Can_InitFilterAndStart</STRONG> (Thumb, 106 bytes, Stack size 56 bytes, util_can.o(i.Can_InitFilterAndStart))
<BR><BR>[Stack]<UL><LI>Max Depth = 76<LI>Call Chain = Can_InitFilterAndStart &rArr; HAL_CAN_ConfigFilter
</UL>
<BR>[Calls]<UL><LI><a href="#[b3]">&gt;&gt;</a>&nbsp;&nbsp;&nbsp;HAL_CAN_Start
<LI><a href="#[b1]">&gt;&gt;</a>&nbsp;&nbsp;&nbsp;HAL_CAN_ConfigFilter
<LI><a href="#[b4]">&gt;&gt;</a>&nbsp;&nbsp;&nbsp;HAL_CAN_ActivateNotification
<LI><a href="#[b2]">&gt;&gt;</a>&nbsp;&nbsp;&nbsp;Can_ErrorHandler
</UL>
<BR>[Called By]<UL><LI><a href="#[14d]">&gt;&gt;</a>&nbsp;&nbsp;&nbsp;Init_InitAll
</UL>

<P><STRONG><a name="[183]"></a>Can_InitTxHeader</STRONG> (Thumb, 18 bytes, Stack size 8 bytes, util_can.o(i.Can_InitTxHeader))
<BR><BR>[Stack]<UL><LI>Max Depth = 8<LI>Call Chain = Can_InitTxHeader
</UL>
<BR>[Called By]<UL><LI><a href="#[180]">&gt;&gt;</a>&nbsp;&nbsp;&nbsp;Motor_InitMotorGroup
<LI><a href="#[0]">&gt;&gt;</a>&nbsp;&nbsp;&nbsp;_send_mode
<LI><a href="#[3]">&gt;&gt;</a>&nbsp;&nbsp;&nbsp;_send_leg_ref
<LI><a href="#[1]">&gt;&gt;</a>&nbsp;&nbsp;&nbsp;_send_imu_data
<LI><a href="#[2]">&gt;&gt;</a>&nbsp;&nbsp;&nbsp;_send_chassis_ref
</UL>

<P><STRONG><a name="[b5]"></a>Can_RxMessageCallback</STRONG> (Thumb, 68 bytes, Stack size 16 bytes, util_can.o(i.Can_RxMessageCallback))
<BR><BR>[Stack]<UL><LI>Max Depth = 48<LI>Call Chain = Can_RxMessageCallback &rArr; Motor_EncoderDecodeCallback
</UL>
<BR>[Calls]<UL><LI><a href="#[b8]">&gt;&gt;</a>&nbsp;&nbsp;&nbsp;Motor_EncoderDecodeCallback
<LI><a href="#[b6]">&gt;&gt;</a>&nbsp;&nbsp;&nbsp;dm_motor_fbdata
<LI><a href="#[b7]">&gt;&gt;</a>&nbsp;&nbsp;&nbsp;receive_motor_data
</UL>
<BR>[Called By]<UL><LI><a href="#[fe]">&gt;&gt;</a>&nbsp;&nbsp;&nbsp;HAL_CAN_RxFifo1MsgPendingCallback
<LI><a href="#[fc]">&gt;&gt;</a>&nbsp;&nbsp;&nbsp;HAL_CAN_RxFifo0MsgPendingCallback
</UL>

<P><STRONG><a name="[b9]"></a>Can_SendMessage</STRONG> (Thumb, 32 bytes, Stack size 24 bytes, util_can.o(i.Can_SendMessage))
<BR><BR>[Stack]<UL><LI>Max Depth = 44<LI>Call Chain = Can_SendMessage &rArr; HAL_CAN_AddTxMessage
</UL>
<BR>[Calls]<UL><LI><a href="#[ba]">&gt;&gt;</a>&nbsp;&nbsp;&nbsp;HAL_CAN_AddTxMessage
<LI><a href="#[b2]">&gt;&gt;</a>&nbsp;&nbsp;&nbsp;Can_ErrorHandler
</UL>
<BR>[Called By]<UL><LI><a href="#[e6]">&gt;&gt;</a>&nbsp;&nbsp;&nbsp;Motor_SendMotorGroupOutput
<LI><a href="#[0]">&gt;&gt;</a>&nbsp;&nbsp;&nbsp;_send_mode
<LI><a href="#[3]">&gt;&gt;</a>&nbsp;&nbsp;&nbsp;_send_leg_ref
<LI><a href="#[1]">&gt;&gt;</a>&nbsp;&nbsp;&nbsp;_send_imu_data
<LI><a href="#[2]">&gt;&gt;</a>&nbsp;&nbsp;&nbsp;_send_chassis_ref
</UL>

<P><STRONG><a name="[bc]"></a>Chassis_ChassisPtr</STRONG> (Thumb, 4 bytes, Stack size 0 bytes, module_chassis.o(i.Chassis_ChassisPtr))
<BR><BR>[Called By]<UL><LI><a href="#[c3]">&gt;&gt;</a>&nbsp;&nbsp;&nbsp;Chassis_InitChassis
<LI><a href="#[bb]">&gt;&gt;</a>&nbsp;&nbsp;&nbsp;Chassis_Control
</UL>

<P><STRONG><a name="[bb]"></a>Chassis_Control</STRONG> (Thumb, 312 bytes, Stack size 24 bytes, module_chassis.o(i.Chassis_Control))
<BR><BR>[Stack]<UL><LI>Max Depth = 72<LI>Call Chain = Chassis_Control &rArr; PID_CalcPID
</UL>
<BR>[Calls]<UL><LI><a href="#[c2]">&gt;&gt;</a>&nbsp;&nbsp;&nbsp;Motor_SetMotorOutputChassic
<LI><a href="#[bd]">&gt;&gt;</a>&nbsp;&nbsp;&nbsp;Chassis_StatusPtr
<LI><a href="#[bc]">&gt;&gt;</a>&nbsp;&nbsp;&nbsp;Chassis_ChassisPtr
<LI><a href="#[be]">&gt;&gt;</a>&nbsp;&nbsp;&nbsp;PID_SetPIDRef
<LI><a href="#[bf]">&gt;&gt;</a>&nbsp;&nbsp;&nbsp;PID_SetPIDFdb
<LI><a href="#[c1]">&gt;&gt;</a>&nbsp;&nbsp;&nbsp;PID_GetPIDOutput
<LI><a href="#[c0]">&gt;&gt;</a>&nbsp;&nbsp;&nbsp;PID_CalcPID
</UL>
<BR>[Called By]<UL><LI><a href="#[76]">&gt;&gt;</a>&nbsp;&nbsp;&nbsp;Chassis_Task
</UL>

<P><STRONG><a name="[c3]"></a>Chassis_InitChassis</STRONG> (Thumb, 1894 bytes, Stack size 56 bytes, module_chassis.o(i.Chassis_InitChassis))
<BR><BR>[Stack]<UL><LI>Max Depth = 120<LI>Call Chain = Chassis_InitChassis &rArr; PID_InitPIDParam
</UL>
<BR>[Calls]<UL><LI><a href="#[bc]">&gt;&gt;</a>&nbsp;&nbsp;&nbsp;Chassis_ChassisPtr
<LI><a href="#[c4]">&gt;&gt;</a>&nbsp;&nbsp;&nbsp;PID_InitPIDParam
</UL>
<BR>[Called By]<UL><LI><a href="#[14d]">&gt;&gt;</a>&nbsp;&nbsp;&nbsp;Init_InitAll
</UL>

<P><STRONG><a name="[c5]"></a>Chassis_SetChassisMode</STRONG> (Thumb, 14 bytes, Stack size 4 bytes, module_chassis.o(i.Chassis_SetChassisMode))
<BR><BR>[Stack]<UL><LI>Max Depth = 4<LI>Call Chain = Chassis_SetChassisMode
</UL>
<BR>[Calls]<UL><LI><a href="#[bd]">&gt;&gt;</a>&nbsp;&nbsp;&nbsp;Chassis_StatusPtr
</UL>
<BR>[Called By]<UL><LI><a href="#[1ad]">&gt;&gt;</a>&nbsp;&nbsp;&nbsp;Remote_RemoteShooterModeSet
<LI><a href="#[1ac]">&gt;&gt;</a>&nbsp;&nbsp;&nbsp;Remote_RemoteProcess
<LI><a href="#[1ae]">&gt;&gt;</a>&nbsp;&nbsp;&nbsp;Remote_KeyMouseProcess
</UL>

<P><STRONG><a name="[c6]"></a>Chassis_SetChassisRef</STRONG> (Thumb, 1208 bytes, Stack size 24 bytes, module_chassis.o(i.Chassis_SetChassisRef))
<BR><BR>[Stack]<UL><LI>Max Depth = 24<LI>Call Chain = Chassis_SetChassisRef
</UL>
<BR>[Calls]<UL><LI><a href="#[c8]">&gt;&gt;</a>&nbsp;&nbsp;&nbsp;arm_sin_f32
<LI><a href="#[c7]">&gt;&gt;</a>&nbsp;&nbsp;&nbsp;arm_cos_f32
<LI><a href="#[bd]">&gt;&gt;</a>&nbsp;&nbsp;&nbsp;Chassis_StatusPtr
</UL>
<BR>[Called By]<UL><LI><a href="#[1ad]">&gt;&gt;</a>&nbsp;&nbsp;&nbsp;Remote_RemoteShooterModeSet
<LI><a href="#[1ac]">&gt;&gt;</a>&nbsp;&nbsp;&nbsp;Remote_RemoteProcess
<LI><a href="#[1ae]">&gt;&gt;</a>&nbsp;&nbsp;&nbsp;Remote_KeyMouseProcess
</UL>

<P><STRONG><a name="[c9]"></a>Chassis_SetChassisYawAngle</STRONG> (Thumb, 164 bytes, Stack size 16 bytes, module_chassis.o(i.Chassis_SetChassisYawAngle))
<BR><BR>[Stack]<UL><LI>Max Depth = 16<LI>Call Chain = Chassis_SetChassisYawAngle
</UL>
<BR>[Calls]<UL><LI><a href="#[ca]">&gt;&gt;</a>&nbsp;&nbsp;&nbsp;Math_Angle2Rad
<LI><a href="#[bd]">&gt;&gt;</a>&nbsp;&nbsp;&nbsp;Chassis_StatusPtr
</UL>
<BR>[Called By]<UL><LI><a href="#[1ac]">&gt;&gt;</a>&nbsp;&nbsp;&nbsp;Remote_RemoteProcess
<LI><a href="#[1ae]">&gt;&gt;</a>&nbsp;&nbsp;&nbsp;Remote_KeyMouseProcess
</UL>

<P><STRONG><a name="[bd]"></a>Chassis_StatusPtr</STRONG> (Thumb, 4 bytes, Stack size 0 bytes, module_chassis.o(i.Chassis_StatusPtr))
<BR><BR>[Called By]<UL><LI><a href="#[c9]">&gt;&gt;</a>&nbsp;&nbsp;&nbsp;Chassis_SetChassisYawAngle
<LI><a href="#[c6]">&gt;&gt;</a>&nbsp;&nbsp;&nbsp;Chassis_SetChassisRef
<LI><a href="#[c5]">&gt;&gt;</a>&nbsp;&nbsp;&nbsp;Chassis_SetChassisMode
<LI><a href="#[bb]">&gt;&gt;</a>&nbsp;&nbsp;&nbsp;Chassis_Control
</UL>

<P><STRONG><a name="[76]"></a>Chassis_Task</STRONG> (Thumb, 14 bytes, Stack size 0 bytes, app_chassis.o(i.Chassis_Task))
<BR><BR>[Stack]<UL><LI>Max Depth = 72<LI>Call Chain = Chassis_Task &rArr; osDelay &rArr; vTaskDelay &rArr; xTaskResumeAll &rArr; xTaskIncrementTick
</UL>
<BR>[Calls]<UL><LI><a href="#[cb]">&gt;&gt;</a>&nbsp;&nbsp;&nbsp;osDelay
<LI><a href="#[bb]">&gt;&gt;</a>&nbsp;&nbsp;&nbsp;Chassis_Control
</UL>
<BR>[Address Reference Count : 1]<UL><LI> freertos.o(.constdata)
</UL>
<P><STRONG><a name="[6f]"></a>Comm_Task</STRONG> (Thumb, 14 bytes, Stack size 0 bytes, app_communicate.o(i.Comm_Task))
<BR><BR>[Stack]<UL><LI>Max Depth = 72<LI>Call Chain = Comm_Task &rArr; osDelay &rArr; vTaskDelay &rArr; xTaskResumeAll &rArr; xTaskIncrementTick
</UL>
<BR>[Calls]<UL><LI><a href="#[cb]">&gt;&gt;</a>&nbsp;&nbsp;&nbsp;osDelay
<LI><a href="#[cc]">&gt;&gt;</a>&nbsp;&nbsp;&nbsp;Protocol_SendProtocolData
</UL>
<BR>[Address Reference Count : 1]<UL><LI> freertos.o(.constdata)
</UL>
<P><STRONG><a name="[1a]"></a>DMA1_Stream1_IRQHandler</STRONG> (Thumb, 10 bytes, Stack size 8 bytes, stm32f4xx_it.o(i.DMA1_Stream1_IRQHandler))
<BR><BR>[Stack]<UL><LI>Max Depth = 32<LI>Call Chain = DMA1_Stream1_IRQHandler &rArr; HAL_DMA_IRQHandler
</UL>
<BR>[Calls]<UL><LI><a href="#[cd]">&gt;&gt;</a>&nbsp;&nbsp;&nbsp;HAL_DMA_IRQHandler
</UL>
<BR>[Address Reference Count : 1]<UL><LI> startup_stm32f407xx.o(RESET)
</UL>
<P><STRONG><a name="[47]"></a>DMA2_Stream1_IRQHandler</STRONG> (Thumb, 10 bytes, Stack size 8 bytes, stm32f4xx_it.o(i.DMA2_Stream1_IRQHandler))
<BR><BR>[Stack]<UL><LI>Max Depth = 32<LI>Call Chain = DMA2_Stream1_IRQHandler &rArr; HAL_DMA_IRQHandler
</UL>
<BR>[Calls]<UL><LI><a href="#[cd]">&gt;&gt;</a>&nbsp;&nbsp;&nbsp;HAL_DMA_IRQHandler
</UL>
<BR>[Address Reference Count : 1]<UL><LI> startup_stm32f407xx.o(RESET)
</UL>
<P><STRONG><a name="[52]"></a>DMA2_Stream5_IRQHandler</STRONG> (Thumb, 10 bytes, Stack size 8 bytes, stm32f4xx_it.o(i.DMA2_Stream5_IRQHandler))
<BR><BR>[Stack]<UL><LI>Max Depth = 32<LI>Call Chain = DMA2_Stream5_IRQHandler &rArr; HAL_DMA_IRQHandler
</UL>
<BR>[Calls]<UL><LI><a href="#[cd]">&gt;&gt;</a>&nbsp;&nbsp;&nbsp;HAL_DMA_IRQHandler
</UL>
<BR>[Address Reference Count : 1]<UL><LI> startup_stm32f407xx.o(RESET)
</UL>
<P><STRONG><a name="[53]"></a>DMA2_Stream6_IRQHandler</STRONG> (Thumb, 10 bytes, Stack size 8 bytes, stm32f4xx_it.o(i.DMA2_Stream6_IRQHandler))
<BR><BR>[Stack]<UL><LI>Max Depth = 32<LI>Call Chain = DMA2_Stream6_IRQHandler &rArr; HAL_DMA_IRQHandler
</UL>
<BR>[Calls]<UL><LI><a href="#[cd]">&gt;&gt;</a>&nbsp;&nbsp;&nbsp;HAL_DMA_IRQHandler
</UL>
<BR>[Address Reference Count : 1]<UL><LI> startup_stm32f407xx.o(RESET)
</UL>
<P><STRONG><a name="[54]"></a>DMA2_Stream7_IRQHandler</STRONG> (Thumb, 10 bytes, Stack size 8 bytes, stm32f4xx_it.o(i.DMA2_Stream7_IRQHandler))
<BR><BR>[Stack]<UL><LI>Max Depth = 32<LI>Call Chain = DMA2_Stream7_IRQHandler &rArr; HAL_DMA_IRQHandler
</UL>
<BR>[Calls]<UL><LI><a href="#[cd]">&gt;&gt;</a>&nbsp;&nbsp;&nbsp;HAL_DMA_IRQHandler
</UL>
<BR>[Address Reference Count : 1]<UL><LI> startup_stm32f407xx.o(RESET)
</UL>
<P><STRONG><a name="[a9]"></a>DWT_Delay</STRONG> (Thumb, 50 bytes, Stack size 0 bytes, sys_dwt.o(i.DWT_Delay))
<BR><BR>[Called By]<UL><LI><a href="#[a6]">&gt;&gt;</a>&nbsp;&nbsp;&nbsp;BMI088_SetOffset
</UL>

<P><STRONG><a name="[ce]"></a>DWT_GetDeltaT</STRONG> (Thumb, 68 bytes, Stack size 24 bytes, sys_dwt.o(i.DWT_GetDeltaT))
<BR><BR>[Stack]<UL><LI>Max Depth = 32<LI>Call Chain = DWT_GetDeltaT &rArr; DWT_CNT_Update
</UL>
<BR>[Calls]<UL><LI><a href="#[cf]">&gt;&gt;</a>&nbsp;&nbsp;&nbsp;DWT_CNT_Update
</UL>
<BR>[Called By]<UL><LI><a href="#[70]">&gt;&gt;</a>&nbsp;&nbsp;&nbsp;Ins_Task
<LI><a href="#[0]">&gt;&gt;</a>&nbsp;&nbsp;&nbsp;_send_mode
<LI><a href="#[3]">&gt;&gt;</a>&nbsp;&nbsp;&nbsp;_send_leg_ref
<LI><a href="#[1]">&gt;&gt;</a>&nbsp;&nbsp;&nbsp;_send_imu_data
<LI><a href="#[2]">&gt;&gt;</a>&nbsp;&nbsp;&nbsp;_send_chassis_ref
</UL>

<P><STRONG><a name="[a8]"></a>DWT_GetTimeline_s</STRONG> (Thumb, 72 bytes, Stack size 16 bytes, sys_dwt.o(i.DWT_GetTimeline_s))
<BR><BR>[Stack]<UL><LI>Max Depth = 72<LI>Call Chain = DWT_GetTimeline_s &rArr; DWT_SysTimeUpdate &rArr; __aeabi_uldivmod
</UL>
<BR>[Calls]<UL><LI><a href="#[d0]">&gt;&gt;</a>&nbsp;&nbsp;&nbsp;DWT_SysTimeUpdate
</UL>
<BR>[Called By]<UL><LI><a href="#[a6]">&gt;&gt;</a>&nbsp;&nbsp;&nbsp;BMI088_SetOffset
</UL>

<P><STRONG><a name="[14e]"></a>DWT_Init</STRONG> (Thumb, 74 bytes, Stack size 0 bytes, sys_dwt.o(i.DWT_Init))
<BR><BR>[Called By]<UL><LI><a href="#[14d]">&gt;&gt;</a>&nbsp;&nbsp;&nbsp;Init_InitAll
</UL>

<P><STRONG><a name="[d0]"></a>DWT_SysTimeUpdate</STRONG> (Thumb, 168 bytes, Stack size 16 bytes, sys_dwt.o(i.DWT_SysTimeUpdate))
<BR><BR>[Stack]<UL><LI>Max Depth = 56<LI>Call Chain = DWT_SysTimeUpdate &rArr; __aeabi_uldivmod
</UL>
<BR>[Calls]<UL><LI><a href="#[cf]">&gt;&gt;</a>&nbsp;&nbsp;&nbsp;DWT_CNT_Update
<LI><a href="#[83]">&gt;&gt;</a>&nbsp;&nbsp;&nbsp;__aeabi_uldivmod
</UL>
<BR>[Called By]<UL><LI><a href="#[a8]">&gt;&gt;</a>&nbsp;&nbsp;&nbsp;DWT_GetTimeline_s
</UL>

<P><STRONG><a name="[b]"></a>DebugMon_Handler</STRONG> (Thumb, 2 bytes, Stack size 0 bytes, stm32f4xx_it.o(i.DebugMon_Handler))
<BR>[Address Reference Count : 1]<UL><LI> startup_stm32f407xx.o(RESET)
</UL>
<P><STRONG><a name="[d1]"></a>Draw_AddLine</STRONG> (Thumb, 80 bytes, Stack size 96 bytes, periph_draw.o(i.Draw_AddLine))
<BR><BR>[Stack]<UL><LI>Max Depth = 432<LI>Call Chain = Draw_AddLine &rArr; Referee_DrawingBufferPush &rArr; Referee_DrawingBufferFlush &rArr; Referee_SendDrawingCmd &rArr; Referee_SendInteractiveData &rArr; Uart_SendMessage &rArr; HAL_UART_Transmit &rArr; UART_WaitOnFlagUntilTimeout
</UL>
<BR>[Calls]<UL><LI><a href="#[d2]">&gt;&gt;</a>&nbsp;&nbsp;&nbsp;Referee_PackGraphicData
<LI><a href="#[d3]">&gt;&gt;</a>&nbsp;&nbsp;&nbsp;Referee_DrawingBufferPush
</UL>
<BR>[Called By]<UL><LI><a href="#[1a6]">&gt;&gt;</a>&nbsp;&nbsp;&nbsp;Referee_UpdateAimLine
<LI><a href="#[1a3]">&gt;&gt;</a>&nbsp;&nbsp;&nbsp;Referee_SetupAimLine
</UL>

<P><STRONG><a name="[d4]"></a>Draw_AddString</STRONG> (Thumb, 92 bytes, Stack size 112 bytes, periph_draw.o(i.Draw_AddString))
<BR><BR>[Stack]<UL><LI>Max Depth = 432<LI>Call Chain = Draw_AddString &rArr; Referee_DrawingBufferFlush &rArr; Referee_SendDrawingCmd &rArr; Referee_SendInteractiveData &rArr; Uart_SendMessage &rArr; HAL_UART_Transmit &rArr; UART_WaitOnFlagUntilTimeout
</UL>
<BR>[Calls]<UL><LI><a href="#[d9]">&gt;&gt;</a>&nbsp;&nbsp;&nbsp;Referee_SendDrawingStringCmd
<LI><a href="#[d7]">&gt;&gt;</a>&nbsp;&nbsp;&nbsp;Referee_PackStringGraphicData
<LI><a href="#[d5]">&gt;&gt;</a>&nbsp;&nbsp;&nbsp;Referee_DrawingBufferFlush
<LI><a href="#[d6]">&gt;&gt;</a>&nbsp;&nbsp;&nbsp;strlen
<LI><a href="#[d8]">&gt;&gt;</a>&nbsp;&nbsp;&nbsp;__aeabi_memcpy
</UL>
<BR>[Called By]<UL><LI><a href="#[1a7]">&gt;&gt;</a>&nbsp;&nbsp;&nbsp;Referee_UpdateModeDisplay
<LI><a href="#[1a4]">&gt;&gt;</a>&nbsp;&nbsp;&nbsp;Referee_SetupModeDisplay
</UL>

<P><STRONG><a name="[da]"></a>Draw_ClearAll</STRONG> (Thumb, 44 bytes, Stack size 16 bytes, periph_draw.o(i.Draw_ClearAll))
<BR><BR>[Stack]<UL><LI>Max Depth = 336<LI>Call Chain = Draw_ClearAll &rArr; Referee_DrawingBufferFlush &rArr; Referee_SendDrawingCmd &rArr; Referee_SendInteractiveData &rArr; Uart_SendMessage &rArr; HAL_UART_Transmit &rArr; UART_WaitOnFlagUntilTimeout
</UL>
<BR>[Calls]<UL><LI><a href="#[d5]">&gt;&gt;</a>&nbsp;&nbsp;&nbsp;Referee_DrawingBufferFlush
<LI><a href="#[db]">&gt;&gt;</a>&nbsp;&nbsp;&nbsp;Referee_SendInteractiveData
</UL>
<BR>[Called By]<UL><LI><a href="#[1a5]">&gt;&gt;</a>&nbsp;&nbsp;&nbsp;Referee_Update
<LI><a href="#[152]">&gt;&gt;</a>&nbsp;&nbsp;&nbsp;Referee_Setup
</UL>

<P><STRONG><a name="[17]"></a>EXTI3_IRQHandler</STRONG> (Thumb, 10 bytes, Stack size 8 bytes, stm32f4xx_it.o(i.EXTI3_IRQHandler))
<BR><BR>[Stack]<UL><LI>Max Depth = 16<LI>Call Chain = EXTI3_IRQHandler &rArr; HAL_GPIO_EXTI_IRQHandler
</UL>
<BR>[Calls]<UL><LI><a href="#[dc]">&gt;&gt;</a>&nbsp;&nbsp;&nbsp;HAL_GPIO_EXTI_IRQHandler
</UL>
<BR>[Address Reference Count : 1]<UL><LI> startup_stm32f407xx.o(RESET)
</UL>
<P><STRONG><a name="[18]"></a>EXTI4_IRQHandler</STRONG> (Thumb, 10 bytes, Stack size 8 bytes, stm32f4xx_it.o(i.EXTI4_IRQHandler))
<BR><BR>[Stack]<UL><LI>Max Depth = 16<LI>Call Chain = EXTI4_IRQHandler &rArr; HAL_GPIO_EXTI_IRQHandler
</UL>
<BR>[Calls]<UL><LI><a href="#[dc]">&gt;&gt;</a>&nbsp;&nbsp;&nbsp;HAL_GPIO_EXTI_IRQHandler
</UL>
<BR>[Address Reference Count : 1]<UL><LI> startup_stm32f407xx.o(RESET)
</UL>
<P><STRONG><a name="[25]"></a>EXTI9_5_IRQHandler</STRONG> (Thumb, 10 bytes, Stack size 8 bytes, stm32f4xx_it.o(i.EXTI9_5_IRQHandler))
<BR><BR>[Stack]<UL><LI>Max Depth = 16<LI>Call Chain = EXTI9_5_IRQHandler &rArr; HAL_GPIO_EXTI_IRQHandler
</UL>
<BR>[Calls]<UL><LI><a href="#[dc]">&gt;&gt;</a>&nbsp;&nbsp;&nbsp;HAL_GPIO_EXTI_IRQHandler
</UL>
<BR>[Address Reference Count : 1]<UL><LI> startup_stm32f407xx.o(RESET)
</UL>
<P><STRONG><a name="[15e]"></a>EarthFrameToBodyFrame</STRONG> (Thumb, 346 bytes, Stack size 0 bytes, app_ins.o(i.EarthFrameToBodyFrame))
<BR><BR>[Called By]<UL><LI><a href="#[70]">&gt;&gt;</a>&nbsp;&nbsp;&nbsp;Ins_Task
</UL>

<P><STRONG><a name="[120]"></a>Error_Handler</STRONG> (Thumb, 6 bytes, Stack size 0 bytes, main.o(i.Error_Handler))
<BR><BR>[Called By]<UL><LI><a href="#[11f]">&gt;&gt;</a>&nbsp;&nbsp;&nbsp;HAL_SPI_MspInit
<LI><a href="#[17f]">&gt;&gt;</a>&nbsp;&nbsp;&nbsp;MX_USART6_UART_Init
<LI><a href="#[17e]">&gt;&gt;</a>&nbsp;&nbsp;&nbsp;MX_USART3_UART_Init
<LI><a href="#[17d]">&gt;&gt;</a>&nbsp;&nbsp;&nbsp;MX_USART1_UART_Init
<LI><a href="#[17c]">&gt;&gt;</a>&nbsp;&nbsp;&nbsp;MX_TIM8_Init
<LI><a href="#[17b]">&gt;&gt;</a>&nbsp;&nbsp;&nbsp;MX_TIM3_Init
<LI><a href="#[178]">&gt;&gt;</a>&nbsp;&nbsp;&nbsp;MX_TIM1_Init
<LI><a href="#[177]">&gt;&gt;</a>&nbsp;&nbsp;&nbsp;MX_TIM12_Init
<LI><a href="#[176]">&gt;&gt;</a>&nbsp;&nbsp;&nbsp;MX_SPI1_Init
<LI><a href="#[170]">&gt;&gt;</a>&nbsp;&nbsp;&nbsp;MX_CAN2_Init
<LI><a href="#[16f]">&gt;&gt;</a>&nbsp;&nbsp;&nbsp;MX_CAN1_Init
<LI><a href="#[1d7]">&gt;&gt;</a>&nbsp;&nbsp;&nbsp;SystemClock_Config
<LI><a href="#[147]">&gt;&gt;</a>&nbsp;&nbsp;&nbsp;HAL_UART_MspInit
</UL>

<P><STRONG><a name="[189]"></a>Filter_LowPass</STRONG> (Thumb, 88 bytes, Stack size 0 bytes, alg_filter.o(i.Filter_LowPass))
<BR><BR>[Called By]<UL><LI><a href="#[c0]">&gt;&gt;</a>&nbsp;&nbsp;&nbsp;PID_CalcPID
</UL>

<P><STRONG><a name="[182]"></a>Filter_LowPassInit</STRONG> (Thumb, 6 bytes, Stack size 0 bytes, alg_filter.o(i.Filter_LowPassInit))
<BR><BR>[Called By]<UL><LI><a href="#[181]">&gt;&gt;</a>&nbsp;&nbsp;&nbsp;Motor_InitMotor
<LI><a href="#[c4]">&gt;&gt;</a>&nbsp;&nbsp;&nbsp;PID_InitPIDParam
</UL>

<P><STRONG><a name="[dd]"></a>GPIO_ReadPin</STRONG> (Thumb, 18 bytes, Stack size 8 bytes, util_gpio.o(i.GPIO_ReadPin))
<BR><BR>[Stack]<UL><LI>Max Depth = 8<LI>Call Chain = GPIO_ReadPin
</UL>
<BR>[Calls]<UL><LI><a href="#[de]">&gt;&gt;</a>&nbsp;&nbsp;&nbsp;HAL_GPIO_ReadPin
</UL>
<BR>[Called By]<UL><LI><a href="#[98]">&gt;&gt;</a>&nbsp;&nbsp;&nbsp;GPIO_Set
<LI><a href="#[96]">&gt;&gt;</a>&nbsp;&nbsp;&nbsp;GPIO_Reset
</UL>

<P><STRONG><a name="[96]"></a>GPIO_Reset</STRONG> (Thumb, 30 bytes, Stack size 8 bytes, util_gpio.o(i.GPIO_Reset))
<BR><BR>[Stack]<UL><LI>Max Depth = 16<LI>Call Chain = GPIO_Reset &rArr; GPIO_ReadPin
</UL>
<BR>[Calls]<UL><LI><a href="#[df]">&gt;&gt;</a>&nbsp;&nbsp;&nbsp;HAL_GPIO_WritePin
<LI><a href="#[9e]">&gt;&gt;</a>&nbsp;&nbsp;&nbsp;HAL_GetTick
<LI><a href="#[dd]">&gt;&gt;</a>&nbsp;&nbsp;&nbsp;GPIO_ReadPin
</UL>
<BR>[Called By]<UL><LI><a href="#[9c]">&gt;&gt;</a>&nbsp;&nbsp;&nbsp;BMI088_BMI088DecodeData
<LI><a href="#[a6]">&gt;&gt;</a>&nbsp;&nbsp;&nbsp;BMI088_SetOffset
<LI><a href="#[a0]">&gt;&gt;</a>&nbsp;&nbsp;&nbsp;BMI088_BMI088GyroTest
<LI><a href="#[9f]">&gt;&gt;</a>&nbsp;&nbsp;&nbsp;BMI088_BMI088GyroInit
<LI><a href="#[9a]">&gt;&gt;</a>&nbsp;&nbsp;&nbsp;BMI088_BMI088AccelTest
<LI><a href="#[95]">&gt;&gt;</a>&nbsp;&nbsp;&nbsp;BMI088_BMI088AccelInit
</UL>

<P><STRONG><a name="[98]"></a>GPIO_Set</STRONG> (Thumb, 30 bytes, Stack size 8 bytes, util_gpio.o(i.GPIO_Set))
<BR><BR>[Stack]<UL><LI>Max Depth = 16<LI>Call Chain = GPIO_Set &rArr; GPIO_ReadPin
</UL>
<BR>[Calls]<UL><LI><a href="#[df]">&gt;&gt;</a>&nbsp;&nbsp;&nbsp;HAL_GPIO_WritePin
<LI><a href="#[9e]">&gt;&gt;</a>&nbsp;&nbsp;&nbsp;HAL_GetTick
<LI><a href="#[dd]">&gt;&gt;</a>&nbsp;&nbsp;&nbsp;GPIO_ReadPin
</UL>
<BR>[Called By]<UL><LI><a href="#[9c]">&gt;&gt;</a>&nbsp;&nbsp;&nbsp;BMI088_BMI088DecodeData
<LI><a href="#[a6]">&gt;&gt;</a>&nbsp;&nbsp;&nbsp;BMI088_SetOffset
<LI><a href="#[a0]">&gt;&gt;</a>&nbsp;&nbsp;&nbsp;BMI088_BMI088GyroTest
<LI><a href="#[9f]">&gt;&gt;</a>&nbsp;&nbsp;&nbsp;BMI088_BMI088GyroInit
<LI><a href="#[9a]">&gt;&gt;</a>&nbsp;&nbsp;&nbsp;BMI088_BMI088AccelTest
<LI><a href="#[95]">&gt;&gt;</a>&nbsp;&nbsp;&nbsp;BMI088_BMI088AccelInit
</UL>

<P><STRONG><a name="[e0]"></a>GetVisionData</STRONG> (Thumb, 128 bytes, Stack size 20 bytes, app_autoaim.o(i.GetVisionData))
<BR><BR>[Stack]<UL><LI>Max Depth = 32<LI>Call Chain = GetVisionData &rArr; Get_CRC16_CCITT
</UL>
<BR>[Calls]<UL><LI><a href="#[e1]">&gt;&gt;</a>&nbsp;&nbsp;&nbsp;Get_CRC16_CCITT
</UL>
<BR>[Called By]<UL><LI><a href="#[33]">&gt;&gt;</a>&nbsp;&nbsp;&nbsp;USART1_IRQHandler
</UL>

<P><STRONG><a name="[e1]"></a>Get_CRC16_CCITT</STRONG> (Thumb, 66 bytes, Stack size 12 bytes, app_autoaim.o(i.Get_CRC16_CCITT))
<BR><BR>[Stack]<UL><LI>Max Depth = 12<LI>Call Chain = Get_CRC16_CCITT
</UL>
<BR>[Called By]<UL><LI><a href="#[e0]">&gt;&gt;</a>&nbsp;&nbsp;&nbsp;GetVisionData
<LI><a href="#[f3]">&gt;&gt;</a>&nbsp;&nbsp;&nbsp;SendVisionData
</UL>

<P><STRONG><a name="[e3]"></a>GimbalPitch_GetGimbalPitchPtr</STRONG> (Thumb, 4 bytes, Stack size 0 bytes, module_gimbal.o(i.GimbalPitch_GetGimbalPitchPtr))
<BR><BR>[Called By]<UL><LI><a href="#[ed]">&gt;&gt;</a>&nbsp;&nbsp;&nbsp;Gimbal_DMLimitPitch
<LI><a href="#[e7]">&gt;&gt;</a>&nbsp;&nbsp;&nbsp;GimbalPitch_SetPitchRef
<LI><a href="#[1ad]">&gt;&gt;</a>&nbsp;&nbsp;&nbsp;Remote_RemoteShooterModeSet
<LI><a href="#[1ac]">&gt;&gt;</a>&nbsp;&nbsp;&nbsp;Remote_RemoteProcess
<LI><a href="#[1ae]">&gt;&gt;</a>&nbsp;&nbsp;&nbsp;Remote_KeyMouseProcess
<LI><a href="#[e4]">&gt;&gt;</a>&nbsp;&nbsp;&nbsp;GimbalPitch_Output
<LI><a href="#[e2]">&gt;&gt;</a>&nbsp;&nbsp;&nbsp;GimbalPitch_InitGimbalPitch
</UL>

<P><STRONG><a name="[e2]"></a>GimbalPitch_InitGimbalPitch</STRONG> (Thumb, 228 bytes, Stack size 8 bytes, module_gimbal.o(i.GimbalPitch_InitGimbalPitch))
<BR><BR>[Stack]<UL><LI>Max Depth = 72<LI>Call Chain = GimbalPitch_InitGimbalPitch &rArr; PID_InitPIDParam
</UL>
<BR>[Calls]<UL><LI><a href="#[e3]">&gt;&gt;</a>&nbsp;&nbsp;&nbsp;GimbalPitch_GetGimbalPitchPtr
<LI><a href="#[c4]">&gt;&gt;</a>&nbsp;&nbsp;&nbsp;PID_InitPIDParam
</UL>
<BR>[Called By]<UL><LI><a href="#[14d]">&gt;&gt;</a>&nbsp;&nbsp;&nbsp;Init_InitAll
</UL>

<P><STRONG><a name="[e4]"></a>GimbalPitch_Output</STRONG> (Thumb, 40 bytes, Stack size 16 bytes, module_gimbal.o(i.GimbalPitch_Output))
<BR><BR>[Stack]<UL><LI>Max Depth = 132<LI>Call Chain = GimbalPitch_Output &rArr; Motor_SendMotorGroupOutput &rArr; Can_SendMessage &rArr; HAL_CAN_AddTxMessage
</UL>
<BR>[Calls]<UL><LI><a href="#[e5]">&gt;&gt;</a>&nbsp;&nbsp;&nbsp;GimbalYaw_GetGimbalYawPtr
<LI><a href="#[e3]">&gt;&gt;</a>&nbsp;&nbsp;&nbsp;GimbalPitch_GetGimbalPitchPtr
<LI><a href="#[e6]">&gt;&gt;</a>&nbsp;&nbsp;&nbsp;Motor_SendMotorGroupOutput
</UL>
<BR>[Called By]<UL><LI><a href="#[74]">&gt;&gt;</a>&nbsp;&nbsp;&nbsp;Gimbal_Task
</UL>

<P><STRONG><a name="[e7]"></a>GimbalPitch_SetPitchRef</STRONG> (Thumb, 116 bytes, Stack size 24 bytes, module_gimbal.o(i.GimbalPitch_SetPitchRef))
<BR><BR>[Stack]<UL><LI>Max Depth = 24<LI>Call Chain = GimbalPitch_SetPitchRef
</UL>
<BR>[Calls]<UL><LI><a href="#[e3]">&gt;&gt;</a>&nbsp;&nbsp;&nbsp;GimbalPitch_GetGimbalPitchPtr
<LI><a href="#[e8]">&gt;&gt;</a>&nbsp;&nbsp;&nbsp;__aeabi_f2d
<LI><a href="#[e9]">&gt;&gt;</a>&nbsp;&nbsp;&nbsp;__aeabi_cdrcmple
<LI><a href="#[ea]">&gt;&gt;</a>&nbsp;&nbsp;&nbsp;__aeabi_cdcmple
</UL>
<BR>[Called By]<UL><LI><a href="#[1ad]">&gt;&gt;</a>&nbsp;&nbsp;&nbsp;Remote_RemoteShooterModeSet
<LI><a href="#[1ac]">&gt;&gt;</a>&nbsp;&nbsp;&nbsp;Remote_RemoteProcess
<LI><a href="#[1ae]">&gt;&gt;</a>&nbsp;&nbsp;&nbsp;Remote_KeyMouseProcess
</UL>

<P><STRONG><a name="[e5]"></a>GimbalYaw_GetGimbalYawPtr</STRONG> (Thumb, 4 bytes, Stack size 0 bytes, module_gimbal.o(i.GimbalYaw_GetGimbalYawPtr))
[...]
<LI><a href="#[1f6]">&gt;&gt;</a>&nbsp;&nbsp;&nbsp;uxListRemove
<LI><a href="#[202]">&gt;&gt;</a>&nbsp;&nbsp;&nbsp;prvDeleteTCB
</UL>
<BR>[Called By]<UL><LI><a href="#[6b]">&gt;&gt;</a>&nbsp;&nbsp;&nbsp;prvIdleTask
</UL>

<P><STRONG><a name="[202]"></a>prvDeleteTCB</STRONG> (Thumb, 80 bytes, Stack size 8 bytes, tasks.o(i.prvDeleteTCB))
<BR><BR>[Stack]<UL><LI>Max Depth = 64<LI>Call Chain = prvDeleteTCB &rArr; vPortFree &rArr; xTaskResumeAll &rArr; xTaskIncrementTick
</UL>
<BR>[Calls]<UL><LI><a href="#[206]">&gt;&gt;</a>&nbsp;&nbsp;&nbsp;vPortFree
</UL>
<BR>[Called By]<UL><LI><a href="#[201]">&gt;&gt;</a>&nbsp;&nbsp;&nbsp;prvCheckTasksWaitingTermination
</UL>

<P><STRONG><a name="[6b]"></a>prvIdleTask</STRONG> (Thumb, 32 bytes, Stack size 0 bytes, tasks.o(i.prvIdleTask))
<BR><BR>[Stack]<UL><LI>Max Depth = 72<LI>Call Chain = prvIdleTask &rArr; prvCheckTasksWaitingTermination &rArr; prvDeleteTCB &rArr; vPortFree &rArr; xTaskResumeAll &rArr; xTaskIncrementTick
</UL>
<BR>[Calls]<UL><LI><a href="#[201]">&gt;&gt;</a>&nbsp;&nbsp;&nbsp;prvCheckTasksWaitingTermination
</UL>
<BR>[Address Reference Count : 1]<UL><LI> tasks.o(i.vTaskStartScheduler)
</UL>
<P><STRONG><a name="[209]"></a>prvInitialiseNewTask</STRONG> (Thumb, 194 bytes, Stack size 40 bytes, tasks.o(i.prvInitialiseNewTask))
<BR><BR>[Stack]<UL><LI>Max Depth = 40<LI>Call Chain = prvInitialiseNewTask
</UL>
<BR>[Calls]<UL><LI><a href="#[20a]">&gt;&gt;</a>&nbsp;&nbsp;&nbsp;vListInitialiseItem
<LI><a href="#[20b]">&gt;&gt;</a>&nbsp;&nbsp;&nbsp;pxPortInitialiseStack
<LI><a href="#[87]">&gt;&gt;</a>&nbsp;&nbsp;&nbsp;__aeabi_memset
</UL>
<BR>[Called By]<UL><LI><a href="#[1ef]">&gt;&gt;</a>&nbsp;&nbsp;&nbsp;xTaskCreateStatic
<LI><a href="#[1f0]">&gt;&gt;</a>&nbsp;&nbsp;&nbsp;xTaskCreate
</UL>

<P><STRONG><a name="[1fb]"></a>prvInitialiseTaskLists</STRONG> (Thumb, 70 bytes, Stack size 8 bytes, tasks.o(i.prvInitialiseTaskLists))
<BR><BR>[Stack]<UL><LI>Max Depth = 8<LI>Call Chain = prvInitialiseTaskLists
</UL>
<BR>[Calls]<UL><LI><a href="#[1fe]">&gt;&gt;</a>&nbsp;&nbsp;&nbsp;vListInitialise
</UL>
<BR>[Called By]<UL><LI><a href="#[1f9]">&gt;&gt;</a>&nbsp;&nbsp;&nbsp;prvAddNewTaskToReadyList
</UL>

<P><STRONG><a name="[228]"></a>prvResetNextTaskUnblockTime</STRONG> (Thumb, 42 bytes, Stack size 0 bytes, tasks.o(i.prvResetNextTaskUnblockTime))
<BR><BR>[Called By]<UL><LI><a href="#[216]">&gt;&gt;</a>&nbsp;&nbsp;&nbsp;xTaskResumeAll
<LI><a href="#[1d6]">&gt;&gt;</a>&nbsp;&nbsp;&nbsp;xTaskIncrementTick
<LI><a href="#[159]">&gt;&gt;</a>&nbsp;&nbsp;&nbsp;vTaskSuspend
</UL>

<P><STRONG><a name="[1fd]"></a>prvCheckForValidListAndQueue</STRONG> (Thumb, 78 bytes, Stack size 8 bytes, timers.o(i.prvCheckForValidListAndQueue))
<BR><BR>[Stack]<UL><LI>Max Depth = 96<LI>Call Chain = prvCheckForValidListAndQueue &rArr; xQueueGenericCreateStatic &rArr; prvInitialiseNewQueue &rArr; xQueueGenericReset &rArr; xTaskRemoveFromEventList
</UL>
<BR>[Calls]<UL><LI><a href="#[1ff]">&gt;&gt;</a>&nbsp;&nbsp;&nbsp;xQueueGenericCreateStatic
<LI><a href="#[200]">&gt;&gt;</a>&nbsp;&nbsp;&nbsp;vQueueAddToRegistry
<LI><a href="#[1fc]">&gt;&gt;</a>&nbsp;&nbsp;&nbsp;vPortExitCritical
<LI><a href="#[1fa]">&gt;&gt;</a>&nbsp;&nbsp;&nbsp;vPortEnterCritical
<LI><a href="#[1fe]">&gt;&gt;</a>&nbsp;&nbsp;&nbsp;vListInitialise
</UL>
<BR>[Called By]<UL><LI><a href="#[20c]">&gt;&gt;</a>&nbsp;&nbsp;&nbsp;prvInitialiseNewTimer
<LI><a href="#[226]">&gt;&gt;</a>&nbsp;&nbsp;&nbsp;xTimerCreateTimerTask
</UL>

<P><STRONG><a name="[21a]"></a>prvGetNextExpireTime</STRONG> (Thumb, 36 bytes, Stack size 0 bytes, timers.o(i.prvGetNextExpireTime))
<BR><BR>[Called By]<UL><LI><a href="#[6c]">&gt;&gt;</a>&nbsp;&nbsp;&nbsp;prvTimerTask
</UL>

<P><STRONG><a name="[20c]"></a>prvInitialiseNewTimer</STRONG> (Thumb, 90 bytes, Stack size 32 bytes, timers.o(i.prvInitialiseNewTimer))
<BR><BR>[Stack]<UL><LI>Max Depth = 128<LI>Call Chain = prvInitialiseNewTimer &rArr; prvCheckForValidListAndQueue &rArr; xQueueGenericCreateStatic &rArr; prvInitialiseNewQueue &rArr; xQueueGenericReset &rArr; xTaskRemoveFromEventList
</UL>
<BR>[Calls]<UL><LI><a href="#[20a]">&gt;&gt;</a>&nbsp;&nbsp;&nbsp;vListInitialiseItem
<LI><a href="#[1fd]">&gt;&gt;</a>&nbsp;&nbsp;&nbsp;prvCheckForValidListAndQueue
</UL>
<BR>[Called By]<UL><LI><a href="#[1f1]">&gt;&gt;</a>&nbsp;&nbsp;&nbsp;xTimerCreateStatic
<LI><a href="#[1f2]">&gt;&gt;</a>&nbsp;&nbsp;&nbsp;xTimerCreate
</UL>

<P><STRONG><a name="[20d]"></a>prvInsertTimerInActiveList</STRONG> (Thumb, 80 bytes, Stack size 24 bytes, timers.o(i.prvInsertTimerInActiveList))
<BR><BR>[Stack]<UL><LI>Max Depth = 32<LI>Call Chain = prvInsertTimerInActiveList &rArr; vListInsert
</UL>
<BR>[Calls]<UL><LI><a href="#[1f8]">&gt;&gt;</a>&nbsp;&nbsp;&nbsp;vListInsert
</UL>
<BR>[Called By]<UL><LI><a href="#[211]">&gt;&gt;</a>&nbsp;&nbsp;&nbsp;prvProcessReceivedCommands
<LI><a href="#[210]">&gt;&gt;</a>&nbsp;&nbsp;&nbsp;prvProcessExpiredTimer
</UL>

<P><STRONG><a name="[210]"></a>prvProcessExpiredTimer</STRONG> (Thumb, 110 bytes, Stack size 24 bytes, timers.o(i.prvProcessExpiredTimer))
<BR><BR>[Stack]<UL><LI>Max Depth = 176<LI>Call Chain = prvProcessExpiredTimer &rArr; xTimerGenericCommand &rArr; xQueueGenericSend &rArr; vTaskPlaceOnEventList &rArr; prvAddCurrentTaskToDelayedList &rArr; vListInsert
</UL>
<BR>[Calls]<UL><LI><a href="#[1f6]">&gt;&gt;</a>&nbsp;&nbsp;&nbsp;uxListRemove
<LI><a href="#[1f4]">&gt;&gt;</a>&nbsp;&nbsp;&nbsp;xTimerGenericCommand
<LI><a href="#[20d]">&gt;&gt;</a>&nbsp;&nbsp;&nbsp;prvInsertTimerInActiveList
</UL>
<BR>[Called By]<UL><LI><a href="#[214]">&gt;&gt;</a>&nbsp;&nbsp;&nbsp;prvProcessTimerOrBlockTask
</UL>

<P><STRONG><a name="[211]"></a>prvProcessReceivedCommands</STRONG> (Thumb, 350 bytes, Stack size 48 bytes, timers.o(i.prvProcessReceivedCommands))
<BR><BR>[Stack]<UL><LI>Max Depth = 248<LI>Call Chain = prvProcessReceivedCommands &rArr; prvSampleTimeNow &rArr; prvSwitchTimerLists &rArr; xTimerGenericCommand &rArr; xQueueGenericSend &rArr; vTaskPlaceOnEventList &rArr; prvAddCurrentTaskToDelayedList &rArr; vListInsert
</UL>
<BR>[Calls]<UL><LI><a href="#[213]">&gt;&gt;</a>&nbsp;&nbsp;&nbsp;xQueueReceive
<LI><a href="#[206]">&gt;&gt;</a>&nbsp;&nbsp;&nbsp;vPortFree
<LI><a href="#[1f6]">&gt;&gt;</a>&nbsp;&nbsp;&nbsp;uxListRemove
<LI><a href="#[1f4]">&gt;&gt;</a>&nbsp;&nbsp;&nbsp;xTimerGenericCommand
<LI><a href="#[212]">&gt;&gt;</a>&nbsp;&nbsp;&nbsp;prvSampleTimeNow
<LI><a href="#[20d]">&gt;&gt;</a>&nbsp;&nbsp;&nbsp;prvInsertTimerInActiveList
</UL>
<BR>[Called By]<UL><LI><a href="#[6c]">&gt;&gt;</a>&nbsp;&nbsp;&nbsp;prvTimerTask
</UL>

<P><STRONG><a name="[214]"></a>prvProcessTimerOrBlockTask</STRONG> (Thumb, 102 bytes, Stack size 24 bytes, timers.o(i.prvProcessTimerOrBlockTask))
<BR><BR>[Stack]<UL><LI>Max Depth = 224<LI>Call Chain = prvProcessTimerOrBlockTask &rArr; prvSampleTimeNow &rArr; prvSwitchTimerLists &rArr; xTimerGenericCommand &rArr; xQueueGenericSend &rArr; vTaskPlaceOnEventList &rArr; prvAddCurrentTaskToDelayedList &rArr; vListInsert
</UL>
<BR>[Calls]<UL><LI><a href="#[217]">&gt;&gt;</a>&nbsp;&nbsp;&nbsp;vQueueWaitForMessageRestricted
<LI><a href="#[216]">&gt;&gt;</a>&nbsp;&nbsp;&nbsp;xTaskResumeAll
<LI><a href="#[215]">&gt;&gt;</a>&nbsp;&nbsp;&nbsp;vTaskSuspendAll
<LI><a href="#[212]">&gt;&gt;</a>&nbsp;&nbsp;&nbsp;prvSampleTimeNow
<LI><a href="#[210]">&gt;&gt;</a>&nbsp;&nbsp;&nbsp;prvProcessExpiredTimer
</UL>
<BR>[Called By]<UL><LI><a href="#[6c]">&gt;&gt;</a>&nbsp;&nbsp;&nbsp;prvTimerTask
</UL>

<P><STRONG><a name="[212]"></a>prvSampleTimeNow</STRONG> (Thumb, 40 bytes, Stack size 16 bytes, timers.o(i.prvSampleTimeNow))
<BR><BR>[Stack]<UL><LI>Max Depth = 200<LI>Call Chain = prvSampleTimeNow &rArr; prvSwitchTimerLists &rArr; xTimerGenericCommand &rArr; xQueueGenericSend &rArr; vTaskPlaceOnEventList &rArr; prvAddCurrentTaskToDelayedList &rArr; vListInsert
</UL>
<BR>[Calls]<UL><LI><a href="#[219]">&gt;&gt;</a>&nbsp;&nbsp;&nbsp;prvSwitchTimerLists
<LI><a href="#[218]">&gt;&gt;</a>&nbsp;&nbsp;&nbsp;xTaskGetTickCount
</UL>
<BR>[Called By]<UL><LI><a href="#[214]">&gt;&gt;</a>&nbsp;&nbsp;&nbsp;prvProcessTimerOrBlockTask
<LI><a href="#[211]">&gt;&gt;</a>&nbsp;&nbsp;&nbsp;prvProcessReceivedCommands
</UL>

<P><STRONG><a name="[219]"></a>prvSwitchTimerLists</STRONG> (Thumb, 154 bytes, Stack size 32 bytes, timers.o(i.prvSwitchTimerLists))
<BR><BR>[Stack]<UL><LI>Max Depth = 184<LI>Call Chain = prvSwitchTimerLists &rArr; xTimerGenericCommand &rArr; xQueueGenericSend &rArr; vTaskPlaceOnEventList &rArr; prvAddCurrentTaskToDelayedList &rArr; vListInsert
</UL>
<BR>[Calls]<UL><LI><a href="#[1f8]">&gt;&gt;</a>&nbsp;&nbsp;&nbsp;vListInsert
<LI><a href="#[1f6]">&gt;&gt;</a>&nbsp;&nbsp;&nbsp;uxListRemove
<LI><a href="#[1f4]">&gt;&gt;</a>&nbsp;&nbsp;&nbsp;xTimerGenericCommand
</UL>
<BR>[Called By]<UL><LI><a href="#[212]">&gt;&gt;</a>&nbsp;&nbsp;&nbsp;prvSampleTimeNow
</UL>

<P><STRONG><a name="[6c]"></a>prvTimerTask</STRONG> (Thumb, 26 bytes, Stack size 8 bytes, timers.o(i.prvTimerTask))
<BR><BR>[Stack]<UL><LI>Max Depth = 256<LI>Call Chain = prvTimerTask &rArr; prvProcessReceivedCommands &rArr; prvSampleTimeNow &rArr; prvSwitchTimerLists &rArr; xTimerGenericCommand &rArr; xQueueGenericSend &rArr; vTaskPlaceOnEventList &rArr; prvAddCurrentTaskToDelayedList &rArr; vListInsert
</UL>
<BR>[Calls]<UL><LI><a href="#[214]">&gt;&gt;</a>&nbsp;&nbsp;&nbsp;prvProcessTimerOrBlockTask
<LI><a href="#[211]">&gt;&gt;</a>&nbsp;&nbsp;&nbsp;prvProcessReceivedCommands
<LI><a href="#[21a]">&gt;&gt;</a>&nbsp;&nbsp;&nbsp;prvGetNextExpireTime
</UL>
<BR>[Address Reference Count : 1]<UL><LI> timers.o(i.xTimerCreateTimerTask)
</UL>
<P><STRONG><a name="[1f3]"></a>inHandlerMode</STRONG> (Thumb, 16 bytes, Stack size 0 bytes, cmsis_os.o(i.inHandlerMode))
<BR><BR>[Called By]<UL><LI><a href="#[1d4]">&gt;&gt;</a>&nbsp;&nbsp;&nbsp;osTimerStart
</UL>

<P><STRONG><a name="[1ee]"></a>makeFreeRtosPriority</STRONG> (Thumb, 14 bytes, Stack size 0 bytes, cmsis_os.o(i.makeFreeRtosPriority))
<BR><BR>[Called By]<UL><LI><a href="#[174]">&gt;&gt;</a>&nbsp;&nbsp;&nbsp;osThreadCreate
</UL>

<P><STRONG><a name="[21f]"></a>prvHeapInit</STRONG> (Thumb, 98 bytes, Stack size 12 bytes, heap_4.o(i.prvHeapInit))
<BR><BR>[Stack]<UL><LI>Max Depth = 12<LI>Call Chain = prvHeapInit
</UL>
<BR>[Called By]<UL><LI><a href="#[21e]">&gt;&gt;</a>&nbsp;&nbsp;&nbsp;pvPortMalloc
</UL>

<P><STRONG><a name="[220]"></a>prvInsertBlockIntoFreeList</STRONG> (Thumb, 96 bytes, Stack size 8 bytes, heap_4.o(i.prvInsertBlockIntoFreeList))
<BR><BR>[Stack]<UL><LI>Max Depth = 8<LI>Call Chain = prvInsertBlockIntoFreeList
</UL>
<BR>[Called By]<UL><LI><a href="#[206]">&gt;&gt;</a>&nbsp;&nbsp;&nbsp;vPortFree
<LI><a href="#[21e]">&gt;&gt;</a>&nbsp;&nbsp;&nbsp;pvPortMalloc
</UL>

<P><STRONG><a name="[6a]"></a>prvTaskExitError</STRONG> (Thumb, 60 bytes, Stack size 0 bytes, port.o(i.prvTaskExitError))
<BR>[Address Reference Count : 1]<UL><LI> port.o(i.pxPortInitialiseStack)
</UL>
<P><STRONG><a name="[15a]"></a>Param_Correction</STRONG> (Thumb, 826 bytes, Stack size 72 bytes, app_ins.o(i.Param_Correction))
<BR><BR>[Stack]<UL><LI>Max Depth = 72<LI>Call Chain = Param_Correction
</UL>
<BR>[Calls]<UL><LI><a href="#[c8]">&gt;&gt;</a>&nbsp;&nbsp;&nbsp;arm_sin_f32
<LI><a href="#[c7]">&gt;&gt;</a>&nbsp;&nbsp;&nbsp;arm_cos_f32
</UL>
<BR>[Called By]<UL><LI><a href="#[70]">&gt;&gt;</a>&nbsp;&nbsp;&nbsp;Ins_Task
</UL>

<P><STRONG><a name="[95]"></a>BMI088_BMI088AccelInit</STRONG> (Thumb, 444 bytes, Stack size 16 bytes, periph_bmi088.o(i.BMI088_BMI088AccelInit))
<BR><BR>[Stack]<UL><LI>Max Depth = 160<LI>Call Chain = BMI088_BMI088AccelInit &rArr; Spi_SwapAbyteData &rArr; HAL_SPI_TransmitReceive &rArr; SPI_EndRxTxTransaction &rArr; SPI_WaitFlagStateUntilTimeout
</UL>
<BR>[Calls]<UL><LI><a href="#[99]">&gt;&gt;</a>&nbsp;&nbsp;&nbsp;HAL_Delay
<LI><a href="#[97]">&gt;&gt;</a>&nbsp;&nbsp;&nbsp;Spi_SwapAbyteData
<LI><a href="#[98]">&gt;&gt;</a>&nbsp;&nbsp;&nbsp;GPIO_Set
<LI><a href="#[96]">&gt;&gt;</a>&nbsp;&nbsp;&nbsp;GPIO_Reset
</UL>
<BR>[Called By]<UL><LI><a href="#[a4]">&gt;&gt;</a>&nbsp;&nbsp;&nbsp;BMI088_Init
</UL>

<P><STRONG><a name="[9a]"></a>BMI088_BMI088AccelTest</STRONG> (Thumb, 1064 bytes, Stack size 32 bytes, periph_bmi088.o(i.BMI088_BMI088AccelTest))
<BR><BR>[Stack]<UL><LI>Max Depth = 192<LI>Call Chain = BMI088_BMI088AccelTest &rArr; Spi_ReadMuliReg &rArr; Spi_SwapAbyteData &rArr; HAL_SPI_TransmitReceive &rArr; SPI_EndRxTxTransaction &rArr; SPI_WaitFlagStateUntilTimeout
</UL>
<BR>[Calls]<UL><LI><a href="#[99]">&gt;&gt;</a>&nbsp;&nbsp;&nbsp;HAL_Delay
<LI><a href="#[97]">&gt;&gt;</a>&nbsp;&nbsp;&nbsp;Spi_SwapAbyteData
<LI><a href="#[9b]">&gt;&gt;</a>&nbsp;&nbsp;&nbsp;Spi_ReadMuliReg
<LI><a href="#[98]">&gt;&gt;</a>&nbsp;&nbsp;&nbsp;GPIO_Set
<LI><a href="#[96]">&gt;&gt;</a>&nbsp;&nbsp;&nbsp;GPIO_Reset
</UL>
<BR>[Called By]<UL><LI><a href="#[a4]">&gt;&gt;</a>&nbsp;&nbsp;&nbsp;BMI088_Init
</UL>

<P><STRONG><a name="[9f]"></a>BMI088_BMI088GyroInit</STRONG> (Thumb, 382 bytes, Stack size 16 bytes, periph_bmi088.o(i.BMI088_BMI088GyroInit))
<BR><BR>[Stack]<UL><LI>Max Depth = 160<LI>Call Chain = BMI088_BMI088GyroInit &rArr; Spi_SwapAbyteData &rArr; HAL_SPI_TransmitReceive &rArr; SPI_EndRxTxTransaction &rArr; SPI_WaitFlagStateUntilTimeout
</UL>
<BR>[Calls]<UL><LI><a href="#[99]">&gt;&gt;</a>&nbsp;&nbsp;&nbsp;HAL_Delay
<LI><a href="#[97]">&gt;&gt;</a>&nbsp;&nbsp;&nbsp;Spi_SwapAbyteData
<LI><a href="#[98]">&gt;&gt;</a>&nbsp;&nbsp;&nbsp;GPIO_Set
<LI><a href="#[96]">&gt;&gt;</a>&nbsp;&nbsp;&nbsp;GPIO_Reset
</UL>
<BR>[Called By]<UL><LI><a href="#[a4]">&gt;&gt;</a>&nbsp;&nbsp;&nbsp;BMI088_Init
</UL>

<P><STRONG><a name="[a0]"></a>BMI088_BMI088GyroTest</STRONG> (Thumb, 348 bytes, Stack size 16 bytes, periph_bmi088.o(i.BMI088_BMI088GyroTest))
<BR><BR>[Stack]<UL><LI>Max Depth = 160<LI>Call Chain = BMI088_BMI088GyroTest &rArr; Spi_SwapAbyteData &rArr; HAL_SPI_TransmitReceive &rArr; SPI_EndRxTxTransaction &rArr; SPI_WaitFlagStateUntilTimeout
</UL>
<BR>[Calls]<UL><LI><a href="#[99]">&gt;&gt;</a>&nbsp;&nbsp;&nbsp;HAL_Delay
<LI><a href="#[97]">&gt;&gt;</a>&nbsp;&nbsp;&nbsp;Spi_SwapAbyteData
<LI><a href="#[98]">&gt;&gt;</a>&nbsp;&nbsp;&nbsp;GPIO_Set
<LI><a href="#[96]">&gt;&gt;</a>&nbsp;&nbsp;&nbsp;GPIO_Reset
</UL>
<BR>[Called By]<UL><LI><a href="#[a4]">&gt;&gt;</a>&nbsp;&nbsp;&nbsp;BMI088_Init
</UL>

<P><STRONG><a name="[cf]"></a>DWT_CNT_Update</STRONG> (Thumb, 36 bytes, Stack size 8 bytes, sys_dwt.o(i.DWT_CNT_Update))
<BR><BR>[Stack]<UL><LI>Max Depth = 8<LI>Call Chain = DWT_CNT_Update
</UL>
<BR>[Called By]<UL><LI><a href="#[ce]">&gt;&gt;</a>&nbsp;&nbsp;&nbsp;DWT_GetDeltaT
<LI><a href="#[d0]">&gt;&gt;</a>&nbsp;&nbsp;&nbsp;DWT_SysTimeUpdate
</UL>

<P><STRONG><a name="[15f]"></a>Kalman_Adjustment_H_K_R</STRONG> (Thumb, 280 bytes, Stack size 8 bytes, alg_kalman.o(i.Kalman_Adjustment_H_K_R))
<BR><BR>[Stack]<UL><LI>Max Depth = 8<LI>Call Chain = Kalman_Adjustment_H_K_R
</UL>
<BR>[Calls]<UL><LI><a href="#[94]">&gt;&gt;</a>&nbsp;&nbsp;&nbsp;__aeabi_memclr4
<LI><a href="#[160]">&gt;&gt;</a>&nbsp;&nbsp;&nbsp;__aeabi_memcpy4
</UL>
<BR>[Called By]<UL><LI><a href="#[164]">&gt;&gt;</a>&nbsp;&nbsp;&nbsp;Kalman_FilterMeasure
</UL>

<P><STRONG><a name="[67]"></a>QuaternionEKF_F_Linearization_P_Fading</STRONG> (Thumb, 540 bytes, Stack size 8 bytes, alg_quaternionekf.o(i.QuaternionEKF_F_Linearization_P_Fading))
<BR><BR>[Stack]<UL><LI>Max Depth = 8<LI>Call Chain = QuaternionEKF_F_Linearization_P_Fading
</UL>
<BR>[Calls]<UL><LI><a href="#[192]">&gt;&gt;</a>&nbsp;&nbsp;&nbsp;Math_InvSqrt
</UL>
<BR>[Address Reference Count : 1]<UL><LI> alg_quaternionekf.o(i.QuaternionEKF_Init)
</UL>
<P><STRONG><a name="[66]"></a>QuaternionEKF_Observe</STRONG> (Thumb, 40 bytes, Stack size 8 bytes, alg_quaternionekf.o(i.QuaternionEKF_Observe))
<BR><BR>[Stack]<UL><LI>Max Depth = 8<LI>Call Chain = QuaternionEKF_Observe
</UL>
<BR>[Calls]<UL><LI><a href="#[160]">&gt;&gt;</a>&nbsp;&nbsp;&nbsp;__aeabi_memcpy4
</UL>
<BR>[Called By]<UL><LI><a href="#[15c]">&gt;&gt;</a>&nbsp;&nbsp;&nbsp;QuaternionEKF_Update
</UL>
<BR>[Address Reference Count : 1]<UL><LI> alg_quaternionekf.o(i.QuaternionEKF_Init)
</UL>
<P><STRONG><a name="[68]"></a>QuaternionEKF_SetH</STRONG> (Thumb, 274 bytes, Stack size 16 bytes, alg_quaternionekf.o(i.QuaternionEKF_SetH))
<BR><BR>[Stack]<UL><LI>Max Depth = 16<LI>Call Chain = QuaternionEKF_SetH
</UL>
<BR>[Calls]<UL><LI><a href="#[94]">&gt;&gt;</a>&nbsp;&nbsp;&nbsp;__aeabi_memclr4
</UL>
<BR>[Address Reference Count : 1]<UL><LI> alg_quaternionekf.o(i.QuaternionEKF_Init)
</UL>
<P><STRONG><a name="[69]"></a>QuaternionEKF_xhatUpdate</STRONG> (Thumb, 1272 bytes, Stack size 24 bytes, alg_quaternionekf.o(i.QuaternionEKF_xhatUpdate))
<BR><BR>[Stack]<UL><LI>Max Depth = 104<LI>Call Chain = QuaternionEKF_xhatUpdate &rArr; arm_mat_inverse_f32
</UL>
<BR>[Calls]<UL><LI><a href="#[169]">&gt;&gt;</a>&nbsp;&nbsp;&nbsp;arm_mat_trans_f32
<LI><a href="#[167]">&gt;&gt;</a>&nbsp;&nbsp;&nbsp;arm_mat_sub_f32
<LI><a href="#[166]">&gt;&gt;</a>&nbsp;&nbsp;&nbsp;arm_mat_mult_f32
<LI><a href="#[93]">&gt;&gt;</a>&nbsp;&nbsp;&nbsp;arm_mat_inverse_f32
<LI><a href="#[16a]">&gt;&gt;</a>&nbsp;&nbsp;&nbsp;arm_mat_add_f32
<LI><a href="#[160]">&gt;&gt;</a>&nbsp;&nbsp;&nbsp;__aeabi_memcpy4
<LI><a href="#[194]">&gt;&gt;</a>&nbsp;&nbsp;&nbsp;__hardfp_acosf
</UL>
<BR>[Address Reference Count : 1]<UL><LI> alg_quaternionekf.o(i.QuaternionEKF_Init)
</UL>
<P><STRONG><a name="[2]"></a>_send_chassis_ref</STRONG> (Thumb, 76 bytes, Stack size 24 bytes, protocol_transmit.o(i._send_chassis_ref))
<BR><BR>[Stack]<UL><LI>Max Depth = 68<LI>Call Chain = _send_chassis_ref &rArr; Can_SendMessage &rArr; HAL_CAN_AddTxMessage
</UL>
<BR>[Calls]<UL><LI><a href="#[ee]">&gt;&gt;</a>&nbsp;&nbsp;&nbsp;Protocol_GetBusDataPtr
<LI><a href="#[ce]">&gt;&gt;</a>&nbsp;&nbsp;&nbsp;DWT_GetDeltaT
<LI><a href="#[b9]">&gt;&gt;</a>&nbsp;&nbsp;&nbsp;Can_SendMessage
<LI><a href="#[183]">&gt;&gt;</a>&nbsp;&nbsp;&nbsp;Can_InitTxHeader
<LI><a href="#[1e5]">&gt;&gt;</a>&nbsp;&nbsp;&nbsp;float2buff
</UL>
<BR>[Address Reference Count : 1]<UL><LI> protocol_transmit.o(.data)
</UL>
<P><STRONG><a name="[1]"></a>_send_imu_data</STRONG> (Thumb, 76 bytes, Stack size 24 bytes, protocol_transmit.o(i._send_imu_data))
<BR><BR>[Stack]<UL><LI>Max Depth = 68<LI>Call Chain = _send_imu_data &rArr; Can_SendMessage &rArr; HAL_CAN_AddTxMessage
</UL>
<BR>[Calls]<UL><LI><a href="#[ce]">&gt;&gt;</a>&nbsp;&nbsp;&nbsp;DWT_GetDeltaT
<LI><a href="#[ef]">&gt;&gt;</a>&nbsp;&nbsp;&nbsp;INS_GetINSPtr
<LI><a href="#[b9]">&gt;&gt;</a>&nbsp;&nbsp;&nbsp;Can_SendMessage
<LI><a href="#[183]">&gt;&gt;</a>&nbsp;&nbsp;&nbsp;Can_InitTxHeader
<LI><a href="#[1e5]">&gt;&gt;</a>&nbsp;&nbsp;&nbsp;float2buff
</UL>
<BR>[Address Reference Count : 1]<UL><LI> protocol_transmit.o(.data)
</UL>
<P><STRONG><a name="[3]"></a>_send_leg_ref</STRONG> (Thumb, 62 bytes, Stack size 24 bytes, protocol_transmit.o(i._send_leg_ref))
<BR><BR>[Stack]<UL><LI>Max Depth = 68<LI>Call Chain = _send_leg_ref &rArr; Can_SendMessage &rArr; HAL_CAN_AddTxMessage
</UL>
<BR>[Calls]<UL><LI><a href="#[ee]">&gt;&gt;</a>&nbsp;&nbsp;&nbsp;Protocol_GetBusDataPtr
<LI><a href="#[ce]">&gt;&gt;</a>&nbsp;&nbsp;&nbsp;DWT_GetDeltaT
<LI><a href="#[b9]">&gt;&gt;</a>&nbsp;&nbsp;&nbsp;Can_SendMessage
<LI><a href="#[183]">&gt;&gt;</a>&nbsp;&nbsp;&nbsp;Can_InitTxHeader
<LI><a href="#[1e5]">&gt;&gt;</a>&nbsp;&nbsp;&nbsp;float2buff
</UL>
<BR>[Address Reference Count : 1]<UL><LI> protocol_transmit.o(.data)
</UL>
<P><STRONG><a name="[0]"></a>_send_mode</STRONG> (Thumb, 76 bytes, Stack size 24 bytes, protocol_transmit.o(i._send_mode))
<BR><BR>[Stack]<UL><LI>Max Depth = 68<LI>Call Chain = _send_mode &rArr; Can_SendMessage &rArr; HAL_CAN_AddTxMessage
</UL>
<BR>[Calls]<UL><LI><a href="#[ee]">&gt;&gt;</a>&nbsp;&nbsp;&nbsp;Protocol_GetBusDataPtr
<LI><a href="#[ce]">&gt;&gt;</a>&nbsp;&nbsp;&nbsp;DWT_GetDeltaT
<LI><a href="#[b9]">&gt;&gt;</a>&nbsp;&nbsp;&nbsp;Can_SendMessage
<LI><a href="#[183]">&gt;&gt;</a>&nbsp;&nbsp;&nbsp;Can_InitTxHeader
</UL>
<BR>[Address Reference Count : 1]<UL><LI> protocol_transmit.o(.data)
</UL><P>
<H3>
Undefined Global Symbols
</H3><HR></body></html>
