<html>
<body>
<pre>
<h1>µVision Build Log</h1>
<h2>Tool Versions:</h2>
IDE-Version: ¦ÌVision V5.40.0.0
Copyright (C) 2024 ARM Ltd and ARM Germany GmbH. All rights reserved.
License Information: ghko ghko520@outlook.com, ghko, LIC=YA39H-WBG50-JJF6S-LX5AF-B5KIP-13TZC
 
Tool Versions:
Toolchain:       MDK-ARM Plus  Version: 5.40.0.3
Toolchain Path:  C:\Keil5\ARM\ARMCC\Bin
C Compiler:      Armcc.exe V5.06 update 5 (build 528)
Assembler:       Armasm.exe V5.06 update 5 (build 528)
Linker/Locator:  ArmLink.exe V5.06 update 5 (build 528)
Library Manager: ArmAr.exe V5.06 update 5 (build 528)
Hex Converter:   FromElf.exe V5.06 update 5 (build 528)
CPU DLL:         SARMCM3.DLL V5.40.0.3
Dialog DLL:      DCM.DLL V1.17.5.0
Target DLL:      Segger\JL2CM3.dll V2.99.44.0
Dialog DLL:      TCM.DLL V1.56.4.0
 
<h2>Project:</h2>
C:\Users\ghko5\Documents\Github\DJ-Omni_Infantry\MDK-ARM\gimbal_task.uvprojx
Project File Date:  03/24/2026

<h2>Output:</h2>
*** Using Compiler 'V5.06 update 5 (build 528)', folder: 'C:\Keil5\ARM\ARMCC\Bin'
Build target 'gimbal_task'
Note: source file '../Middlewares/Third_Party/FreeRTOS/Source/list.c' - object file renamed from 'gimbal_task\list.o' to 'gimbal_task\list_1.o'.
Note: source file '../Middlewares/Third_Party/FreeRTOS/Source/list.c' - object file renamed from 'gimbal_task\list.o' to 'gimbal_task\list_1.o'.
compiling protocol_common.c...
compiling app_gimbal.c...
compiling module_gimbal.c...
..\Src\Modules\module_gimbal.c(148): warning:  #1035-D: single-precision operand implicitly converted to double-precision
  	
imitMaxMin(gimbalpitch->pitch_ref, 0.75,0.2);
..\Src\Modules\module_gimbal.c(148): warning:  #1035-D: single-precision operand implicitly converted to double-precision
  	
imitMaxMin(gimbalpitch->pitch_ref, 0.75,0.2);
..\Src\Modules\module_gimbal.c: 2 warnings, 0 errors
compiling app_Debug.c...
../Inc/Utility/util_debug.h(49): warning:  #1295-D: Deprecated declaration Debug_Init - give arg types
  void Debug_Init();
..\Src\Application\app_Debug.c: 1 warning, 0 errors
compiling app_init.c...
../Inc/Utility/util_debug.h(49): warning:  #1295-D: Deprecated declaration Debug_Init - give arg types
  void Debug_Init();
../Inc/Periphal/periph_draw.h(105): warning:  #1295-D: Deprecated declaration Referee_UpdateAimLine - give arg types
  void Referee_UpdateAimLine();
../Inc/Periphal/periph_draw.h(106): warning:  #1295-D: Deprecated declaration Referee_SetupAimLine - give arg types
  void Referee_SetupAimLine();
../Inc/Periphal/periph_draw.h(107): warning:  #1295-D: Deprecated declaration Draw_ClearAll - give arg types
  void Draw_ClearAll();
../Inc/Periphal/periph_draw.h(112): warning:  #1295-D: Deprecated declaration Referee_Update - give arg types
  void Referee_Update();
../Inc/Periphal/periph_draw.h(113): warning:  #1295-D: Deprecated declaration Referee_Setup - give arg types
  void Referee_Setup();
..\Src\Application\app_init.c: 6 warnings, 0 errors
compiling app_remote.c...
../Inc/Periphal/periph_draw.h(105): warning:  #1295-D: Deprecated declaration Referee_UpdateAimLine - give arg types
  void Referee_UpdateAimLine();
../Inc/Periphal/periph_draw.h(106): warning:  #1295-D: Deprecated declaration Referee_SetupAimLine - give arg types
  void Referee_SetupAimLine();
../Inc/Periphal/periph_draw.h(107): warning:  #1295-D: Deprecated declaration Draw_ClearAll - give arg types
  void Draw_ClearAll();
../Inc/Periphal/periph_draw.h(112): warning:  #1295-D: Deprecated declaration Referee_Update - give arg types
  void Referee_Update();
../Inc/Periphal/periph_draw.h(113): warning:  #1295-D: Deprecated declaration Referee_Setup - give arg types
  void Referee_Setup();
..\Src\Application\app_remote.c: 5 warnings, 0 errors
linking...
gimbal_task\gimbal_task.axf: Warning: L6304W: Duplicate input file gimbal_task\list_1.o ignored.
Program Size: Code=68052 RO-data=5964 RW-data=1340 ZI-data=60764  
Finished: 0 information, 1 warning and 0 error messages.
FromELF: creating hex file...
"gimbal_task\gimbal_task.axf" - 0 Error(s), 15 Warning(s).

<h2>Software Packages used:</h2>

Package Vendor: ARM
                https://www.keil.com/pack/ARM.CMSIS.6.1.0.pack
                ARM::CMSIS@6.1.0
                CMSIS (Common Microcontroller Software Interface Standard)
   * Component: CORE Version: 6.1.0

Package Vendor: Keil
                https://www.keil.com/pack/Keil.STM32F4xx_DFP.2.17.1.pack
                Keil::STM32F4xx_DFP@2.17.1
                STMicroelectronics STM32F4 Series Device Support, Drivers and Examples

<h2>Collection of Component include folders:</h2>
  ./RTE/_gimbal_task
  C:/Keil5/ARM/PACK/ARM/CMSIS/6.1.0/CMSIS/Core/Include
  C:/Keil5/ARM/PACK/Keil/STM32F4xx_DFP/2.17.1/Drivers/CMSIS/Device/ST/STM32F4xx/Include

<h2>Collection of Component Files used:</h2>

   * Component: ARM::CMSIS:CORE@6.1.0
      Include file:  CMSIS/Core/Include/tz_context.h
Build Time Elapsed:  00:00:06
</pre>
</body>
</html>
