Component: ARM Compiler 5.06 update 7 (build 960) Tool: armlink [4d3601]

==============================================================================

Section Cross References

    startup_stm32f407xx.o(RESET) refers to startup_stm32f407xx.o(STACK) for __initial_sp
    startup_stm32f407xx.o(RESET) refers to startup_stm32f407xx.o(.text) for Reset_Handler
    startup_stm32f407xx.o(RESET) refers to stm32f4xx_it.o(i.NMI_Handler) for NMI_Handler
    startup_stm32f407xx.o(RESET) refers to stm32f4xx_it.o(i.HardFault_Handler) for HardFault_Handler
    startup_stm32f407xx.o(RESET) refers to stm32f4xx_it.o(i.MemManage_Handler) for MemManage_Handler
    startup_stm32f407xx.o(RESET) refers to stm32f4xx_it.o(i.BusFault_Handler) for BusFault_Handler
    startup_stm32f407xx.o(RESET) refers to stm32f4xx_it.o(i.UsageFault_Handler) for UsageFault_Handler
    startup_stm32f407xx.o(RESET) refers to port.o(.emb_text) for SVC_Handler
    startup_stm32f407xx.o(RESET) refers to stm32f4xx_it.o(i.DebugMon_Handler) for DebugMon_Handler
    startup_stm32f407xx.o(RESET) refers to port.o(i.SysTick_Handler) for SysTick_Handler
    startup_stm32f407xx.o(RESET) refers to stm32f4xx_it.o(i.TIM1_BRK_TIM9_IRQHandler) for TIM1_BRK_TIM9_IRQHandler
    startup_stm32f407xx.o(RESET) refers to stm32f4xx_it.o(i.USART1_IRQHandler) for USART1_IRQHandler
    startup_stm32f407xx.o(RESET) refers to stm32f4xx_it.o(i.TIM5_IRQHandler) for TIM5_IRQHandler
    startup_stm32f407xx.o(RESET) refers to stm32f4xx_it.o(i.DMA2_Stream2_IRQHandler) for DMA2_Stream2_IRQHandler
    startup_stm32f407xx.o(.text) refers to system_stm32f4xx.o(i.SystemInit) for SystemInit
    startup_stm32f407xx.o(.text) refers to entry.o(.ARM.Collect$$$$00000000) for __main
    main.o(i.HAL_TIM_PeriodElapsedCallback) refers to stm32f4xx_hal.o(i.HAL_IncTick) for HAL_IncTick
    main.o(i.HAL_TIM_PeriodElapsedCallback) refers to chassic_task.o(i.chassic_get_feed) for chassic_get_feed
    main.o(i.SystemClock_Config) refers to memseta.o(.text) for __aeabi_memclr4
    main.o(i.SystemClock_Config) refers to stm32f4xx_hal_rcc.o(i.HAL_RCC_OscConfig) for HAL_RCC_OscConfig
    main.o(i.SystemClock_Config) refers to main.o(i.Error_Handler) for Error_Handler
    main.o(i.SystemClock_Config) refers to stm32f4xx_hal_rcc.o(i.HAL_RCC_ClockConfig) for HAL_RCC_ClockConfig
    main.o(i.main) refers to stm32f4xx_hal.o(i.HAL_Init) for HAL_Init
    main.o(i.main) refers to main.o(i.SystemClock_Config) for SystemClock_Config
    main.o(i.main) refers to gpio.o(i.MX_GPIO_Init) for MX_GPIO_Init
    main.o(i.main) refers to dma.o(i.MX_DMA_Init) for MX_DMA_Init
    main.o(i.main) refers to tim.o(i.MX_TIM3_Init) for MX_TIM3_Init
    main.o(i.main) refers to tim.o(i.MX_TIM4_Init) for MX_TIM4_Init
    main.o(i.main) refers to tim.o(i.MX_TIM2_Init) for MX_TIM2_Init
    main.o(i.main) refers to tim.o(i.MX_TIM8_Init) for MX_TIM8_Init
    main.o(i.main) refers to usart.o(i.MX_USART1_UART_Init) for MX_USART1_UART_Init
    main.o(i.main) refers to tim.o(i.MX_TIM1_Init) for MX_TIM1_Init
    main.o(i.main) refers to i2c.o(i.MX_I2C2_Init) for MX_I2C2_Init
    main.o(i.main) refers to i2c.o(i.MX_I2C1_Init) for MX_I2C1_Init
    main.o(i.main) refers to tim.o(i.MX_TIM9_Init) for MX_TIM9_Init
    main.o(i.main) refers to adc.o(i.MX_ADC1_Init) for MX_ADC1_Init
    main.o(i.main) refers to stm32f4xx_hal_gpio.o(i.HAL_GPIO_WritePin) for HAL_GPIO_WritePin
    main.o(i.main) refers to util_uart.o(i.Uart_InitUartDMA) for Uart_InitUartDMA
    main.o(i.main) refers to util_uart.o(i.Uart_ReceiveDMA) for Uart_ReceiveDMA
    main.o(i.main) refers to sys_dwt.o(i.DWT_Init) for DWT_Init
    main.o(i.main) refers to app_ins.o(i.INS_Init) for INS_Init
    main.o(i.main) refers to mpu_9250.o(i.Init_MPU9250) for Init_MPU9250
    main.o(i.main) refers to stm32f4xx_hal_tim.o(i.HAL_TIM_Base_Start_IT) for HAL_TIM_Base_Start_IT
    main.o(i.main) refers to freertos.o(i.MX_FREERTOS_Init) for MX_FREERTOS_Init
    main.o(i.main) refers to cmsis_os.o(i.osKernelStart) for osKernelStart
    main.o(i.main) refers to usart.o(.bss) for huart1
    main.o(i.main) refers to main.o(.bss) for Remote_RxData
    main.o(i.main) refers to tim.o(.bss) for htim9
    gpio.o(i.MX_GPIO_Init) refers to memseta.o(.text) for __aeabi_memclr4
    gpio.o(i.MX_GPIO_Init) refers to stm32f4xx_hal_gpio.o(i.HAL_GPIO_WritePin) for HAL_GPIO_WritePin
    gpio.o(i.MX_GPIO_Init) refers to stm32f4xx_hal_gpio.o(i.HAL_GPIO_Init) for HAL_GPIO_Init
    freertos.o(i.MX_FREERTOS_Init) refers to memcpya.o(.text) for __aeabi_memcpy4
    freertos.o(i.MX_FREERTOS_Init) refers to cmsis_os.o(i.osThreadCreate) for osThreadCreate
    freertos.o(i.MX_FREERTOS_Init) refers to freertos.o(.constdata) for .constdata
    freertos.o(i.MX_FREERTOS_Init) refers to freertos.o(.data) for defaultTaskHandle
    freertos.o(i.StartDefaultTask) refers to cmsis_os.o(i.osDelay) for osDelay
    freertos.o(i.vApplicationGetIdleTaskMemory) refers to freertos.o(.bss) for xIdleTaskTCBBuffer
[...]
    HAL_ADC_Init                             0x080012f5   Thumb Code   100  stm32f4xx_hal_adc.o(i.HAL_ADC_Init)
    HAL_ADC_MspInit                          0x0800135d   Thumb Code   114  adc.o(i.HAL_ADC_MspInit)
    HAL_DMA_Abort                            0x080013dd   Thumb Code   172  stm32f4xx_hal_dma.o(i.HAL_DMA_Abort)
    HAL_DMA_Abort_IT                         0x08001489   Thumb Code    40  stm32f4xx_hal_dma.o(i.HAL_DMA_Abort_IT)
    HAL_DMA_IRQHandler                       0x080014b1   Thumb Code   570  stm32f4xx_hal_dma.o(i.HAL_DMA_IRQHandler)
    HAL_DMA_Init                             0x080016f1   Thumb Code   232  stm32f4xx_hal_dma.o(i.HAL_DMA_Init)
    HAL_DMA_Start                            0x080017dd   Thumb Code   102  stm32f4xx_hal_dma.o(i.HAL_DMA_Start)
    HAL_Delay                                0x08001845   Thumb Code    36  stm32f4xx_hal.o(i.HAL_Delay)
    HAL_GPIO_Init                            0x0800186d   Thumb Code   454  stm32f4xx_hal_gpio.o(i.HAL_GPIO_Init)
    HAL_GPIO_WritePin                        0x08001a61   Thumb Code    12  stm32f4xx_hal_gpio.o(i.HAL_GPIO_WritePin)
    HAL_GetTick                              0x08001a6d   Thumb Code     6  stm32f4xx_hal.o(i.HAL_GetTick)
    HAL_I2C_Init                             0x08001a79   Thumb Code   446  stm32f4xx_hal_i2c.o(i.HAL_I2C_Init)
    HAL_I2C_Mem_Read                         0x08001c49   Thumb Code   762  stm32f4xx_hal_i2c.o(i.HAL_I2C_Mem_Read)
    HAL_I2C_Mem_Write                        0x08001f51   Thumb Code   348  stm32f4xx_hal_i2c.o(i.HAL_I2C_Mem_Write)
    HAL_I2C_MspInit                          0x080020b5   Thumb Code   228  i2c.o(i.HAL_I2C_MspInit)
    HAL_IncTick                              0x080021a9   Thumb Code    16  stm32f4xx_hal.o(i.HAL_IncTick)
    HAL_Init                                 0x080021c1   Thumb Code    54  stm32f4xx_hal.o(i.HAL_Init)
    HAL_InitTick                             0x080021fd   Thumb Code   160  stm32f4xx_hal_timebase_tim.o(i.HAL_InitTick)
    HAL_MspInit                              0x080022b1   Thumb Code    78  stm32f4xx_hal_msp.o(i.HAL_MspInit)
    HAL_NVIC_EnableIRQ                       0x08002305   Thumb Code    40  stm32f4xx_hal_cortex.o(i.HAL_NVIC_EnableIRQ)
    HAL_NVIC_SetPriority                     0x0800232d   Thumb Code   124  stm32f4xx_hal_cortex.o(i.HAL_NVIC_SetPriority)
    HAL_NVIC_SetPriorityGrouping             0x080023a9   Thumb Code    32  stm32f4xx_hal_cortex.o(i.HAL_NVIC_SetPriorityGrouping)
    HAL_RCC_ClockConfig                      0x080023d1   Thumb Code   368  stm32f4xx_hal_rcc.o(i.HAL_RCC_ClockConfig)
    HAL_RCC_GetClockConfig                   0x08002555   Thumb Code    58  stm32f4xx_hal_rcc.o(i.HAL_RCC_GetClockConfig)
    HAL_RCC_GetHCLKFreq                      0x08002599   Thumb Code     6  stm32f4xx_hal_rcc.o(i.HAL_RCC_GetHCLKFreq)
    HAL_RCC_GetPCLK1Freq                     0x080025a5   Thumb Code    22  stm32f4xx_hal_rcc.o(i.HAL_RCC_GetPCLK1Freq)
    HAL_RCC_GetPCLK2Freq                     0x080025c5   Thumb Code    22  stm32f4xx_hal_rcc.o(i.HAL_RCC_GetPCLK2Freq)
    HAL_RCC_GetSysClockFreq                  0x080025e5   Thumb Code   162  stm32f4xx_hal_rcc.o(i.HAL_RCC_GetSysClockFreq)
    HAL_RCC_OscConfig                        0x08002695   Thumb Code  1172  stm32f4xx_hal_rcc.o(i.HAL_RCC_OscConfig)
    HAL_TIMEx_BreakCallback                  0x08002b31   Thumb Code     2  stm32f4xx_hal_tim_ex.o(i.HAL_TIMEx_BreakCallback)
    HAL_TIMEx_CommutCallback                 0x08002b33   Thumb Code     2  stm32f4xx_hal_tim_ex.o(i.HAL_TIMEx_CommutCallback)
    HAL_TIMEx_MasterConfigSynchronization    0x08002b35   Thumb Code   150  stm32f4xx_hal_tim_ex.o(i.HAL_TIMEx_MasterConfigSynchronization)
    HAL_TIM_Base_Init                        0x08002be9   Thumb Code   102  stm32f4xx_hal_tim.o(i.HAL_TIM_Base_Init)
    HAL_TIM_Base_MspInit                     0x08002c51   Thumb Code   106  tim.o(i.HAL_TIM_Base_MspInit)
    HAL_TIM_Base_Start_IT                    0x08002cc5   Thumb Code   138  stm32f4xx_hal_tim.o(i.HAL_TIM_Base_Start_IT)
    HAL_TIM_ConfigClockSource                0x08002d6d   Thumb Code   268  stm32f4xx_hal_tim.o(i.HAL_TIM_ConfigClockSource)
    HAL_TIM_Encoder_Init                     0x08002e79   Thumb Code   200  stm32f4xx_hal_tim.o(i.HAL_TIM_Encoder_Init)
    HAL_TIM_Encoder_MspInit                  0x08002f41   Thumb Code   460  tim.o(i.HAL_TIM_Encoder_MspInit)
    HAL_TIM_Encoder_Start                    0x08003131   Thumb Code   204  stm32f4xx_hal_tim.o(i.HAL_TIM_Encoder_Start)
    HAL_TIM_IC_CaptureCallback               0x080031fd   Thumb Code     2  stm32f4xx_hal_tim.o(i.HAL_TIM_IC_CaptureCallback)
    HAL_TIM_IRQHandler                       0x080031ff   Thumb Code   364  stm32f4xx_hal_tim.o(i.HAL_TIM_IRQHandler)
    HAL_TIM_MspPostInit                      0x0800336d   Thumb Code    84  tim.o(i.HAL_TIM_MspPostInit)
    HAL_TIM_OC_DelayElapsedCallback          0x080033c9   Thumb Code     2  stm32f4xx_hal_tim.o(i.HAL_TIM_OC_DelayElapsedCallback)
    HAL_TIM_PWM_ConfigChannel                0x080033cb   Thumb Code   260  stm32f4xx_hal_tim.o(i.HAL_TIM_PWM_ConfigChannel)
    HAL_TIM_PWM_Init                         0x080034cf   Thumb Code   102  stm32f4xx_hal_tim.o(i.HAL_TIM_PWM_Init)
    HAL_TIM_PWM_MspInit                      0x08003535   Thumb Code     2  stm32f4xx_hal_tim.o(i.HAL_TIM_PWM_MspInit)
    HAL_TIM_PWM_PulseFinishedCallback        0x08003537   Thumb Code     2  stm32f4xx_hal_tim.o(i.HAL_TIM_PWM_PulseFinishedCallback)
    HAL_TIM_PWM_Start                        0x08003539   Thumb Code   238  stm32f4xx_hal_tim.o(i.HAL_TIM_PWM_Start)
    HAL_TIM_PeriodElapsedCallback            0x08003645   Thumb Code    30  main.o(i.HAL_TIM_PeriodElapsedCallback)
    HAL_TIM_TriggerCallback                  0x0800366d   Thumb Code     2  stm32f4xx_hal_tim.o(i.HAL_TIM_TriggerCallback)
    HAL_UARTEx_RxEventCallback               0x0800366f   Thumb Code     2  stm32f4xx_hal_uart.o(i.HAL_UARTEx_RxEventCallback)
    HAL_UART_ErrorCallback                   0x08003671   Thumb Code     2  stm32f4xx_hal_uart.o(i.HAL_UART_ErrorCallback)
    HAL_UART_IRQHandler                      0x08003675   Thumb Code   740  stm32f4xx_hal_uart.o(i.HAL_UART_IRQHandler)
    HAL_UART_Init                            0x0800395d   Thumb Code   118  stm32f4xx_hal_uart.o(i.HAL_UART_Init)
    HAL_UART_MspInit                         0x080039d5   Thumb Code   198  usart.o(i.HAL_UART_MspInit)
    HAL_UART_RxCpltCallback                  0x08003ab1   Thumb Code     2  stm32f4xx_hal_uart.o(i.HAL_UART_RxCpltCallback)
    HAL_UART_TxCpltCallback                  0x08003ab3   Thumb Code     2  stm32f4xx_hal_uart.o(i.HAL_UART_TxCpltCallback)
    HardFault_Handler                        0x08003ab5   Thumb Code     4  stm32f4xx_it.o(i.HardFault_Handler)
    INS_Init                                 0x08004049   Thumb Code    94  app_ins.o(i.INS_Init)
    Init_MPU9250                             0x080040c1   Thumb Code    44  mpu_9250.o(i.Init_MPU9250)
    Ins_Task                                 0x080040ed   Thumb Code  1788  app_ins.o(i.Ins_Task)
    Kalman_FilterInit                        0x08004941   Thumb Code  1634  alg_kalman.o(i.Kalman_FilterInit)
    Kalman_FilterMeasure                     0x08004fa3   Thumb Code    56  alg_kalman.o(i.Kalman_FilterMeasure)
    Kalman_FilterPUpdate                     0x08004fdb   Thumb Code   104  alg_kalman.o(i.Kalman_FilterPUpdate)
    Kalman_FilterPminusUpdate                0x08005043   Thumb Code   104  alg_kalman.o(i.Kalman_FilterPminusUpdate)
    Kalman_FilterSetK                        0x080050ab   Thumb Code   210  alg_kalman.o(i.Kalman_FilterSetK)
    Kalman_FilterUpdate                      0x0800517d   Thumb Code   276  alg_kalman.o(i.Kalman_FilterUpdate)
    Kalman_FilterxhatMinusUpdate             0x08005291   Thumb Code   124  alg_kalman.o(i.Kalman_FilterxhatMinusUpdate)
    Kalman_FilterxhatUpdate                  0x0800530d   Thumb Code   134  alg_kalman.o(i.Kalman_FilterxhatUpdate)
    MPU9250_ReadMagRegData                   0x08005395   Thumb Code    30  mpu_9250.o(i.MPU9250_ReadMagRegData)
    MPU9250_ReadRegData                      0x080053b9   Thumb Code    30  mpu_9250.o(i.MPU9250_ReadRegData)
    MPU9250_WriteRegData                     0x080053dd   Thumb Code    34  mpu_9250.o(i.MPU9250_WriteRegData)
    MX_ADC1_Init                             0x08005405   Thumb Code   100  adc.o(i.MX_ADC1_Init)
    MX_DMA_Init                              0x08005475   Thumb Code    52  dma.o(i.MX_DMA_Init)
    MX_FREERTOS_Init                         0x080054ad   Thumb Code    78  freertos.o(i.MX_FREERTOS_Init)
    MX_GPIO_Init                             0x0800550d   Thumb Code   292  gpio.o(i.MX_GPIO_Init)
    MX_I2C1_Init                             0x0800563d   Thumb Code    48  i2c.o(i.MX_I2C1_Init)
    MX_I2C2_Init                             0x08005679   Thumb Code    48  i2c.o(i.MX_I2C2_Init)
    MX_TIM1_Init                             0x080056b5   Thumb Code   116  tim.o(i.MX_TIM1_Init)
    MX_TIM2_Init                             0x08005731   Thumb Code   204  tim.o(i.MX_TIM2_Init)
    MX_TIM3_Init                             0x08005801   Thumb Code   114  tim.o(i.MX_TIM3_Init)
    MX_TIM4_Init                             0x0800587d   Thumb Code   114  tim.o(i.MX_TIM4_Init)
    MX_TIM8_Init                             0x080058f9   Thumb Code   118  tim.o(i.MX_TIM8_Init)
    MX_TIM9_Init                             0x08005979   Thumb Code    72  tim.o(i.MX_TIM9_Init)
    MX_USART1_UART_Init                      0x080059c9   Thumb Code    46  usart.o(i.MX_USART1_UART_Init)
    Math_InvSqrt                             0x08005a01   Thumb Code    56  alg_math.o(i.Math_InvSqrt)
    MemManage_Handler                        0x08005a3d   Thumb Code     4  stm32f4xx_it.o(i.MemManage_Handler)
    NMI_Handler                              0x08005a41   Thumb Code     4  stm32f4xx_it.o(i.NMI_Handler)
    QuaternionEKF_Init                       0x08005ff1   Thumb Code   264  alg_quaternionekf.o(i.QuaternionEKF_Init)
    QuaternionEKF_Update                     0x08006279   Thumb Code  1574  alg_quaternionekf.o(i.QuaternionEKF_Update)
    READ_MPU9250_ACCEL                       0x08006db1   Thumb Code   134  mpu_9250.o(i.READ_MPU9250_ACCEL)
    READ_MPU9250_GYRO                        0x08006e49   Thumb Code   134  mpu_9250.o(i.READ_MPU9250_GYRO)
    READ_MPU9250_MAG                         0x08006ee1   Thumb Code   284  mpu_9250.o(i.READ_MPU9250_MAG)
    StartDefaultTask                         0x08007025   Thumb Code    10  freertos.o(i.StartDefaultTask)
    SysTick_Handler                          0x08007031   Thumb Code    46  port.o(i.SysTick_Handler)
    SystemClock_Config                       0x08007065   Thumb Code   170  main.o(i.SystemClock_Config)
    SystemInit                               0x08007119   Thumb Code    14  system_stm32f4xx.o(i.SystemInit)
    TIM1_BRK_TIM9_IRQHandler                 0x0800712d   Thumb Code    16  stm32f4xx_it.o(i.TIM1_BRK_TIM9_IRQHandler)
    TIM5_IRQHandler                          0x08007145   Thumb Code    10  stm32f4xx_it.o(i.TIM5_IRQHandler)
    TIM_Base_SetConfig                       0x08007155   Thumb Code   186  stm32f4xx_hal_tim.o(i.TIM_Base_SetConfig)
    TIM_CCxChannelCmd                        0x0800723d   Thumb Code    34  stm32f4xx_hal_tim.o(i.TIM_CCxChannelCmd)
    TIM_ETR_SetConfig                        0x0800725f   Thumb Code    22  stm32f4xx_hal_tim.o(i.TIM_ETR_SetConfig)
    TIM_OC2_SetConfig                        0x080072f9   Thumb Code   114  stm32f4xx_hal_tim.o(i.TIM_OC2_SetConfig)
    USART1_IRQHandler                        0x080078b9   Thumb Code    16  stm32f4xx_it.o(i.USART1_IRQHandler)
    Uart_DMACurrentDataCounter               0x080078cd   Thumb Code     8  util_uart.o(i.Uart_DMACurrentDataCounter)
    Uart_InitUartDMA                         0x080078d5   Thumb Code    38  util_uart.o(i.Uart_InitUartDMA)
    Uart_ReceiveDMA                          0x080078fb   Thumb Code    66  util_uart.o(i.Uart_ReceiveDMA)
    Uart_ReceiveHandler                      0x0800793d   Thumb Code    56  util_uart.o(i.Uart_ReceiveHandler)
    Uart_RxIdleCallback                      0x08007975   Thumb Code    74  util_uart.o(i.Uart_RxIdleCallback)
    UsageFault_Handler                       0x080079c5   Thumb Code     4  stm32f4xx_it.o(i.UsageFault_Handler)
    __ARM_fpclassify                         0x080079c9   Thumb Code    48  fpclassify.o(i.__ARM_fpclassify)
    __ARM_fpclassifyf                        0x080079f9   Thumb Code    38  fpclassifyf.o(i.__ARM_fpclassifyf)
    __hardfp_acosf                           0x08007a59   Thumb Code   234  acosf.o(i.__hardfp_acosf)
    __hardfp_asinf                           0x08007b71   Thumb Code   258  asinf.o(i.__hardfp_asinf)
    __hardfp_atan                            0x08007ca1   Thumb Code   622  atan.o(i.__hardfp_atan)
    __hardfp_atan2f                          0x08007f79   Thumb Code   594  atan2f.o(i.__hardfp_atan2f)
    __hardfp_fabs                            0x08008225   Thumb Code    20  fabs.o(i.__hardfp_fabs)
    __kernel_poly                            0x08008239   Thumb Code   248  poly.o(i.__kernel_poly)
    __mathlib_dbl_infnan                     0x08008331   Thumb Code    20  dunder.o(i.__mathlib_dbl_infnan)
    __mathlib_dbl_underflow                  0x08008349   Thumb Code    24  dunder.o(i.__mathlib_dbl_underflow)
    __mathlib_flt_infnan                     0x08008369   Thumb Code     6  funder.o(i.__mathlib_flt_infnan)
    __mathlib_flt_infnan2                    0x0800836f   Thumb Code     6  funder.o(i.__mathlib_flt_infnan2)
    __mathlib_flt_invalid                    0x08008375   Thumb Code    10  funder.o(i.__mathlib_flt_invalid)
    __mathlib_flt_underflow                  0x08008385   Thumb Code    10  funder.o(i.__mathlib_flt_underflow)
    __scatterload_copy                       0x08008395   Thumb Code    14  handlers.o(i.__scatterload_copy)
    __scatterload_null                       0x080083a3   Thumb Code     2  handlers.o(i.__scatterload_null)
    __scatterload_zeroinit                   0x080083a5   Thumb Code    14  handlers.o(i.__scatterload_zeroinit)
    __set_errno                              0x080083b5   Thumb Code     6  errno.o(i.__set_errno)
    arm_cos_f32                              0x080083c1   Thumb Code   150  fastmathfunctions.o(i.arm_cos_f32)
    arm_mat_add_f32                          0x08008465   Thumb Code    56  matrixfunctions.o(i.arm_mat_add_f32)
    arm_mat_init_f32                         0x0800849d   Thumb Code     8  matrixfunctions.o(i.arm_mat_init_f32)
    arm_mat_inverse_f32                      0x080084a5   Thumb Code   618  matrixfunctions.o(i.arm_mat_inverse_f32)
    arm_mat_mult_f32                         0x08008715   Thumb Code   182  matrixfunctions.o(i.arm_mat_mult_f32)
    arm_mat_sub_f32                          0x080087d1   Thumb Code    56  matrixfunctions.o(i.arm_mat_sub_f32)
    arm_mat_trans_f32                        0x08008809   Thumb Code    68  matrixfunctions.o(i.arm_mat_trans_f32)
    arm_sin_f32                              0x0800884d   Thumb Code   146  fastmathfunctions.o(i.arm_sin_f32)
    chassic_get_feed                         0x080088ed   Thumb Code   180  chassic_task.o(i.chassic_get_feed)
    chassic_init                             0x080089b5   Thumb Code   266  chassic_task.o(i.chassic_init)
    chassic_mode_change                      0x08008b35   Thumb Code    10  chassic_task.o(i.chassic_mode_change)
    chassic_send_output                      0x08008b45   Thumb Code   984  chassic_task.o(i.chassic_send_output)
    chassic_task                             0x08008f35   Thumb Code    44  chassic_task.o(i.chassic_task)
    fabs                                     0x08008f61   Thumb Code    24  fabs.o(i.fabs)
    gc_map_set_encoder                       0x08008f79   Thumb Code   100  chassic_task.o(i.gc_map_set_encoder)
    main                                     0x08008ff9   Thumb Code   114  main.o(i.main)
    malloc                                   0x0800908d   Thumb Code    92  malloc.o(i.malloc)
    my_fabs                                  0x080090f9   Thumb Code    92  chassic_task.o(i.my_fabs)
    osDelay                                  0x0800915d   Thumb Code    24  cmsis_os.o(i.osDelay)
    osKernelStart                            0x08009175   Thumb Code    10  cmsis_os.o(i.osKernelStart)
    osThreadCreate                           0x0800917f   Thumb Code    94  cmsis_os.o(i.osThreadCreate)
    pid_cal                                  0x080091dd   Thumb Code   526  pid.o(i.pid_cal)
    pid_get_output                           0x080093f5   Thumb Code     6  pid.o(i.pid_get_output)
    pid_init                                 0x080093fd   Thumb Code    54  pid.o(i.pid_init)
    pvPortMalloc                             0x080098bd   Thumb Code   306  heap_4.o(i.pvPortMalloc)
    pxPortInitialiseStack                    0x08009a09   Thumb Code    38  port.o(i.pxPortInitialiseStack)
    sqrtf                                    0x08009a35   Thumb Code    62  sqrtf.o(i.sqrtf)
    task_mode_change                         0x08009a75   Thumb Code   424  chassic_task.o(i.task_mode_change)
    tyres_get_output                         0x08009c41   Thumb Code   170  chassic_task.o(i.tyres_get_output)
    uart_decode_data                         0x08009cf5   Thumb Code     2  util_uart.o(i.uart_decode_data)
    uxListRemove                             0x08009cf7   Thumb Code    40  list.o(i.uxListRemove)
    vApplicationGetIdleTaskMemory            0x08009d21   Thumb Code    14  freertos.o(i.vApplicationGetIdleTaskMemory)
    vListInitialise                          0x08009d39   Thumb Code    26  list.o(i.vListInitialise)
    vListInitialiseItem                      0x08009d53   Thumb Code     6  list.o(i.vListInitialiseItem)
    vListInsert                              0x08009d59   Thumb Code    52  list.o(i.vListInsert)
    vListInsertEnd                           0x08009d8d   Thumb Code    24  list.o(i.vListInsertEnd)
    vPortEnterCritical                       0x08009da5   Thumb Code    76  port.o(i.vPortEnterCritical)
    vPortExitCritical                        0x08009df9   Thumb Code    56  port.o(i.vPortExitCritical)
    vPortFree                                0x08009e35   Thumb Code   150  heap_4.o(i.vPortFree)
    vPortSetupTimerInterrupt                 0x08009ed9   Thumb Code    36  port.o(i.vPortSetupTimerInterrupt)
    vTaskDelay                               0x08009f01   Thumb Code    82  tasks.o(i.vTaskDelay)
    vTaskStartScheduler                      0x08009f5d   Thumb Code   146  tasks.o(i.vTaskStartScheduler)
    vTaskSuspendAll                          0x0800a00d   Thumb Code    12  tasks.o(i.vTaskSuspendAll)
    vTaskSwitchContext                       0x0800a01d   Thumb Code   118  tasks.o(i.vTaskSwitchContext)
    xPortStartScheduler                      0x0800a0a9   Thumb Code   330  port.o(i.xPortStartScheduler)
    xTaskCreate                              0x0800a211   Thumb Code   100  tasks.o(i.xTaskCreate)
    xTaskCreateStatic                        0x0800a275   Thumb Code   186  tasks.o(i.xTaskCreateStatic)
    xTaskIncrementTick                       0x0800a331   Thumb Code   282  tasks.o(i.xTaskIncrementTick)
    xTaskResumeAll                           0x0800a479   Thumb Code   224  tasks.o(i.xTaskResumeAll)
    AHBPrescTable                            0x0800a5d8   Data          16  system_stm32f4xx.o(.constdata)
    APBPrescTable                            0x0800a5e8   Data           8  system_stm32f4xx.o(.constdata)
    Const_Shooter15mpers                     0x0800a620   Data           4  sys_const.o(.constdata)
    Const_Shooter18mpers                     0x0800a624   Data           4  sys_const.o(.constdata)
    Const_Shooter22mpers                     0x0800a628   Data           4  sys_const.o(.constdata)
    Const_Shooter30mpers                     0x0800a62c   Data           4  sys_const.o(.constdata)
    Const_ShooterLockedCurrent               0x0800a630   Data           4  sys_const.o(.constdata)
    Const_ShooterLockedSpeed                 0x0800a634   Data           4  sys_const.o(.constdata)
    Const_ShooterLockedTime                  0x0800a638   Data           4  sys_const.o(.constdata)
    Const_ShooterRelockedTime                0x0800a63c   Data           4  sys_const.o(.constdata)
    Const_ShooterLockedReverseSpeed          0x0800a640   Data           4  sys_const.o(.constdata)
    Const_FeederSlowSpeed                    0x0800a644   Data           4  sys_const.o(.constdata)
    Const_FeederFastSpeed                    0x0800a648   Data           4  sys_const.o(.constdata)
    Const_FeederWaitSpeed                    0x0800a64c   Data           4  sys_const.o(.constdata)
    Const_HeatCtrlFastLimit                  0x0800a650   Data           4  sys_const.o(.constdata)
    Const_HeatCtrlSlowLimit                  0x0800a654   Data           4  sys_const.o(.constdata)
    Const_HeatCtrlWaitLimit                  0x0800a658   Data           4  sys_const.o(.constdata)
    Const_HeatCtrlSingleCount                0x0800a65c   Data           4  sys_const.o(.constdata)
    Const_HeatCtrlStopLimit                  0x0800a660   Data           4  sys_const.o(.constdata)
    Const_ShooterSlowSpeed                   0x0800a664   Data           4  sys_const.o(.constdata)
    Const_ShooterFastSpeed                   0x0800a668   Data           4  sys_const.o(.constdata)
    MOUSE_PITCH_ANGLE_TO_FACT                0x0800a66c   Data           4  sys_const.o(.constdata)
    MOUSE_CHASSIS_TO_FACT                    0x0800a670   Data           4  sys_const.o(.constdata)
    MOUSE_CHASSIS_ACCELERATE                 0x0800a674   Data           4  sys_const.o(.constdata)
    MOUSE_LEG_LEN_DLEN                       0x0800a678   Data           4  sys_const.o(.constdata)
    Const_WHEELLEG_REMOTE_YAW_GAIN           0x0800a67c   Data           4  sys_const.o(.constdata)
    Const_WHEELLEG_REMOTE_X_GAIN             0x0800a680   Data           4  sys_const.o(.constdata)
    Const_WHEELLEG_REMOTE_LEN_GAIN           0x0800a684   Data           4  sys_const.o(.constdata)
    REMOTE_PITCH_ANGLE_TO_REF                0x0800a688   Data           4  sys_const.o(.constdata)
    REMOTE_CHASSIS_VX_GAIN                   0x0800a68c   Data           4  sys_const.o(.constdata)
    REMOTE_CHASSIS_VY_GAIN                   0x0800a690   Data           4  sys_const.o(.constdata)
    REMOTE_CHASSIS_SEP_WZ_GAIN               0x0800a694   Data           4  sys_const.o(.constdata)
    REMOTE_CHASSIS_FOLLOW_WZ_GAIN            0x0800a698   Data           4  sys_const.o(.constdata)
    REMOTE_CHASSIS_FOLLOW_WZ_MAX             0x0800a69c   Data           4  sys_const.o(.constdata)
    REMOTE_CHASSIS_XTL_WZ_GAIN               0x0800a6a0   Data           4  sys_const.o(.constdata)
    CHASSIS_YAW_ANGLE_OFFSET                 0x0800a6a4   Data           4  sys_const.o(.constdata)
    CHASSIS_XTL_WZ                           0x0800a6a8   Data           4  sys_const.o(.constdata)
    Const_GimbalPitchSpdParam                0x0800a6ac   Data          80  sys_const.o(.constdata)
    Const_GimbalPitchAngParam                0x0800a6fc   Data          80  sys_const.o(.constdata)
    Const_GimbalYawSpdParam                  0x0800a74c   Data          80  sys_const.o(.constdata)
    Const_GimbalYawAngParam                  0x0800a79c   Data          80  sys_const.o(.constdata)
    Const_ShootLeftParam                     0x0800a7ec   Data          80  sys_const.o(.constdata)
    Const_ShootRightParam                    0x0800a83c   Data          80  sys_const.o(.constdata)
    Const_FeedAngParam                       0x0800a88c   Data          80  sys_const.o(.constdata)
    Const_FeedSpdParam                       0x0800a8dc   Data          80  sys_const.o(.constdata)
    Const_ChassisFontRightAngParam           0x0800a92c   Data          80  sys_const.o(.constdata)
    Const_ChassisFontRightSpdParam           0x0800a97c   Data          80  sys_const.o(.constdata)
    Const_ChassisFontLeftAngParam            0x0800a9cc   Data          80  sys_const.o(.constdata)
    Const_ChassisFontLeftSpdParam            0x0800aa1c   Data          80  sys_const.o(.constdata)
    Const_ChassisBackLeftAngParam            0x0800aa6c   Data          80  sys_const.o(.constdata)
    Const_ChassisBackLeftSpdParam            0x0800aabc   Data          80  sys_const.o(.constdata)
    Const_ChassisBackRightAngParam           0x0800ab0c   Data          80  sys_const.o(.constdata)
    Const_ChassisBackRightSpdParam           0x0800ab5c   Data          80  sys_const.o(.constdata)
    QuaternionEKF_F                          0x0800abac   Data         144  sys_const.o(.constdata)
    armBitRevTable                           0x0800ac40   Data        2048  commontables.o(.constdata)
    twiddleCoefF64_16                        0x0800b440   Data         256  commontables.o(.constdata)
    twiddleCoefF64_32                        0x0800b540   Data         512  commontables.o(.constdata)
    twiddleCoefF64_64                        0x0800b740   Data        1024  commontables.o(.constdata)
    twiddleCoefF64_128                       0x0800bb40   Data        2048  commontables.o(.constdata)
    twiddleCoefF64_256                       0x0800c340   Data        4096  commontables.o(.constdata)
    twiddleCoefF64_512                       0x0800d340   Data        8192  commontables.o(.constdata)
    twiddleCoefF64_1024                      0x0800f340   Data       16384  commontables.o(.constdata)
    twiddleCoefF64_2048                      0x08013340   Data       32768  commontables.o(.constdata)
    twiddleCoefF64_4096                      0x0801b340   Data       65536  commontables.o(.constdata)
    twiddleCoef_16                           0x0802b340   Data         128  commontables.o(.constdata)
    twiddleCoef_32                           0x0802b3c0   Data         256  commontables.o(.constdata)
    twiddleCoef_64                           0x0802b4c0   Data         512  commontables.o(.constdata)
    twiddleCoef_128                          0x0802b6c0   Data        1024  commontables.o(.constdata)
    twiddleCoef_256                          0x0802bac0   Data        2048  commontables.o(.constdata)
    twiddleCoef_512                          0x0802c2c0   Data        4096  commontables.o(.constdata)
    twiddleCoef_1024                         0x0802d2c0   Data        8192  commontables.o(.constdata)
    twiddleCoef_2048                         0x0802f2c0   Data       16384  commontables.o(.constdata)
    twiddleCoef_4096                         0x080332c0   Data       32768  commontables.o(.constdata)
    twiddleCoef_16_q31                       0x0803b2c0   Data          96  commontables.o(.constdata)
    twiddleCoef_32_q31                       0x0803b320   Data         192  commontables.o(.constdata)
    twiddleCoef_64_q31                       0x0803b3e0   Data         384  commontables.o(.constdata)
    twiddleCoef_128_q31                      0x0803b560   Data         768  commontables.o(.constdata)
    twiddleCoef_256_q31                      0x0803b860   Data        1536  commontables.o(.constdata)
    twiddleCoef_512_q31                      0x0803be60   Data        3072  commontables.o(.constdata)
    twiddleCoef_1024_q31                     0x0803ca60   Data        6144  commontables.o(.constdata)
    twiddleCoef_2048_q31                     0x0803e260   Data       12288  commontables.o(.constdata)
    twiddleCoef_4096_q31                     0x08041260   Data       24576  commontables.o(.constdata)
    twiddleCoef_16_q15                       0x08047260   Data          48  commontables.o(.constdata)
    twiddleCoef_32_q15                       0x08047290   Data          96  commontables.o(.constdata)
    twiddleCoef_64_q15                       0x080472f0   Data         192  commontables.o(.constdata)
    twiddleCoef_128_q15                      0x080473b0   Data         384  commontables.o(.constdata)
    twiddleCoef_256_q15                      0x08047530   Data         768  commontables.o(.constdata)
    twiddleCoef_512_q15                      0x08047830   Data        1536  commontables.o(.constdata)
    twiddleCoef_1024_q15                     0x08047e30   Data        3072  commontables.o(.constdata)
    twiddleCoef_2048_q15                     0x08048a30   Data        6144  commontables.o(.constdata)
    twiddleCoef_4096_q15                     0x0804a230   Data       12288  commontables.o(.constdata)
    armBitRevIndexTableF64_16                0x0804d230   Data          24  commontables.o(.constdata)
    armBitRevIndexTableF64_32                0x0804d248   Data          48  commontables.o(.constdata)
    armBitRevIndexTableF64_64                0x0804d278   Data         112  commontables.o(.constdata)
    armBitRevIndexTableF64_128               0x0804d2e8   Data         224  commontables.o(.constdata)
    armBitRevIndexTableF64_256               0x0804d3c8   Data         480  commontables.o(.constdata)
    armBitRevIndexTableF64_512               0x0804d5a8   Data         960  commontables.o(.constdata)
    armBitRevIndexTableF64_1024              0x0804d968   Data        1984  commontables.o(.constdata)
    armBitRevIndexTableF64_2048              0x0804e128   Data        3968  commontables.o(.constdata)
    armBitRevIndexTableF64_4096              0x0804f0a8   Data        8064  commontables.o(.constdata)
    armBitRevIndexTable16                    0x08051028   Data          40  commontables.o(.constdata)
    armBitRevIndexTable32                    0x08051050   Data          96  commontables.o(.constdata)
    armBitRevIndexTable64                    0x080510b0   Data         112  commontables.o(.constdata)
    armBitRevIndexTable128                   0x08051120   Data         416  commontables.o(.constdata)
    armBitRevIndexTable256                   0x080512c0   Data         880  commontables.o(.constdata)
    armBitRevIndexTable512                   0x08051630   Data         896  commontables.o(.constdata)
    armBitRevIndexTable1024                  0x080519b0   Data        3600  commontables.o(.constdata)
    armBitRevIndexTable2048                  0x080527c0   Data        7616  commontables.o(.constdata)
    armBitRevIndexTable4096                  0x08054580   Data        8064  commontables.o(.constdata)
    armBitRevIndexTable_fixed_16             0x08056500   Data          24  commontables.o(.constdata)
    armBitRevIndexTable_fixed_32             0x08056518   Data          48  commontables.o(.constdata)
    armBitRevIndexTable_fixed_64             0x08056548   Data         112  commontables.o(.constdata)
    armBitRevIndexTable_fixed_128            0x080565b8   Data         224  commontables.o(.constdata)
    armBitRevIndexTable_fixed_256            0x08056698   Data         480  commontables.o(.constdata)
    armBitRevIndexTable_fixed_512            0x08056878   Data         960  commontables.o(.constdata)
    armBitRevIndexTable_fixed_1024           0x08056c38   Data        1984  commontables.o(.constdata)
    armBitRevIndexTable_fixed_2048           0x080573f8   Data        3968  commontables.o(.constdata)
    armBitRevIndexTable_fixed_4096           0x08058378   Data        8064  commontables.o(.constdata)
    twiddleCoefF64_rfft_32                   0x0805a2f8   Data         256  commontables.o(.constdata)
    twiddleCoefF64_rfft_64                   0x0805a3f8   Data         512  commontables.o(.constdata)
    twiddleCoefF64_rfft_128                  0x0805a5f8   Data        1024  commontables.o(.constdata)
    twiddleCoefF64_rfft_256                  0x0805a9f8   Data        2048  commontables.o(.constdata)
    twiddleCoefF64_rfft_512                  0x0805b1f8   Data        4096  commontables.o(.constdata)
    twiddleCoefF64_rfft_1024                 0x0805c1f8   Data        8192  commontables.o(.constdata)
    twiddleCoefF64_rfft_2048                 0x0805e1f8   Data       16384  commontables.o(.constdata)
    twiddleCoefF64_rfft_4096                 0x080621f8   Data       32768  commontables.o(.constdata)
    twiddleCoef_rfft_32                      0x0806a1f8   Data         128  commontables.o(.constdata)
    twiddleCoef_rfft_64                      0x0806a278   Data         256  commontables.o(.constdata)
    twiddleCoef_rfft_128                     0x0806a378   Data         512  commontables.o(.constdata)
    twiddleCoef_rfft_256                     0x0806a578   Data        1024  commontables.o(.constdata)
    twiddleCoef_rfft_512                     0x0806a978   Data        2048  commontables.o(.constdata)
    twiddleCoef_rfft_1024                    0x0806b178   Data        4096  commontables.o(.constdata)
    twiddleCoef_rfft_2048                    0x0806c178   Data        8192  commontables.o(.constdata)
    twiddleCoef_rfft_4096                    0x0806e178   Data       16384  commontables.o(.constdata)
    realCoefA                                0x08072178   Data       32768  commontables.o(.constdata)
    realCoefB                                0x0807a178   Data       32768  commontables.o(.constdata)
    realCoefAQ31                             0x08082178   Data       32768  commontables.o(.constdata)
    realCoefBQ31                             0x0808a178   Data       32768  commontables.o(.constdata)
    realCoefAQ15                             0x08092178   Data       16384  commontables.o(.constdata)
    realCoefBQ15                             0x08096178   Data       16384  commontables.o(.constdata)
    Weights_128                              0x0809a178   Data        1024  commontables.o(.constdata)
    cos_factors_128                          0x0809a578   Data         512  commontables.o(.constdata)
    Weights_512                              0x0809a778   Data        4096  commontables.o(.constdata)
    cos_factors_512                          0x0809b778   Data        2048  commontables.o(.constdata)
    Weights_2048                             0x0809bf78   Data       16384  commontables.o(.constdata)
    cos_factors_2048                         0x0809ff78   Data        8192  commontables.o(.constdata)
    Weights_8192                             0x080a1f78   Data       65536  commontables.o(.constdata)
    cos_factors_8192                         0x080b1f78   Data       32768  commontables.o(.constdata)
    WeightsQ15_128                           0x080b9f78   Data         512  commontables.o(.constdata)
    cos_factorsQ15_128                       0x080ba178   Data         256  commontables.o(.constdata)
    WeightsQ15_512                           0x080ba278   Data        2048  commontables.o(.constdata)
    cos_factorsQ15_512                       0x080baa78   Data        1024  commontables.o(.constdata)
    WeightsQ15_2048                          0x080bae78   Data        8192  commontables.o(.constdata)
    cos_factorsQ15_2048                      0x080bce78   Data        4096  commontables.o(.constdata)
    WeightsQ15_8192                          0x080bde78   Data       32768  commontables.o(.constdata)
    cos_factorsQ15_8192                      0x080c5e78   Data       16384  commontables.o(.constdata)
    WeightsQ31_128                           0x080c9e78   Data        1024  commontables.o(.constdata)
    cos_factorsQ31_128                       0x080ca278   Data         512  commontables.o(.constdata)
    WeightsQ31_512                           0x080ca478   Data        4096  commontables.o(.constdata)
    cos_factorsQ31_512                       0x080cb478   Data        2048  commontables.o(.constdata)
    WeightsQ31_2048                          0x080cbc78   Data       16384  commontables.o(.constdata)
    cos_factorsQ31_2048                      0x080cfc78   Data        8192  commontables.o(.constdata)
    WeightsQ31_8192                          0x080d1c78   Data       65536  commontables.o(.constdata)
    cos_factorsQ31_8192                      0x080e1c78   Data       32768  commontables.o(.constdata)
    armRecipTableQ15                         0x080e9c78   Data         128  commontables.o(.constdata)
    armRecipTableQ31                         0x080e9cf8   Data         256  commontables.o(.constdata)
    sinTable_f32                             0x080e9df8   Data        2052  commontables.o(.constdata)
    sinTable_q31                             0x080ea5fc   Data        2052  commontables.o(.constdata)
    sinTable_q15                             0x080eae00   Data        1026  commontables.o(.constdata)
    arm_cfft_sR_f64_len16                    0x080eb204   Data          16  commontables.o(.constdata)
    arm_cfft_sR_f64_len32                    0x080eb214   Data          16  commontables.o(.constdata)
    arm_cfft_sR_f64_len64                    0x080eb224   Data          16  commontables.o(.constdata)
    arm_cfft_sR_f64_len128                   0x080eb234   Data          16  commontables.o(.constdata)
    arm_cfft_sR_f64_len256                   0x080eb244   Data          16  commontables.o(.constdata)
    arm_cfft_sR_f64_len512                   0x080eb254   Data          16  commontables.o(.constdata)
    arm_cfft_sR_f64_len1024                  0x080eb264   Data          16  commontables.o(.constdata)
    arm_cfft_sR_f64_len2048                  0x080eb274   Data          16  commontables.o(.constdata)
    arm_cfft_sR_f64_len4096                  0x080eb284   Data          16  commontables.o(.constdata)
    arm_cfft_sR_f32_len16                    0x080eb294   Data          16  commontables.o(.constdata)
    arm_cfft_sR_f32_len32                    0x080eb2a4   Data          16  commontables.o(.constdata)
    arm_cfft_sR_f32_len64                    0x080eb2b4   Data          16  commontables.o(.constdata)
    arm_cfft_sR_f32_len128                   0x080eb2c4   Data          16  commontables.o(.constdata)
    arm_cfft_sR_f32_len256                   0x080eb2d4   Data          16  commontables.o(.constdata)
    arm_cfft_sR_f32_len512                   0x080eb2e4   Data          16  commontables.o(.constdata)
    arm_cfft_sR_f32_len1024                  0x080eb2f4   Data          16  commontables.o(.constdata)
    arm_cfft_sR_f32_len2048                  0x080eb304   Data          16  commontables.o(.constdata)
    arm_cfft_sR_f32_len4096                  0x080eb314   Data          16  commontables.o(.constdata)
    arm_cfft_sR_q31_len16                    0x080eb324   Data          16  commontables.o(.constdata)
    arm_cfft_sR_q31_len32                    0x080eb334   Data          16  commontables.o(.constdata)
    arm_cfft_sR_q31_len64                    0x080eb344   Data          16  commontables.o(.constdata)
    arm_cfft_sR_q31_len128                   0x080eb354   Data          16  commontables.o(.constdata)
    arm_cfft_sR_q31_len256                   0x080eb364   Data          16  commontables.o(.constdata)
    arm_cfft_sR_q31_len512                   0x080eb374   Data          16  commontables.o(.constdata)
    arm_cfft_sR_q31_len1024                  0x080eb384   Data          16  commontables.o(.constdata)
    arm_cfft_sR_q31_len2048                  0x080eb394   Data          16  commontables.o(.constdata)
    arm_cfft_sR_q31_len4096                  0x080eb3a4   Data          16  commontables.o(.constdata)
    arm_cfft_sR_q15_len16                    0x080eb3b4   Data          16  commontables.o(.constdata)
    arm_cfft_sR_q15_len32                    0x080eb3c4   Data          16  commontables.o(.constdata)
    arm_cfft_sR_q15_len64                    0x080eb3d4   Data          16  commontables.o(.constdata)
    arm_cfft_sR_q15_len128                   0x080eb3e4   Data          16  commontables.o(.constdata)
    arm_cfft_sR_q15_len256                   0x080eb3f4   Data          16  commontables.o(.constdata)
    arm_cfft_sR_q15_len512                   0x080eb404   Data          16  commontables.o(.constdata)
    arm_cfft_sR_q15_len1024                  0x080eb414   Data          16  commontables.o(.constdata)
    arm_cfft_sR_q15_len2048                  0x080eb424   Data          16  commontables.o(.constdata)
    arm_cfft_sR_q15_len4096                  0x080eb434   Data          16  commontables.o(.constdata)
    arm_rfft_fast_sR_f64_len32               0x080eb444   Data          24  commontables.o(.constdata)
    arm_rfft_fast_sR_f64_len64               0x080eb45c   Data          24  commontables.o(.constdata)
    arm_rfft_fast_sR_f64_len128              0x080eb474   Data          24  commontables.o(.constdata)
    arm_rfft_fast_sR_f64_len256              0x080eb48c   Data          24  commontables.o(.constdata)
    arm_rfft_fast_sR_f64_len512              0x080eb4a4   Data          24  commontables.o(.constdata)
    arm_rfft_fast_sR_f64_len1024             0x080eb4bc   Data          24  commontables.o(.constdata)
    arm_rfft_fast_sR_f64_len2048             0x080eb4d4   Data          24  commontables.o(.constdata)
    arm_rfft_fast_sR_f64_len4096             0x080eb4ec   Data          24  commontables.o(.constdata)
    arm_rfft_fast_sR_f32_len32               0x080eb504   Data          24  commontables.o(.constdata)
    arm_rfft_fast_sR_f32_len64               0x080eb51c   Data          24  commontables.o(.constdata)
    arm_rfft_fast_sR_f32_len128              0x080eb534   Data          24  commontables.o(.constdata)
    arm_rfft_fast_sR_f32_len256              0x080eb54c   Data          24  commontables.o(.constdata)
    arm_rfft_fast_sR_f32_len512              0x080eb564   Data          24  commontables.o(.constdata)
    arm_rfft_fast_sR_f32_len1024             0x080eb57c   Data          24  commontables.o(.constdata)
    arm_rfft_fast_sR_f32_len2048             0x080eb594   Data          24  commontables.o(.constdata)
    arm_rfft_fast_sR_f32_len4096             0x080eb5ac   Data          24  commontables.o(.constdata)
    arm_rfft_sR_q31_len32                    0x080eb5c4   Data          24  commontables.o(.constdata)
    arm_rfft_sR_q31_len64                    0x080eb5dc   Data          24  commontables.o(.constdata)
    arm_rfft_sR_q31_len128                   0x080eb5f4   Data          24  commontables.o(.constdata)
    arm_rfft_sR_q31_len256                   0x080eb60c   Data          24  commontables.o(.constdata)
    arm_rfft_sR_q31_len512                   0x080eb624   Data          24  commontables.o(.constdata)
    arm_rfft_sR_q31_len1024                  0x080eb63c   Data          24  commontables.o(.constdata)
    arm_rfft_sR_q31_len2048                  0x080eb654   Data          24  commontables.o(.constdata)
    arm_rfft_sR_q31_len4096                  0x080eb66c   Data          24  commontables.o(.constdata)
    arm_rfft_sR_q31_len8192                  0x080eb684   Data          24  commontables.o(.constdata)
    arm_rfft_sR_q15_len32                    0x080eb69c   Data          24  commontables.o(.constdata)
    arm_rfft_sR_q15_len64                    0x080eb6b4   Data          24  commontables.o(.constdata)
    arm_rfft_sR_q15_len128                   0x080eb6cc   Data          24  commontables.o(.constdata)
    arm_rfft_sR_q15_len256                   0x080eb6e4   Data          24  commontables.o(.constdata)
    arm_rfft_sR_q15_len512                   0x080eb6fc   Data          24  commontables.o(.constdata)
    arm_rfft_sR_q15_len1024                  0x080eb714   Data          24  commontables.o(.constdata)
    arm_rfft_sR_q15_len2048                  0x080eb72c   Data          24  commontables.o(.constdata)
    arm_rfft_sR_q15_len4096                  0x080eb744   Data          24  commontables.o(.constdata)
    arm_rfft_sR_q15_len8192                  0x080eb75c   Data          24  commontables.o(.constdata)
    Region$$Table$$Base                      0x080eb838   Number         0  anon$$obj.o(Region$$Table)
    Region$$Table$$Limit                     0x080eb858   Number         0  anon$$obj.o(Region$$Table)
    defaultTaskHandle                        0x20000000   Data           4  freertos.o(.data)
    chassicTaskHandle                        0x20000004   Data           4  freertos.o(.data)
    angleTaskHandle                          0x20000008   Data           4  freertos.o(.data)
    uwTick                                   0x2000000c   Data           4  stm32f4xx_hal.o(.data)
    uwTickPrio                               0x20000010   Data           4  stm32f4xx_hal.o(.data)
    uwTickFreq                               0x20000014   Data           1  stm32f4xx_hal.o(.data)
    SystemCoreClock                          0x20000018   Data           4  system_stm32f4xx.o(.data)
    pxCurrentTCB                             0x2000001c   Data           4  tasks.o(.data)
    cha_run_mode                             0x20000084   Data           1  chassic_task.o(.data)
    task_finshed                             0x20000086   Data           2  chassic_task.o(.data)
    gc_map                                   0x20000088   Data           1  chassic_task.o(.data)
    BUF                                      0x20000090   Data           6  mpu_9250.o(.data)
    Accel_x1                                 0x20000098   Data           8  mpu_9250.o(.data)
    Accel_y1                                 0x200000a0   Data           8  mpu_9250.o(.data)
    Accel_z1                                 0x200000a8   Data           8  mpu_9250.o(.data)
    Gyro_x1                                  0x200000b0   Data           8  mpu_9250.o(.data)
    Gyro_y1                                  0x200000b8   Data           8  mpu_9250.o(.data)
    Gyro_z1                                  0x200000c0   Data           8  mpu_9250.o(.data)
    Mag_x                                    0x200000c8   Data           2  mpu_9250.o(.data)
    Mag_y                                    0x200000ca   Data           2  mpu_9250.o(.data)
    Mag_z                                    0x200000cc   Data           2  mpu_9250.o(.data)
    yaw                                      0x200000d0   Data           8  mpu_9250.o(.data)
    update_flag_de                           0x200000d8   Data           2  app_ins.o(.data)
    Yaw_Angle                                0x200000e0   Data           8  app_ins.o(.data)
    decrease_time                            0x200000e8   Data           4  app_ins.o(.data)
    test_t                                   0x200000ec   Data           4  app_ins.o(.data)
    accx1                                    0x200000f0   Data           8  app_ins.o(.data)
    accy1                                    0x200000f8   Data           8  app_ins.o(.data)
    accz1                                    0x20000100   Data           8  app_ins.o(.data)
    SysTime                                  0x20000188   Data           8  sys_dwt.o(.data)
    CYCCNT64                                 0x200001a8   Data           8  sys_dwt.o(.data)
    Const_SERVO_INIT_OFFSET                  0x200001c8   Data           4  sys_const.o(.data)
    MOUSE_YAW_ANGLE_TO_FACT                  0x200001cc   Data           4  sys_const.o(.data)
    MOUSE_CHASSIS_MAX_SPEED                  0x200001d0   Data           4  sys_const.o(.data)
    Const_PITCH_UMAXANGLE                    0x200001d4   Data           4  sys_const.o(.data)
    Const_PITCH_UMAXANGLE_GRYO               0x200001d8   Data           4  sys_const.o(.data)
    Const_PITCH_DMAXANGLE                    0x200001dc   Data           4  sys_const.o(.data)
    Const_YAW_MAXANGLE                       0x200001e0   Data           4  sys_const.o(.data)
    Const_PITCH_MOTOR_INIT_OFFSETf           0x200001e4   Data           4  sys_const.o(.data)
    QuaternionEKF_P                          0x200001e8   Data         144  sys_const.o(.data)
    __microlib_freelist                      0x20000278   Data           4  mvars.o(.data)
    __microlib_freelist_initialised          0x2000027c   Data           4  mvars.o(.data)
    Remote_RxData                            0x20000284   Data          54  main.o(.bss)
    hadc1                                    0x20000510   Data          72  adc.o(.bss)
    hi2c1                                    0x20000558   Data          84  i2c.o(.bss)
    hi2c2                                    0x200005ac   Data          84  i2c.o(.bss)
    htim1                                    0x20000600   Data          72  tim.o(.bss)
    htim2                                    0x20000648   Data          72  tim.o(.bss)
    htim3                                    0x20000690   Data          72  tim.o(.bss)
    htim4                                    0x200006d8   Data          72  tim.o(.bss)
    htim8                                    0x20000720   Data          72  tim.o(.bss)
    htim9                                    0x20000768   Data          72  tim.o(.bss)
    huart1                                   0x200007b0   Data          72  usart.o(.bss)
    hdma_usart1_rx                           0x200007f8   Data          96  usart.o(.bss)
    htim5                                    0x20000858   Data          72  stm32f4xx_hal_timebase_tim.o(.bss)
    chass_tyre                               0x20004590   Data         128  chassic_task.o(.bss)
    chassic                                  0x20004610   Data          32  chassic_task.o(.bss)
    tyres_pid                                0x20004630   Data         288  chassic_task.o(.bss)
    encoder_pid                              0x20004750   Data         288  chassic_task.o(.bss)
    INS                                      0x20004870   Data         128  app_ins.o(.bss)
    Param                                    0x200048f0   Data          28  app_ins.o(.bss)
    QuaternionEKF_K                          0x20004910   Data          72  alg_quaternionekf.o(.bss)
    QuaternionEKF_H                          0x20004958   Data          72  alg_quaternionekf.o(.bss)
    QEKF_INS                                 0x200049a0   Data         480  alg_quaternionekf.o(.bss)
    __heap_base                              0x20004b80   Data           0  startup_stm32f407xx.o(HEAP)
    __heap_limit                             0x20004f80   Data           0  startup_stm32f407xx.o(HEAP)
    __initial_sp                             0x20005380   Data           0  startup_stm32f407xx.o(STACK)



==============================================================================

Memory Map of the image

  Image Entry point : 0x08000189

  Load Region LR_IROM1 (Base: 0x08000000, Size: 0x000ebadc, Max: 0x00100000, ABSOLUTE, COMPRESSED[0x000eb898])

    Execution Region ER_IROM1 (Exec base: 0x08000000, Load base: 0x08000000, Size: 0x000eb858, Max: 0x00100000, ABSOLUTE)

    Exec Addr    Load Addr    Size         Type   Attr      Idx    E Section Name        Object

    0x08000000   0x08000000   0x00000188   Data   RO            3    RESET               startup_stm32f407xx.o
    0x08000188   0x08000188   0x00000000   Code   RO        10199  * .ARM.Collect$$$$00000000  mc_w.l(entry.o)
    0x08000188   0x08000188   0x00000004   Code   RO        10600    .ARM.Collect$$$$00000001  mc_w.l(entry2.o)
    0x0800018c   0x0800018c   0x00000004   Code   RO        10603    .ARM.Collect$$$$00000004  mc_w.l(entry5.o)
    0x08000190   0x08000190   0x00000000   Code   RO        10605    .ARM.Collect$$$$00000008  mc_w.l(entry7b.o)
    0x08000190   0x08000190   0x00000000   Code   RO        10607    .ARM.Collect$$$$0000000A  mc_w.l(entry8b.o)
    0x08000190   0x08000190   0x00000008   Code   RO        10608    .ARM.Collect$$$$0000000B  mc_w.l(entry9a.o)
    0x08000198   0x08000198   0x00000004   Code   RO        10615    .ARM.Collect$$$$0000000E  mc_w.l(entry12b.o)
    0x0800019c   0x0800019c   0x00000000   Code   RO        10610    .ARM.Collect$$$$0000000F  mc_w.l(entry10a.o)
    0x0800019c   0x0800019c   0x00000000   Code   RO        10612    .ARM.Collect$$$$00000011  mc_w.l(entry11a.o)
    0x0800019c   0x0800019c   0x00000004   Code   RO        10601    .ARM.Collect$$$$00002712  mc_w.l(entry2.o)
    0x080001a0   0x080001a0   0x000000be   Code   RO         5336    .emb_text           port.o
    0x0800025e   0x0800025e   0x00000002   PAD
    0x08000260   0x08000260   0x00000024   Code   RO            4    .text               startup_stm32f407xx.o
    0x08000284   0x08000284   0x00000062   Code   RO        10202    .text               mc_w.l(uldiv.o)
    0x080002e6   0x080002e6   0x0000001e   Code   RO        10206    .text               mc_w.l(llshl.o)
    0x08000304   0x08000304   0x00000024   Code   RO        10208    .text               mc_w.l(llsshr.o)
    0x08000328   0x08000328   0x00000024   Code   RO        10210    .text               mc_w.l(memcpya.o)
    0x0800034c   0x0800034c   0x00000024   Code   RO        10214    .text               mc_w.l(memseta.o)
    0x08000370   0x08000370   0x0000014e   Code   RO        10507    .text               mf_w.l(dadd.o)
    0x080004be   0x080004be   0x000000e4   Code   RO        10509    .text               mf_w.l(dmul.o)
    0x080005a2   0x080005a2   0x000000de   Code   RO        10511    .text               mf_w.l(ddiv.o)
    0x08000680   0x08000680   0x00000022   Code   RO        10515    .text               mf_w.l(dflti.o)
    0x080006a2   0x080006a2   0x0000001a   Code   RO        10517    .text               mf_w.l(dfltui.o)
    0x080006bc   0x080006bc   0x0000003e   Code   RO        10521    .text               mf_w.l(dfixi.o)
    0x080006fa   0x080006fa   0x00000032   Code   RO        10523    .text               mf_w.l(dfixui.o)
    0x0800072c   0x0800072c   0x00000026   Code   RO        10525    .text               mf_w.l(f2d.o)
    0x08000752   0x08000752   0x00000002   PAD
    0x08000754   0x08000754   0x00000030   Code   RO        10527    .text               mf_w.l(cdcmple.o)
    0x08000784   0x08000784   0x00000030   Code   RO        10529    .text               mf_w.l(cdrcmple.o)
    0x080007b4   0x080007b4   0x00000038   Code   RO        10531    .text               mf_w.l(d2f.o)
    0x080007ec   0x080007ec   0x00000020   Code   RO        10619    .text               mc_w.l(llushr.o)
    0x0800080c   0x0800080c   0x00000000   Code   RO        10630    .text               mc_w.l(iusefp.o)
    0x0800080c   0x0800080c   0x0000006e   Code   RO        10631    .text               mf_w.l(fepilogue.o)
    0x0800087a   0x0800087a   0x000000ba   Code   RO        10633    .text               mf_w.l(depilogue.o)
    0x08000934   0x08000934   0x00000024   Code   RO        10639    .text               mc_w.l(init.o)
    0x08000958   0x08000958   0x00000056   Code   RO        10649    .text               mc_w.l(__dczerorl2.o)
    0x080009ae   0x080009ae   0x00000002   PAD
    0x080009b0   0x080009b0   0x00000160   Code   RO          734    i.ADC_Init          stm32f4xx_hal_adc.o
    0x08000b10   0x08000b10   0x0000015a   Code   RO         5819    i.BodyFrameToEarthFrame  app_ins.o
    0x08000c6a   0x08000c6a   0x00000004   Code   RO          586    i.BusFault_Handler  stm32f4xx_it.o
    0x08000c6e   0x08000c6e   0x00000002   PAD
    0x08000c70   0x08000c70   0x00000180   Code   RO         5416    i.Chassic_Control_with_Angle  chassic_task.o
    0x08000df0   0x08000df0   0x00000010   Code   RO          587    i.DMA2_Stream2_IRQHandler  stm32f4xx_it.o
    0x08000e00   0x08000e00   0x00000034   Code   RO         1513    i.DMA_CalcBaseAndBitshift  stm32f4xx_hal_dma.o
    0x08000e34   0x08000e34   0x000000aa   Code   RO         1514    i.DMA_CheckFifoParam  stm32f4xx_hal_dma.o
    0x08000ede   0x08000ede   0x0000002c   Code   RO         1515    i.DMA_SetConfig     stm32f4xx_hal_dma.o
    0x08000f0a   0x08000f0a   0x00000002   PAD
    0x08000f0c   0x08000f0c   0x00000030   Code   RO         6142    i.DWT_CNT_Update    sys_dwt.o
    0x08000f3c   0x08000f3c   0x0000004c   Code   RO         6144    i.DWT_GetDeltaT     sys_dwt.o
    0x08000f88   0x08000f88   0x00000068   Code   RO         6149    i.DWT_Init          sys_dwt.o
    0x08000ff0   0x08000ff0   0x00000002   Code   RO          588    i.DebugMon_Handler  stm32f4xx_it.o
    0x08000ff2   0x08000ff2   0x00000002   PAD
    0x08000ff4   0x08000ff4   0x00000014   Code   RO         5417    i.ENcoder_Set       chassic_task.o
    0x08001008   0x08001008   0x0000015a   Code   RO         5820    i.EarthFrameToBodyFrame  app_ins.o
    0x08001162   0x08001162   0x00000006   Code   RO           13    i.Error_Handler     main.o
    0x08001168   0x08001168   0x0000018c   Code   RO          736    i.HAL_ADC_ConfigChannel  stm32f4xx_hal_adc.o
    0x080012f4   0x080012f4   0x00000068   Code   RO          745    i.HAL_ADC_Init      stm32f4xx_hal_adc.o
    0x0800135c   0x0800135c   0x00000080   Code   RO          341    i.HAL_ADC_MspInit   adc.o
    0x080013dc   0x080013dc   0x000000ac   Code   RO         1516    i.HAL_DMA_Abort     stm32f4xx_hal_dma.o
    0x08001488   0x08001488   0x00000028   Code   RO         1517    i.HAL_DMA_Abort_IT  stm32f4xx_hal_dma.o
    0x080014b0   0x080014b0   0x00000240   Code   RO         1521    i.HAL_DMA_IRQHandler  stm32f4xx_hal_dma.o
    0x080016f0   0x080016f0   0x000000ec   Code   RO         1522    i.HAL_DMA_Init      stm32f4xx_hal_dma.o
    0x080017dc   0x080017dc   0x00000066   Code   RO         1525    i.HAL_DMA_Start     stm32f4xx_hal_dma.o
    0x08001842   0x08001842   0x00000002   PAD
    0x08001844   0x08001844   0x00000028   Code   RO         1958    i.HAL_Delay         stm32f4xx_hal.o
    0x0800186c   0x0800186c   0x000001f4   Code   RO         1409    i.HAL_GPIO_Init     stm32f4xx_hal_gpio.o
    0x08001a60   0x08001a60   0x0000000c   Code   RO         1413    i.HAL_GPIO_WritePin  stm32f4xx_hal_gpio.o
    0x08001a6c   0x08001a6c   0x0000000c   Code   RO         1964    i.HAL_GetTick       stm32f4xx_hal.o
    0x08001a78   0x08001a78   0x000001d0   Code   RO         2220    i.HAL_I2C_Init      stm32f4xx_hal_i2c.o
    0x08001c48   0x08001c48   0x00000308   Code   RO         2238    i.HAL_I2C_Mem_Read  stm32f4xx_hal_i2c.o
    0x08001f50   0x08001f50   0x00000164   Code   RO         2241    i.HAL_I2C_Mem_Write  stm32f4xx_hal_i2c.o
    0x080020b4   0x080020b4   0x000000f4   Code   RO          407    i.HAL_I2C_MspInit   i2c.o
    0x080021a8   0x080021a8   0x00000018   Code   RO         1970    i.HAL_IncTick       stm32f4xx_hal.o
    0x080021c0   0x080021c0   0x0000003c   Code   RO         1971    i.HAL_Init          stm32f4xx_hal.o
    0x080021fc   0x080021fc   0x000000b4   Code   RO          692    i.HAL_InitTick      stm32f4xx_hal_timebase_tim.o
    0x080022b0   0x080022b0   0x00000054   Code   RO          668    i.HAL_MspInit       stm32f4xx_hal_msp.o
    0x08002304   0x08002304   0x00000028   Code   RO         1801    i.HAL_NVIC_EnableIRQ  stm32f4xx_hal_cortex.o
    0x0800232c   0x0800232c   0x0000007c   Code   RO         1807    i.HAL_NVIC_SetPriority  stm32f4xx_hal_cortex.o
    0x080023a8   0x080023a8   0x00000028   Code   RO         1808    i.HAL_NVIC_SetPriorityGrouping  stm32f4xx_hal_cortex.o
    0x080023d0   0x080023d0   0x00000184   Code   RO         1010    i.HAL_RCC_ClockConfig  stm32f4xx_hal_rcc.o
    0x08002554   0x08002554   0x00000044   Code   RO         1014    i.HAL_RCC_GetClockConfig  stm32f4xx_hal_rcc.o
    0x08002598   0x08002598   0x0000000c   Code   RO         1015    i.HAL_RCC_GetHCLKFreq  stm32f4xx_hal_rcc.o
    0x080025a4   0x080025a4   0x00000020   Code   RO         1017    i.HAL_RCC_GetPCLK1Freq  stm32f4xx_hal_rcc.o
    0x080025c4   0x080025c4   0x00000020   Code   RO         1018    i.HAL_RCC_GetPCLK2Freq  stm32f4xx_hal_rcc.o
    0x080025e4   0x080025e4   0x000000b0   Code   RO         1019    i.HAL_RCC_GetSysClockFreq  stm32f4xx_hal_rcc.o
    0x08002694   0x08002694   0x0000049c   Code   RO         1022    i.HAL_RCC_OscConfig  stm32f4xx_hal_rcc.o
    0x08002b30   0x08002b30   0x00000002   Code   RO         3421    i.HAL_TIMEx_BreakCallback  stm32f4xx_hal_tim_ex.o
    0x08002b32   0x08002b32   0x00000002   Code   RO         3422    i.HAL_TIMEx_CommutCallback  stm32f4xx_hal_tim_ex.o
    0x08002b34   0x08002b34   0x000000b4   Code   RO         3440    i.HAL_TIMEx_MasterConfigSynchronization  stm32f4xx_hal_tim_ex.o
    0x08002be8   0x08002be8   0x00000066   Code   RO         2706    i.HAL_TIM_Base_Init  stm32f4xx_hal_tim.o
    0x08002c4e   0x08002c4e   0x00000002   PAD
    0x08002c50   0x08002c50   0x00000074   Code   RO          455    i.HAL_TIM_Base_MspInit  tim.o
    0x08002cc4   0x08002cc4   0x000000a8   Code   RO         2711    i.HAL_TIM_Base_Start_IT  stm32f4xx_hal_tim.o
    0x08002d6c   0x08002d6c   0x0000010c   Code   RO         2715    i.HAL_TIM_ConfigClockSource  stm32f4xx_hal_tim.o
    0x08002e78   0x08002e78   0x000000c8   Code   RO         2727    i.HAL_TIM_Encoder_Init  stm32f4xx_hal_tim.o
    0x08002f40   0x08002f40   0x000001f0   Code   RO          457    i.HAL_TIM_Encoder_MspInit  tim.o
    0x08003130   0x08003130   0x000000cc   Code   RO         2730    i.HAL_TIM_Encoder_Start  stm32f4xx_hal_tim.o
    0x080031fc   0x080031fc   0x00000002   Code   RO         2740    i.HAL_TIM_IC_CaptureCallback  stm32f4xx_hal_tim.o
    0x080031fe   0x080031fe   0x0000016c   Code   RO         2754    i.HAL_TIM_IRQHandler  stm32f4xx_hal_tim.o
    0x0800336a   0x0800336a   0x00000002   PAD
    0x0800336c   0x0800336c   0x0000005c   Code   RO          458    i.HAL_TIM_MspPostInit  tim.o
    0x080033c8   0x080033c8   0x00000002   Code   RO         2757    i.HAL_TIM_OC_DelayElapsedCallback  stm32f4xx_hal_tim.o
    0x080033ca   0x080033ca   0x00000104   Code   RO         2778    i.HAL_TIM_PWM_ConfigChannel  stm32f4xx_hal_tim.o
    0x080034ce   0x080034ce   0x00000066   Code   RO         2781    i.HAL_TIM_PWM_Init  stm32f4xx_hal_tim.o
    0x08003534   0x08003534   0x00000002   Code   RO         2783    i.HAL_TIM_PWM_MspInit  stm32f4xx_hal_tim.o
    0x08003536   0x08003536   0x00000002   Code   RO         2784    i.HAL_TIM_PWM_PulseFinishedCallback  stm32f4xx_hal_tim.o
    0x08003538   0x08003538   0x0000010c   Code   RO         2786    i.HAL_TIM_PWM_Start  stm32f4xx_hal_tim.o
    0x08003644   0x08003644   0x00000028   Code   RO           14    i.HAL_TIM_PeriodElapsedCallback  main.o
    0x0800366c   0x0800366c   0x00000002   Code   RO         2797    i.HAL_TIM_TriggerCallback  stm32f4xx_hal_tim.o
    0x0800366e   0x0800366e   0x00000002   Code   RO         3700    i.HAL_UARTEx_RxEventCallback  stm32f4xx_hal_uart.o
    0x08003670   0x08003670   0x00000002   Code   RO         3714    i.HAL_UART_ErrorCallback  stm32f4xx_hal_uart.o
    0x08003672   0x08003672   0x00000002   PAD
    0x08003674   0x08003674   0x000002e8   Code   RO         3717    i.HAL_UART_IRQHandler  stm32f4xx_hal_uart.o
    0x0800395c   0x0800395c   0x00000076   Code   RO         3718    i.HAL_UART_Init     stm32f4xx_hal_uart.o
    0x080039d2   0x080039d2   0x00000002   PAD
    0x080039d4   0x080039d4   0x000000dc   Code   RO          545    i.HAL_UART_MspInit  usart.o
    0x08003ab0   0x08003ab0   0x00000002   Code   RO         3724    i.HAL_UART_RxCpltCallback  stm32f4xx_hal_uart.o
    0x08003ab2   0x08003ab2   0x00000002   Code   RO         3729    i.HAL_UART_TxCpltCallback  stm32f4xx_hal_uart.o
    0x08003ab4   0x08003ab4   0x00000004   Code   RO          589    i.HardFault_Handler  stm32f4xx_it.o
    0x08003ab8   0x08003ab8   0x0000003e   Code   RO         2264    i.I2C_IsAcknowledgeFailed  stm32f4xx_hal_i2c.o
    0x08003af6   0x08003af6   0x00000002   PAD
    0x08003af8   0x08003af8   0x00000160   Code   RO         2275    i.I2C_RequestMemoryRead  stm32f4xx_hal_i2c.o
    0x08003c58   0x08003c58   0x000000e0   Code   RO         2276    i.I2C_RequestMemoryWrite  stm32f4xx_hal_i2c.o
    0x08003d38   0x08003d38   0x00000066   Code   RO         2284    i.I2C_WaitOnBTFFlagUntilTimeout  stm32f4xx_hal_i2c.o
    0x08003d9e   0x08003d9e   0x000000be   Code   RO         2285    i.I2C_WaitOnFlagUntilTimeout  stm32f4xx_hal_i2c.o
    0x08003e5c   0x08003e5c   0x000000fa   Code   RO         2286    i.I2C_WaitOnMasterAddressFlagUntilTimeout  stm32f4xx_hal_i2c.o
    0x08003f56   0x08003f56   0x0000008a   Code   RO         2287    i.I2C_WaitOnRXNEFlagUntilTimeout  stm32f4xx_hal_i2c.o
    0x08003fe0   0x08003fe0   0x00000066   Code   RO         2290    i.I2C_WaitOnTXEFlagUntilTimeout  stm32f4xx_hal_i2c.o
    0x08004046   0x08004046   0x00000002   PAD
    0x08004048   0x08004048   0x00000078   Code   RO         5823    i.INS_Init          app_ins.o
    0x080040c0   0x080040c0   0x0000002c   Code   RO         5752    i.Init_MPU9250      mpu_9250.o
    0x080040ec   0x080040ec   0x0000073c   Code   RO         5824    i.Ins_Task          app_ins.o
    0x08004828   0x08004828   0x00000118   Code   RO         5928    i.Kalman_Adjustment_H_K_R  alg_kalman.o
    0x08004940   0x08004940   0x00000662   Code   RO         5929    i.Kalman_FilterInit  alg_kalman.o
    0x08004fa2   0x08004fa2   0x00000038   Code   RO         5930    i.Kalman_FilterMeasure  alg_kalman.o
    0x08004fda   0x08004fda   0x00000068   Code   RO         5931    i.Kalman_FilterPUpdate  alg_kalman.o
    0x08005042   0x08005042   0x00000068   Code   RO         5932    i.Kalman_FilterPminusUpdate  alg_kalman.o
    0x080050aa   0x080050aa   0x000000d2   Code   RO         5933    i.Kalman_FilterSetK  alg_kalman.o
    0x0800517c   0x0800517c   0x00000114   Code   RO         5934    i.Kalman_FilterUpdate  alg_kalman.o
    0x08005290   0x08005290   0x0000007c   Code   RO         5935    i.Kalman_FilterxhatMinusUpdate  alg_kalman.o
    0x0800530c   0x0800530c   0x00000086   Code   RO         5936    i.Kalman_FilterxhatUpdate  alg_kalman.o
    0x08005392   0x08005392   0x00000002   PAD
    0x08005394   0x08005394   0x00000024   Code   RO         5753    i.MPU9250_ReadMagRegData  mpu_9250.o
    0x080053b8   0x080053b8   0x00000024   Code   RO         5754    i.MPU9250_ReadRegData  mpu_9250.o
    0x080053dc   0x080053dc   0x00000028   Code   RO         5755    i.MPU9250_WriteRegData  mpu_9250.o
    0x08005404   0x08005404   0x00000070   Code   RO          342    i.MX_ADC1_Init      adc.o
    0x08005474   0x08005474   0x00000038   Code   RO          382    i.MX_DMA_Init       dma.o
    0x080054ac   0x080054ac   0x00000060   Code   RO          287    i.MX_FREERTOS_Init  freertos.o
    0x0800550c   0x0800550c   0x00000130   Code   RO          263    i.MX_GPIO_Init      gpio.o
    0x0800563c   0x0800563c   0x0000003c   Code   RO          408    i.MX_I2C1_Init      i2c.o
    0x08005678   0x08005678   0x0000003c   Code   RO          409    i.MX_I2C2_Init      i2c.o
    0x080056b4   0x080056b4   0x0000007c   Code   RO          459    i.MX_TIM1_Init      tim.o
    0x08005730   0x08005730   0x000000d0   Code   RO          460    i.MX_TIM2_Init      tim.o
    0x08005800   0x08005800   0x0000007c   Code   RO          461    i.MX_TIM3_Init      tim.o
    0x0800587c   0x0800587c   0x0000007c   Code   RO          462    i.MX_TIM4_Init      tim.o
    0x080058f8   0x080058f8   0x00000080   Code   RO          463    i.MX_TIM8_Init      tim.o
    0x08005978   0x08005978   0x00000050   Code   RO          464    i.MX_TIM9_Init      tim.o
    0x080059c8   0x080059c8   0x00000038   Code   RO          546    i.MX_USART1_UART_Init  usart.o
    0x08005a00   0x08005a00   0x0000003c   Code   RO         6009    i.Math_InvSqrt      alg_math.o
    0x08005a3c   0x08005a3c   0x00000004   Code   RO          590    i.MemManage_Handler  stm32f4xx_it.o
    0x08005a40   0x08005a40   0x00000004   Code   RO          591    i.NMI_Handler       stm32f4xx_it.o
    0x08005a44   0x08005a44   0x00000374   Code   RO         5825    i.Param_Correction  app_ins.o
    0x08005db8   0x08005db8   0x00000238   Code   RO         6080    i.QuaternionEKF_F_Linearization_P_Fading  alg_quaternionekf.o
    0x08005ff0   0x08005ff0   0x00000130   Code   RO         6081    i.QuaternionEKF_Init  alg_quaternionekf.o
    0x08006120   0x08006120   0x00000034   Code   RO         6082    i.QuaternionEKF_Observe  alg_quaternionekf.o
    0x08006154   0x08006154   0x00000124   Code   RO         6083    i.QuaternionEKF_SetH  alg_quaternionekf.o
    0x08006278   0x08006278   0x0000063c   Code   RO         6084    i.QuaternionEKF_Update  alg_quaternionekf.o
    0x080068b4   0x080068b4   0x000004fc   Code   RO         6085    i.QuaternionEKF_xhatUpdate  alg_quaternionekf.o
    0x08006db0   0x08006db0   0x00000098   Code   RO         5756    i.READ_MPU9250_ACCEL  mpu_9250.o
    0x08006e48   0x08006e48   0x00000098   Code   RO         5757    i.READ_MPU9250_GYRO  mpu_9250.o
    0x08006ee0   0x08006ee0   0x00000144   Code   RO         5758    i.READ_MPU9250_MAG  mpu_9250.o
    0x08007024   0x08007024   0x0000000a   Code   RO          288    i.StartDefaultTask  freertos.o
    0x0800702e   0x0800702e   0x00000002   PAD
    0x08007030   0x08007030   0x00000034   Code   RO         5337    i.SysTick_Handler   port.o
    0x08007064   0x08007064   0x000000b4   Code   RO           15    i.SystemClock_Config  main.o
    0x08007118   0x08007118   0x00000014   Code   RO         4062    i.SystemInit        system_stm32f4xx.o
    0x0800712c   0x0800712c   0x00000018   Code   RO          592    i.TIM1_BRK_TIM9_IRQHandler  stm32f4xx_it.o
    0x08007144   0x08007144   0x00000010   Code   RO          593    i.TIM5_IRQHandler   stm32f4xx_it.o
    0x08007154   0x08007154   0x000000e8   Code   RO         2799    i.TIM_Base_SetConfig  stm32f4xx_hal_tim.o
    0x0800723c   0x0800723c   0x00000022   Code   RO         2800    i.TIM_CCxChannelCmd  stm32f4xx_hal_tim.o
    0x0800725e   0x0800725e   0x00000016   Code   RO         2810    i.TIM_ETR_SetConfig  stm32f4xx_hal_tim.o
    0x08007274   0x08007274   0x00000012   Code   RO         2811    i.TIM_ITRx_SetConfig  stm32f4xx_hal_tim.o
    0x08007286   0x08007286   0x00000002   PAD
    0x08007288   0x08007288   0x00000070   Code   RO         2812    i.TIM_OC1_SetConfig  stm32f4xx_hal_tim.o
    0x080072f8   0x080072f8   0x0000007c   Code   RO         2813    i.TIM_OC2_SetConfig  stm32f4xx_hal_tim.o
    0x08007374   0x08007374   0x00000078   Code   RO         2814    i.TIM_OC3_SetConfig  stm32f4xx_hal_tim.o
    0x080073ec   0x080073ec   0x00000054   Code   RO         2815    i.TIM_OC4_SetConfig  stm32f4xx_hal_tim.o
    0x08007440   0x08007440   0x00000026   Code   RO         2817    i.TIM_TI1_ConfigInputStage  stm32f4xx_hal_tim.o
    0x08007466   0x08007466   0x00000028   Code   RO         2819    i.TIM_TI2_ConfigInputStage  stm32f4xx_hal_tim.o
    0x0800748e   0x0800748e   0x00000014   Code   RO         3731    i.UART_DMAAbortOnError  stm32f4xx_hal_uart.o
    0x080074a2   0x080074a2   0x0000006c   Code   RO         3741    i.UART_EndRxTransfer  stm32f4xx_hal_uart.o
    0x0800750e   0x0800750e   0x00000020   Code   RO         3742    i.UART_EndTransmit_IT  stm32f4xx_hal_uart.o
    0x0800752e   0x0800752e   0x000000fc   Code   RO         3744    i.UART_Receive_IT   stm32f4xx_hal_uart.o
    0x0800762a   0x0800762a   0x00000002   PAD
    0x0800762c   0x0800762c   0x0000022c   Code   RO         3745    i.UART_SetConfig    stm32f4xx_hal_uart.o
    0x08007858   0x08007858   0x00000060   Code   RO         3748    i.UART_Transmit_IT  stm32f4xx_hal_uart.o
    0x080078b8   0x080078b8   0x00000014   Code   RO          594    i.USART1_IRQHandler  stm32f4xx_it.o
    0x080078cc   0x080078cc   0x00000008   Code   RO         5617    i.Uart_DMACurrentDataCounter  util_uart.o
    0x080078d4   0x080078d4   0x00000026   Code   RO         5619    i.Uart_InitUartDMA  util_uart.o
    0x080078fa   0x080078fa   0x00000042   Code   RO         5620    i.Uart_ReceiveDMA   util_uart.o
    0x0800793c   0x0800793c   0x00000038   Code   RO         5621    i.Uart_ReceiveHandler  util_uart.o
    0x08007974   0x08007974   0x00000050   Code   RO         5622    i.Uart_RxIdleCallback  util_uart.o
    0x080079c4   0x080079c4   0x00000004   Code   RO          595    i.UsageFault_Handler  stm32f4xx_it.o
    0x080079c8   0x080079c8   0x00000030   Code   RO        10550    i.__ARM_fpclassify  m_wm.l(fpclassify.o)
    0x080079f8   0x080079f8   0x00000026   Code   RO        10552    i.__ARM_fpclassifyf  m_wm.l(fpclassifyf.o)
    0x08007a1e   0x08007a1e   0x00000002   PAD
    0x08007a20   0x08007a20   0x00000010   Code   RO         1814    i.__NVIC_GetPriorityGrouping  stm32f4xx_hal_cortex.o
    0x08007a30   0x08007a30   0x00000028   Code   RO         1815    i.__NVIC_SetPriority  stm32f4xx_hal_cortex.o
    0x08007a58   0x08007a58   0x00000118   Code   RO        10039    i.__hardfp_acosf    m_wm.l(acosf.o)
    0x08007b70   0x08007b70   0x0000012c   Code   RO        10051    i.__hardfp_asinf    m_wm.l(asinf.o)
    0x08007c9c   0x08007c9c   0x00000004   PAD
    0x08007ca0   0x08007ca0   0x000002d8   Code   RO        10063    i.__hardfp_atan     m_wm.l(atan.o)
    0x08007f78   0x08007f78   0x000002ac   Code   RO        10077    i.__hardfp_atan2f   m_wm.l(atan2f.o)
    0x08008224   0x08008224   0x00000014   Code   RO        10115    i.__hardfp_fabs     m_wm.l(fabs.o)
    0x08008238   0x08008238   0x000000f8   Code   RO        10568    i.__kernel_poly     m_wm.l(poly.o)
    0x08008330   0x08008330   0x00000014   Code   RO        10537    i.__mathlib_dbl_infnan  m_wm.l(dunder.o)
    0x08008344   0x08008344   0x00000004   PAD
    0x08008348   0x08008348   0x00000020   Code   RO        10542    i.__mathlib_dbl_underflow  m_wm.l(dunder.o)
    0x08008368   0x08008368   0x00000006   Code   RO        10555    i.__mathlib_flt_infnan  m_wm.l(funder.o)
    0x0800836e   0x0800836e   0x00000006   Code   RO        10556    i.__mathlib_flt_infnan2  m_wm.l(funder.o)
    0x08008374   0x08008374   0x00000010   Code   RO        10557    i.__mathlib_flt_invalid  m_wm.l(funder.o)
    0x08008384   0x08008384   0x00000010   Code   RO        10560    i.__mathlib_flt_underflow  m_wm.l(funder.o)
    0x08008394   0x08008394   0x0000000e   Code   RO        10643    i.__scatterload_copy  mc_w.l(handlers.o)
    0x080083a2   0x080083a2   0x00000002   Code   RO        10644    i.__scatterload_null  mc_w.l(handlers.o)
    0x080083a4   0x080083a4   0x0000000e   Code   RO        10645    i.__scatterload_zeroinit  mc_w.l(handlers.o)
    0x080083b2   0x080083b2   0x00000002   PAD
    0x080083b4   0x080083b4   0x0000000c   Code   RO        10625    i.__set_errno       mc_w.l(errno.o)
    0x080083c0   0x080083c0   0x000000a4   Code   RO         7345    i.arm_cos_f32       fastmathfunctions.o
    0x08008464   0x08008464   0x00000038   Code   RO         8373    i.arm_mat_add_f32   matrixfunctions.o
    0x0800849c   0x0800849c   0x00000008   Code   RO         8379    i.arm_mat_init_f32  matrixfunctions.o
    0x080084a4   0x080084a4   0x00000270   Code   RO         8382    i.arm_mat_inverse_f32  matrixfunctions.o
    0x08008714   0x08008714   0x000000bc   Code   RO         8384    i.arm_mat_mult_f32  matrixfunctions.o
    0x080087d0   0x080087d0   0x00000038   Code   RO         8392    i.arm_mat_sub_f32   matrixfunctions.o
    0x08008808   0x08008808   0x00000044   Code   RO         8395    i.arm_mat_trans_f32  matrixfunctions.o
    0x0800884c   0x0800884c   0x000000a0   Code   RO         7348    i.arm_sin_f32       fastmathfunctions.o
    0x080088ec   0x080088ec   0x000000c8   Code   RO         5420    i.chassic_get_feed  chassic_task.o
    0x080089b4   0x080089b4   0x00000180   Code   RO         5421    i.chassic_init      chassic_task.o
    0x08008b34   0x08008b34   0x00000010   Code   RO         5422    i.chassic_mode_change  chassic_task.o
    0x08008b44   0x08008b44   0x000003f0   Code   RO         5423    i.chassic_send_output  chassic_task.o
    0x08008f34   0x08008f34   0x0000002c   Code   RO         5425    i.chassic_task      chassic_task.o
    0x08008f60   0x08008f60   0x00000018   Code   RO        10117    i.fabs              m_wm.l(fabs.o)
    0x08008f78   0x08008f78   0x00000080   Code   RO         5426    i.gc_map_set_encoder  chassic_task.o
    0x08008ff8   0x08008ff8   0x00000084   Code   RO           16    i.main              main.o
    0x0800907c   0x0800907c   0x0000000e   Code   RO         4902    i.makeFreeRtosPriority  cmsis_os.o
    0x0800908a   0x0800908a   0x00000002   PAD
    0x0800908c   0x0800908c   0x0000006c   Code   RO        10480    i.malloc            mc_w.l(malloc.o)
    0x080090f8   0x080090f8   0x00000064   Code   RO         5427    i.my_fabs           chassic_task.o
    0x0800915c   0x0800915c   0x00000018   Code   RO         4904    i.osDelay           cmsis_os.o
    0x08009174   0x08009174   0x0000000a   Code   RO         4907    i.osKernelStart     cmsis_os.o
    0x0800917e   0x0800917e   0x0000005e   Code   RO         4941    i.osThreadCreate    cmsis_os.o
    0x080091dc   0x080091dc   0x00000218   Code   RO         5578    i.pid_cal           pid.o
    0x080093f4   0x080093f4   0x00000006   Code   RO         5579    i.pid_get_output    pid.o
    0x080093fa   0x080093fa   0x00000002   PAD
    0x080093fc   0x080093fc   0x00000040   Code   RO         5580    i.pid_init          pid.o
    0x0800943c   0x0800943c   0x00000098   Code   RO         4573    i.prvAddCurrentTaskToDelayedList  tasks.o
    0x080094d4   0x080094d4   0x000000b4   Code   RO         4574    i.prvAddNewTaskToReadyList  tasks.o
    0x08009588   0x08009588   0x00000048   Code   RO         4575    i.prvCheckTasksWaitingTermination  tasks.o
    0x080095d0   0x080095d0   0x00000050   Code   RO         4576    i.prvDeleteTCB      tasks.o
    0x08009620   0x08009620   0x0000007c   Code   RO         5269    i.prvHeapInit       heap_4.o
    0x0800969c   0x0800969c   0x00000028   Code   RO         4577    i.prvIdleTask       tasks.o
    0x080096c4   0x080096c4   0x000000b4   Code   RO         4578    i.prvInitialiseNewTask  tasks.o
    0x08009778   0x08009778   0x00000068   Code   RO         4579    i.prvInitialiseTaskLists  tasks.o
    0x080097e0   0x080097e0   0x00000068   Code   RO         5270    i.prvInsertBlockIntoFreeList  heap_4.o
    0x08009848   0x08009848   0x00000034   Code   RO         4580    i.prvResetNextTaskUnblockTime  tasks.o
    0x0800987c   0x0800987c   0x00000040   Code   RO         5338    i.prvTaskExitError  port.o
    0x080098bc   0x080098bc   0x0000014c   Code   RO         5271    i.pvPortMalloc      heap_4.o
    0x08009a08   0x08009a08   0x0000002c   Code   RO         5339    i.pxPortInitialiseStack  port.o
    0x08009a34   0x08009a34   0x0000003e   Code   RO        10584    i.sqrtf             m_wm.l(sqrtf.o)
    0x08009a72   0x08009a72   0x00000002   PAD
    0x08009a74   0x08009a74   0x000001cc   Code   RO         5428    i.task_mode_change  chassic_task.o
    0x08009c40   0x08009c40   0x000000b4   Code   RO         5429    i.tyres_get_output  chassic_task.o
    0x08009cf4   0x08009cf4   0x00000002   Code   RO         5626    i.uart_decode_data  util_uart.o
    0x08009cf6   0x08009cf6   0x00000028   Code   RO         4199    i.uxListRemove      list.o
    0x08009d1e   0x08009d1e   0x00000002   PAD
    0x08009d20   0x08009d20   0x00000018   Code   RO          289    i.vApplicationGetIdleTaskMemory  freertos.o
    0x08009d38   0x08009d38   0x0000001a   Code   RO         4200    i.vListInitialise   list.o
    0x08009d52   0x08009d52   0x00000006   Code   RO         4201    i.vListInitialiseItem  list.o
    0x08009d58   0x08009d58   0x00000034   Code   RO         4202    i.vListInsert       list.o
    0x08009d8c   0x08009d8c   0x00000018   Code   RO         4203    i.vListInsertEnd    list.o
    0x08009da4   0x08009da4   0x00000054   Code   RO         5341    i.vPortEnterCritical  port.o
    0x08009df8   0x08009df8   0x0000003c   Code   RO         5342    i.vPortExitCritical  port.o
    0x08009e34   0x08009e34   0x000000a4   Code   RO         5272    i.vPortFree         heap_4.o
    0x08009ed8   0x08009ed8   0x00000028   Code   RO         5343    i.vPortSetupTimerInterrupt  port.o
    0x08009f00   0x08009f00   0x0000005c   Code   RO         4589    i.vTaskDelay        tasks.o
    0x08009f5c   0x08009f5c   0x000000b0   Code   RO         4602    i.vTaskStartScheduler  tasks.o
    0x0800a00c   0x0800a00c   0x00000010   Code   RO         4604    i.vTaskSuspendAll   tasks.o
    0x0800a01c   0x0800a01c   0x0000008c   Code   RO         4605    i.vTaskSwitchContext  tasks.o
    0x0800a0a8   0x0800a0a8   0x00000168   Code   RO         5345    i.xPortStartScheduler  port.o
    0x0800a210   0x0800a210   0x00000064   Code   RO         4608    i.xTaskCreate       tasks.o
    0x0800a274   0x0800a274   0x000000ba   Code   RO         4609    i.xTaskCreateStatic  tasks.o
    0x0800a32e   0x0800a32e   0x00000002   PAD
    0x0800a330   0x0800a330   0x00000148   Code   RO         4616    i.xTaskIncrementTick  tasks.o
    0x0800a478   0x0800a478   0x00000104   Code   RO         4622    i.xTaskResumeAll    tasks.o
    0x0800a57c   0x0800a57c   0x00000054   Data   RO          291    .constdata          freertos.o
    0x0800a5d0   0x0800a5d0   0x00000008   Data   RO         1528    .constdata          stm32f4xx_hal_dma.o
    0x0800a5d8   0x0800a5d8   0x00000018   Data   RO         4063    .constdata          system_stm32f4xx.o
    0x0800a5f0   0x0800a5f0   0x00000030   Data   RO         5829    .constdata          app_ins.o
    0x0800a620   0x0800a620   0x0000061c   Data   RO         6216    .constdata          sys_const.o
    0x0800ac3c   0x0800ac3c   0x00000004   PAD
    0x0800ac40   0x0800ac40   0x000e0b34   Data   RO         6814    .constdata          commontables.o
    0x080eb774   0x080eb774   0x00000004   PAD
    0x080eb778   0x080eb778   0x00000098   Data   RO        10066    .constdata          m_wm.l(atan.o)
    0x080eb810   0x080eb810   0x00000028   Data   RO          292    .conststring        freertos.o
    0x080eb838   0x080eb838   0x00000020   Data   RO        10641    Region$$Table       anon$$obj.o


    Execution Region RW_IRAM1 (Exec base: 0x20000000, Load base: 0x080eb858, Size: 0x00005380, Max: 0x0001c000, ABSOLUTE, COMPRESSED[0x00000040])

    Exec Addr    Load Addr    Size         Type   Attr      Idx    E Section Name        Object

    0x20000000   COMPRESSED   0x0000000c   Data   RW          293    .data               freertos.o
    0x2000000c   COMPRESSED   0x00000009   Data   RW         1978    .data               stm32f4xx_hal.o
    0x20000015   COMPRESSED   0x00000003   PAD
    0x20000018   COMPRESSED   0x00000004   Data   RW         4064    .data               system_stm32f4xx.o
    0x2000001c   COMPRESSED   0x0000003c   Data   RW         4625    .data               tasks.o
    0x20000058   COMPRESSED   0x00000020   Data   RW         5278    .data               heap_4.o
    0x20000078   COMPRESSED   0x0000000c   Data   RW         5346    .data               port.o
    0x20000084   COMPRESSED   0x00000005   Data   RW         5431    .data               chassic_task.o
    0x20000089   COMPRESSED   0x00000007   PAD
    0x20000090   COMPRESSED   0x00000048   Data   RW         5759    .data               mpu_9250.o
    0x200000d8   COMPRESSED   0x0000006c   Data   RW         5830    .data               app_ins.o
    0x20000144   COMPRESSED   0x00000044   Data   RW         6087    .data               alg_quaternionekf.o
    0x20000188   COMPRESSED   0x00000040   Data   RW         6151    .data               sys_dwt.o
    0x200001c8   COMPRESSED   0x000000b0   Data   RW         6217    .data               sys_const.o
    0x20000278   COMPRESSED   0x00000004   Data   RW        10621    .data               mc_w.l(mvars.o)
    0x2000027c   COMPRESSED   0x00000004   Data   RW        10622    .data               mc_w.l(mvars.o)
    0x20000280   COMPRESSED   0x00000004   Data   RW        10626    .data               mc_w.l(errno.o)
    0x20000284        -       0x00000036   Zero   RW           17    .bss                main.o
    0x200002ba   COMPRESSED   0x00000002   PAD
    0x200002bc        -       0x00000254   Zero   RW          290    .bss                freertos.o
    0x20000510        -       0x00000048   Zero   RW          343    .bss                adc.o
    0x20000558        -       0x000000a8   Zero   RW          410    .bss                i2c.o
    0x20000600        -       0x000001b0   Zero   RW          465    .bss                tim.o
    0x200007b0        -       0x000000a8   Zero   RW          547    .bss                usart.o
    0x20000858        -       0x00000048   Zero   RW          695    .bss                stm32f4xx_hal_timebase_tim.o
    0x200008a0        -       0x000000f0   Zero   RW         4624    .bss                tasks.o
    0x20000990        -       0x00003c00   Zero   RW         5277    .bss                heap_4.o
    0x20004590        -       0x000002e0   Zero   RW         5430    .bss                chassic_task.o
    0x20004870        -       0x0000009c   Zero   RW         5828    .bss                app_ins.o
    0x2000490c   COMPRESSED   0x00000004   PAD
    0x20004910        -       0x00000270   Zero   RW         6086    .bss                alg_quaternionekf.o
    0x20004b80        -       0x00000400   Zero   RW            2    HEAP                startup_stm32f407xx.o
    0x20004f80        -       0x00000400   Zero   RW            1    STACK               startup_stm32f407xx.o


    Execution Region RW_IRAM2 (Exec base: 0x2001c000, Load base: 0x080eb898, Size: 0x00000000, Max: 0x00004000, ABSOLUTE)

    **** No section assigned to this execution region ****


==============================================================================

Image component sizes


      Code (inc. data)   RO Data    RW Data    ZI Data      Debug   Object Name

       240         26          0          0         72       1653   adc.o
      2922          0          0          0          0       6173   alg_kalman.o
        60          4          0          0          0        591   alg_math.o
      4088        222          0         68        624       7158   alg_quaternionekf.o
      3548        286         48        108        156      24191   app_ins.o
      2924        264          0          5        736       8889   chassic_task.o
       142          0          0          0          0      22863   cmsis_os.o
         0          0     920372          0          0      13459   commontables.o
        56          4          0          0          0        730   dma.o
         0          0          0          0          0      16824   event_groups.o
       324         28          0          0          0       1612   fastmathfunctions.o
       130         28        124         12        596       2656   freertos.o
       304         12          0          0          0       1083   gpio.o
       724         74          0         32      15360       7299   heap_4.o
       364         40          0          0        168       2222   i2c.o
       148          0          0          0          0       3466   list.o
       358         38          0          0         54     748392   main.o
      1000         12          0          0          0      25304   matrixfunctions.o
       784         94          0         72          0       4864   mpu_9250.o
       606         20          0          0          0       2582   pid.o
       894         78          0         12          0      10964   port.o
        36          8        392          0       2048        820   startup_stm32f407xx.o
       136         24          0          9          0       8606   stm32f4xx_hal.o
       852         28          0          0          0       2679   stm32f4xx_hal_adc.o
       260         22          0          0          0      33458   stm32f4xx_hal_cortex.o
      1392         16          8          0          0       6811   stm32f4xx_hal_dma.o
       512         46          0          0          0       2060   stm32f4xx_hal_gpio.o
      3016         48          0          0          0      11678   stm32f4xx_hal_i2c.o
        84          6          0          0          0        826   stm32f4xx_hal_msp.o
      1888         94          0          0          0       6133   stm32f4xx_hal_rcc.o
      2770        142          0          0          0      18199   stm32f4xx_hal_tim.o
       184         30          0          0          0       2461   stm32f4xx_hal_tim_ex.o
       180         20          0          0         72       1415   stm32f4xx_hal_timebase_tim.o
      1934         14          0          0          0       9364   stm32f4xx_hal_uart.o
        98         24          0          0          0       4660   stm32f4xx_it.o
         0          0          0          0          0        392   stream_buffer.o
         0          0       1564        176          0       4696   sys_const.o
       228         50          0         64          0       2658   sys_dwt.o
        20          6         24          4          0       1079   system_stm32f4xx.o
      2158        270          0         60        240      20113   tasks.o
      1492        104          0          0        432       6595   tim.o
       276         32          0          0        168       1717   usart.o
       250          6          0          0          0       3645   util_uart.o

    ----------------------------------------------------------------------
     37420       2220     922572        632      20732    1063040   Object Totals
         0          0         32          0          0          0   (incl. Generated)
        38          0          8         10          6          0   (incl. Padding)

    ----------------------------------------------------------------------

      Code (inc. data)   RO Data    RW Data    ZI Data      Debug   Library Member Name

       280         46          0          0          0        176   acosf.o
       300         42          0          0          0        176   asinf.o
       728        106        152          0          0        228   atan.o
       684         90          0          0          0        208   atan2f.o
        52          8          0          0          0        248   dunder.o
        44          0          0          0          0        248   fabs.o
        48          0          0          0          0        124   fpclassify.o
        38          0          0          0          0        116   fpclassifyf.o
        44         12          0          0          0        464   funder.o
       248          0          0          0          0        152   poly.o
        62          0          0          0          0        136   sqrtf.o
        86          0          0          0          0          0   __dczerorl2.o
         0          0          0          0          0          0   entry.o
         0          0          0          0          0          0   entry10a.o
         0          0          0          0          0          0   entry11a.o
         4          0          0          0          0          0   entry12b.o
         8          4          0          0          0          0   entry2.o
         4          0          0          0          0          0   entry5.o
         0          0          0          0          0          0   entry7b.o
         0          0          0          0          0          0   entry8b.o
         8          4          0          0          0          0   entry9a.o
        12          6          0          4          0         68   errno.o
        30          0          0          0          0          0   handlers.o
        36          8          0          0          0         68   init.o
         0          0          0          0          0          0   iusefp.o
        30          0          0          0          0         68   llshl.o
        36          0          0          0          0         68   llsshr.o
        32          0          0          0          0         68   llushr.o
       108         16          0          0          0         84   malloc.o
        36          0          0          0          0         68   memcpya.o
        36          0          0          0          0        108   memseta.o
         0          0          0          8          0          0   mvars.o
        98          0          0          0          0         92   uldiv.o
        48          0          0          0          0         68   cdcmple.o
        48          0          0          0          0         68   cdrcmple.o
        56          0          0          0          0         88   d2f.o
       334          0          0          0          0        148   dadd.o
       222          0          0          0          0        100   ddiv.o
       186          0          0          0          0        176   depilogue.o
        62          0          0          0          0         80   dfixi.o
        50          0          0          0          0         76   dfixui.o
        34          0          0          0          0         76   dflti.o
        26          0          0          0          0         76   dfltui.o
       228          0          0          0          0         96   dmul.o
        38          0          0          0          0         68   f2d.o
       110          0          0          0          0        168   fepilogue.o

    ----------------------------------------------------------------------
      4552        346        152         12          0       4256   Library Totals
        18          4          0          0          0          0   (incl. Padding)

    ----------------------------------------------------------------------

      Code (inc. data)   RO Data    RW Data    ZI Data      Debug   Library Name

      2528        304        152          0          0       2276   m_wm.l
       564         38          0         12          0        692   mc_w.l
      1442          0          0          0          0       1288   mf_w.l

    ----------------------------------------------------------------------
      4552        346        152         12          0       4256   Library Totals

    ----------------------------------------------------------------------

==============================================================================


      Code (inc. data)   RO Data    RW Data    ZI Data      Debug   

     41972       2566     922724        644      20732    1045192   Grand Totals
     41972       2566     922724         64      20732    1045192   ELF Image Totals (compressed)
     41972       2566     922724         64          0          0   ROM Totals

==============================================================================

    Total RO  Size (Code + RO Data)               964696 ( 942.09kB)
    Total RW  Size (RW Data + ZI Data)             21376 (  20.88kB)
    Total ROM Size (Code + RO Data + RW Data)     964760 ( 942.15kB)

==============================================================================

